Archive member included to satisfy reference by file (symbol)

C:/ST/STM32CubeIDE_2.2.0/STM32CubeIDE/plugins/com.st.stm32cube.ide.mcu.externaltools.gnu-tools-for-stm32.14.3.rel1.win32_1.0.100.202602081740/tools/bin/../lib/gcc/arm-none-eabi/14.3.1/../../../../arm-none-eabi/lib/thumb/v7e-m+fp/hard\libc_nano.a(libc_a-exit.o)
                              C:/ST/STM32CubeIDE_2.2.0/STM32CubeIDE/plugins/com.st.stm32cube.ide.mcu.externaltools.gnu-tools-for-stm32.14.3.rel1.win32_1.0.100.202602081740/tools/bin/../lib/gcc/arm-none-eabi/14.3.1/../../../../arm-none-eabi/lib/thumb/v7e-m+fp/hard/crt0.o (exit)
C:/ST/STM32CubeIDE_2.2.0/STM32CubeIDE/plugins/com.st.stm32cube.ide.mcu.externaltools.gnu-tools-for-stm32.14.3.rel1.win32_1.0.100.202602081740/tools/bin/../lib/gcc/arm-none-eabi/14.3.1/../../../../arm-none-eabi/lib/thumb/v7e-m+fp/hard\libc_nano.a(libc_a-findfp.o)
                              C:/ST/STM32CubeIDE_2.2.0/STM32CubeIDE/plugins/com.st.stm32cube.ide.mcu.externaltools.gnu-tools-for-stm32.14.3.rel1.win32_1.0.100.202602081740/tools/bin/../lib/gcc/arm-none-eabi/14.3.1/../../../../arm-none-eabi/lib/thumb/v7e-m+fp/hard\libc_nano.a(libc_a-exit.o) (__stdio_exit_handler)
C:/ST/STM32CubeIDE_2.2.0/STM32CubeIDE/plugins/com.st.stm32cube.ide.mcu.externaltools.gnu-tools-for-stm32.14.3.rel1.win32_1.0.100.202602081740/tools/bin/../lib/gcc/arm-none-eabi/14.3.1/../../../../arm-none-eabi/lib/thumb/v7e-m+fp/hard\libc_nano.a(libc_a-fwalk.o)
                              C:/ST/STM32CubeIDE_2.2.0/STM32CubeIDE/plugins/com.st.stm32cube.ide.mcu.externaltools.gnu-tools-for-stm32.14.3.rel1.win32_1.0.100.202602081740/tools/bin/../lib/gcc/arm-none-eabi/14.3.1/../../../../arm-none-eabi/lib/thumb/v7e-m+fp/hard\libc_nano.a(libc_a-findfp.o) (_fwalk_sglue)
C:/ST/STM32CubeIDE_2.2.0/STM32CubeIDE/plugins/com.st.stm32cube.ide.mcu.externaltools.gnu-tools-for-stm32.14.3.rel1.win32_1.0.100.202602081740/tools/bin/../lib/gcc/arm-none-eabi/14.3.1/../../../../arm-none-eabi/lib/thumb/v7e-m+fp/hard\libc_nano.a(libc_a-stdio.o)
                              C:/ST/STM32CubeIDE_2.2.0/STM32CubeIDE/plugins/com.st.stm32cube.ide.mcu.externaltools.gnu-tools-for-stm32.14.3.rel1.win32_1.0.100.202602081740/tools/bin/../lib/gcc/arm-none-eabi/14.3.1/../../../../arm-none-eabi/lib/thumb/v7e-m+fp/hard\libc_nano.a(libc_a-findfp.o) (__sread)
C:/ST/STM32CubeIDE_2.2.0/STM32CubeIDE/plugins/com.st.stm32cube.ide.mcu.externaltools.gnu-tools-for-stm32.14.3.rel1.win32_1.0.100.202602081740/tools/bin/../lib/gcc/arm-none-eabi/14.3.1/../../../../arm-none-eabi/lib/thumb/v7e-m+fp/hard\libc_nano.a(libc_a-memset.o)
                              C:/ST/STM32CubeIDE_2.2.0/STM32CubeIDE/plugins/com.st.stm32cube.ide.mcu.externaltools.gnu-tools-for-stm32.14.3.rel1.win32_1.0.100.202602081740/tools/bin/../lib/gcc/arm-none-eabi/14.3.1/../../../../arm-none-eabi/lib/thumb/v7e-m+fp/hard/crt0.o (memset)
C:/ST/STM32CubeIDE_2.2.0/STM32CubeIDE/plugins/com.st.stm32cube.ide.mcu.externaltools.gnu-tools-for-stm32.14.3.rel1.win32_1.0.100.202602081740/tools/bin/../lib/gcc/arm-none-eabi/14.3.1/../../../../arm-none-eabi/lib/thumb/v7e-m+fp/hard\libc_nano.a(libc_a-closer.o)
                              C:/ST/STM32CubeIDE_2.2.0/STM32CubeIDE/plugins/com.st.stm32cube.ide.mcu.externaltools.gnu-tools-for-stm32.14.3.rel1.win32_1.0.100.202602081740/tools/bin/../lib/gcc/arm-none-eabi/14.3.1/../../../../arm-none-eabi/lib/thumb/v7e-m+fp/hard\libc_nano.a(libc_a-stdio.o) (_close_r)
C:/ST/STM32CubeIDE_2.2.0/STM32CubeIDE/plugins/com.st.stm32cube.ide.mcu.externaltools.gnu-tools-for-stm32.14.3.rel1.win32_1.0.100.202602081740/tools/bin/../lib/gcc/arm-none-eabi/14.3.1/../../../../arm-none-eabi/lib/thumb/v7e-m+fp/hard\libc_nano.a(libc_a-reent.o)
                              C:/ST/STM32CubeIDE_2.2.0/STM32CubeIDE/plugins/com.st.stm32cube.ide.mcu.externaltools.gnu-tools-for-stm32.14.3.rel1.win32_1.0.100.202602081740/tools/bin/../lib/gcc/arm-none-eabi/14.3.1/../../../../arm-none-eabi/lib/thumb/v7e-m+fp/hard\libc_nano.a(libc_a-closer.o) (errno)
C:/ST/STM32CubeIDE_2.2.0/STM32CubeIDE/plugins/com.st.stm32cube.ide.mcu.externaltools.gnu-tools-for-stm32.14.3.rel1.win32_1.0.100.202602081740/tools/bin/../lib/gcc/arm-none-eabi/14.3.1/../../../../arm-none-eabi/lib/thumb/v7e-m+fp/hard\libc_nano.a(libc_a-impure.o)
                              C:/ST/STM32CubeIDE_2.2.0/STM32CubeIDE/plugins/com.st.stm32cube.ide.mcu.externaltools.gnu-tools-for-stm32.14.3.rel1.win32_1.0.100.202602081740/tools/bin/../lib/gcc/arm-none-eabi/14.3.1/../../../../arm-none-eabi/lib/thumb/v7e-m+fp/hard\libc_nano.a(libc_a-reent.o) (_impure_ptr)
C:/ST/STM32CubeIDE_2.2.0/STM32CubeIDE/plugins/com.st.stm32cube.ide.mcu.externaltools.gnu-tools-for-stm32.14.3.rel1.win32_1.0.100.202602081740/tools/bin/../lib/gcc/arm-none-eabi/14.3.1/../../../../arm-none-eabi/lib/thumb/v7e-m+fp/hard\libc_nano.a(libc_a-lseekr.o)
[...]
Memory Configuration

Name             Origin             Length             Attributes
CCMRAM           0x10000000         0x00010000         xrw
RAM              0x20000000         0x00020000         xrw
FLASH            0x08000000         0x00080000         xr
*default*        0x00000000         0xffffffff

Linker script and memory map

LOAD C:/ST/STM32CubeIDE_2.2.0/STM32CubeIDE/plugins/com.st.stm32cube.ide.mcu.externaltools.gnu-tools-for-stm32.14.3.rel1.win32_1.0.100.202602081740/tools/bin/../lib/gcc/arm-none-eabi/14.3.1/thumb/v7e-m+fp/hard/crti.o
LOAD C:/ST/STM32CubeIDE_2.2.0/STM32CubeIDE/plugins/com.st.stm32cube.ide.mcu.externaltools.gnu-tools-for-stm32.14.3.rel1.win32_1.0.100.202602081740/tools/bin/../lib/gcc/arm-none-eabi/14.3.1/thumb/v7e-m+fp/hard/crtbegin.o
LOAD C:/ST/STM32CubeIDE_2.2.0/STM32CubeIDE/plugins/com.st.stm32cube.ide.mcu.externaltools.gnu-tools-for-stm32.14.3.rel1.win32_1.0.100.202602081740/tools/bin/../lib/gcc/arm-none-eabi/14.3.1/../../../../arm-none-eabi/lib/thumb/v7e-m+fp/hard/crt0.o
LOAD ./Core/Src/PID.o
LOAD ./Core/Src/bsp.o
LOAD ./Core/Src/crc.o
LOAD ./Core/Src/dma.o
LOAD ./Core/Src/esc.o
LOAD ./Core/Src/gpio.o
LOAD ./Core/Src/main.o
LOAD ./Core/Src/rtc.o
LOAD ./Core/Src/sdio.o
LOAD ./Core/Src/servo.o
LOAD ./Core/Src/sigma.o
LOAD ./Core/Src/stm32f4xx_hal_msp.o
LOAD ./Core/Src/stm32f4xx_it.o
LOAD ./Core/Src/syscalls.o
LOAD ./Core/Src/sysmem.o
LOAD ./Core/Src/system_stm32f4xx.o
LOAD ./Core/Src/tim.o
LOAD ./Core/Src/time_date.o
LOAD ./Core/Src/usart.o
LOAD ./Core/Startup/startup_stm32f407vetx.o
LOAD ./Core/qpc/ports/arm-cm/qv/gnu/qv_port.o
LOAD ./Core/qpc/src/qf/qep_hsm.o
LOAD ./Core/qpc/src/qf/qep_msm.o
LOAD ./Core/qpc/src/qf/qf_act.o
LOAD ./Core/qpc/src/qf/qf_actq.o
LOAD ./Core/qpc/src/qf/qf_defer.o
LOAD ./Core/qpc/src/qf/qf_dyn.o
LOAD ./Core/qpc/src/qf/qf_mem.o
LOAD ./Core/qpc/src/qf/qf_ps.o
LOAD ./Core/qpc/src/qf/qf_qact.o
LOAD ./Core/qpc/src/qf/qf_qeq.o
LOAD ./Core/qpc/src/qf/qf_qmact.o
LOAD ./Core/qpc/src/qf/qf_time.o
LOAD ./Core/qpc/src/qv/qv.o
LOAD ./Drivers/STM32F4xx_HAL_Driver/Src/stm32f4xx_hal.o
LOAD ./Drivers/STM32F4xx_HAL_Driver/Src/stm32f4xx_hal_cortex.o
LOAD ./Drivers/STM32F4xx_HAL_Driver/Src/stm32f4xx_hal_crc.o
LOAD ./Drivers/STM32F4xx_HAL_Driver/Src/stm32f4xx_hal_dma.o
LOAD ./Drivers/STM32F4xx_HAL_Driver/Src/stm32f4xx_hal_dma_ex.o
LOAD ./Drivers/STM32F4xx_HAL_Driver/Src/stm32f4xx_hal_exti.o
LOAD ./Drivers/STM32F4xx_HAL_Driver/Src/stm32f4xx_hal_flash.o
LOAD ./Drivers/STM32F4xx_HAL_Driver/Src/stm32f4xx_hal_flash_ex.o
LOAD ./Drivers/STM32F4xx_HAL_Driver/Src/stm32f4xx_hal_flash_ramfunc.o
LOAD ./Drivers/STM32F4xx_HAL_Driver/Src/stm32f4xx_hal_gpio.o
LOAD ./Drivers/STM32F4xx_HAL_Driver/Src/stm32f4xx_hal_mmc.o
LOAD ./Drivers/STM32F4xx_HAL_Driver/Src/stm32f4xx_hal_pwr.o
LOAD ./Drivers/STM32F4xx_HAL_Driver/Src/stm32f4xx_hal_pwr_ex.o
LOAD ./Drivers/STM32F4xx_HAL_Driver/Src/stm32f4xx_hal_rcc.o
LOAD ./Drivers/STM32F4xx_HAL_Driver/Src/stm32f4xx_hal_rcc_ex.o
LOAD ./Drivers/STM32F4xx_HAL_Driver/Src/stm32f4xx_hal_rtc.o
LOAD ./Drivers/STM32F4xx_HAL_Driver/Src/stm32f4xx_hal_rtc_ex.o
LOAD ./Drivers/STM32F4xx_HAL_Driver/Src/stm32f4xx_hal_sd.o
LOAD ./Drivers/STM32F4xx_HAL_Driver/Src/stm32f4xx_hal_tim.o
LOAD ./Drivers/STM32F4xx_HAL_Driver/Src/stm32f4xx_hal_tim_ex.o
LOAD ./Drivers/STM32F4xx_HAL_Driver/Src/stm32f4xx_hal_uart.o
LOAD ./Drivers/STM32F4xx_HAL_Driver/Src/stm32f4xx_ll_sdmmc.o
LOAD ./FATFS/App/fatfs.o
LOAD ./FATFS/Target/bsp_driver_sd.o
LOAD ./FATFS/Target/fatfs_platform.o
LOAD ./FATFS/Target/sd_diskio.o
LOAD ./Middlewares/Third_Party/FatFs/src/diskio.o
LOAD ./Middlewares/Third_Party/FatFs/src/ff.o
LOAD ./Middlewares/Third_Party/FatFs/src/ff_gen_drv.o
LOAD ./Middlewares/Third_Party/FatFs/src/option/syscall.o
START GROUP
LOAD C:/ST/STM32CubeIDE_2.2.0/STM32CubeIDE/plugins/com.st.stm32cube.ide.mcu.externaltools.gnu-tools-for-stm32.14.3.rel1.win32_1.0.100.202602081740/tools/bin/../lib/gcc/arm-none-eabi/14.3.1/../../../../arm-none-eabi/lib/thumb/v7e-m+fp/hard\libc_nano.a
LOAD C:/ST/STM32CubeIDE_2.2.0/STM32CubeIDE/plugins/com.st.stm32cube.ide.mcu.externaltools.gnu-tools-for-stm32.14.3.rel1.win32_1.0.100.202602081740/tools/bin/../lib/gcc/arm-none-eabi/14.3.1/../../../../arm-none-eabi/lib/thumb/v7e-m+fp/hard\libm.a
END GROUP
START GROUP
LOAD C:/ST/STM32CubeIDE_2.2.0/STM32CubeIDE/plugins/com.st.stm32cube.ide.mcu.externaltools.gnu-tools-for-stm32.14.3.rel1.win32_1.0.100.202602081740/tools/bin/../lib/gcc/arm-none-eabi/14.3.1/thumb/v7e-m+fp/hard\libgcc.a
LOAD C:/ST/STM32CubeIDE_2.2.0/STM32CubeIDE/plugins/com.st.stm32cube.ide.mcu.externaltools.gnu-tools-for-stm32.14.3.rel1.win32_1.0.100.202602081740/tools/bin/../lib/gcc/arm-none-eabi/14.3.1/../../../../arm-none-eabi/lib/thumb/v7e-m+fp/hard\libc_nano.a
END GROUP
START GROUP
LOAD C:/ST/STM32CubeIDE_2.2.0/STM32CubeIDE/plugins/com.st.stm32cube.ide.mcu.externaltools.gnu-tools-for-stm32.14.3.rel1.win32_1.0.100.202602081740/tools/bin/../lib/gcc/arm-none-eabi/14.3.1/thumb/v7e-m+fp/hard\libgcc.a
LOAD C:/ST/STM32CubeIDE_2.2.0/STM32CubeIDE/plugins/com.st.stm32cube.ide.mcu.externaltools.gnu-tools-for-stm32.14.3.rel1.win32_1.0.100.202602081740/tools/bin/../lib/gcc/arm-none-eabi/14.3.1/../../../../arm-none-eabi/lib/thumb/v7e-m+fp/hard\libc_nano.a
LOAD C:/ST/STM32CubeIDE_2.2.0/STM32CubeIDE/plugins/com.st.stm32cube.ide.mcu.externaltools.gnu-tools-for-stm32.14.3.rel1.win32_1.0.100.202602081740/tools/bin/../lib/gcc/arm-none-eabi/14.3.1/../../../../arm-none-eabi/lib/thumb/v7e-m+fp/hard\libnosys.a
END GROUP
START GROUP
LOAD C:/ST/STM32CubeIDE_2.2.0/STM32CubeIDE/plugins/com.st.stm32cube.ide.mcu.externaltools.gnu-tools-for-stm32.14.3.rel1.win32_1.0.100.202602081740/tools/bin/../lib/gcc/arm-none-eabi/14.3.1/thumb/v7e-m+fp/hard\libgcc.a
LOAD C:/ST/STM32CubeIDE_2.2.0/STM32CubeIDE/plugins/com.st.stm32cube.ide.mcu.externaltools.gnu-tools-for-stm32.14.3.rel1.win32_1.0.100.202602081740/tools/bin/../lib/gcc/arm-none-eabi/14.3.1/../../../../arm-none-eabi/lib/thumb/v7e-m+fp/hard\libc_nano.a
LOAD C:/ST/STM32CubeIDE_2.2.0/STM32CubeIDE/plugins/com.st.stm32cube.ide.mcu.externaltools.gnu-tools-for-stm32.14.3.rel1.win32_1.0.100.202602081740/tools/bin/../lib/gcc/arm-none-eabi/14.3.1/../../../../arm-none-eabi/lib/thumb/v7e-m+fp/hard\libnosys.a
END GROUP
LOAD C:/ST/STM32CubeIDE_2.2.0/STM32CubeIDE/plugins/com.st.stm32cube.ide.mcu.externaltools.gnu-tools-for-stm32.14.3.rel1.win32_1.0.100.202602081740/tools/bin/../lib/gcc/arm-none-eabi/14.3.1/thumb/v7e-m+fp/hard/crtend.o
LOAD C:/ST/STM32CubeIDE_2.2.0/STM32CubeIDE/plugins/com.st.stm32cube.ide.mcu.externaltools.gnu-tools-for-stm32.14.3.rel1.win32_1.0.100.202602081740/tools/bin/../lib/gcc/arm-none-eabi/14.3.1/thumb/v7e-m+fp/hard/crtn.o
                0x20020000                        _estack = (ORIGIN (RAM) + LENGTH (RAM))
                0x00000200                        _Min_Heap_Size = 0x200
                0x00000400                        _Min_Stack_Size = 0x400

.isr_vector     0x08000000      0x188
                0x08000000                        . = ALIGN (0x4)
 *(.isr_vector)
 .isr_vector    0x08000000      0x188 ./Core/Startup/startup_stm32f407vetx.o
                0x08000000                g_pfnVectors
                0x08000188                        . = ALIGN (0x4)

.text           0x08000188     0x9dfc
                0x08000188                        . = ALIGN (0x4)
 *(.text)
 .text          0x08000188       0x40 C:/ST/STM32CubeIDE_2.2.0/STM32CubeIDE/plugins/com.st.stm32cube.ide.mcu.externaltools.gnu-tools-for-stm32.14.3.rel1.win32_1.0.100.202602081740/tools/bin/../lib/gcc/arm-none-eabi/14.3.1/thumb/v7e-m+fp/hard/crtbegin.o
 .text          0x080001c8       0x30 C:/ST/STM32CubeIDE_2.2.0/STM32CubeIDE/plugins/com.st.stm32cube.ide.mcu.externaltools.gnu-tools-for-stm32.14.3.rel1.win32_1.0.100.202602081740/tools/bin/../lib/gcc/arm-none-eabi/14.3.1/thumb/v7e-m+fp/hard\libgcc.a(_aeabi_uldivmod.o)
                0x080001c8                __aeabi_uldivmod
 .text          0x080001f8      0x2f8 C:/ST/STM32CubeIDE_2.2.0/STM32CubeIDE/plugins/com.st.stm32cube.ide.mcu.externaltools.gnu-tools-for-stm32.14.3.rel1.win32_1.0.100.202602081740/tools/bin/../lib/gcc/arm-none-eabi/14.3.1/thumb/v7e-m+fp/hard\libgcc.a(_udivmoddi4.o)
                0x080001f8                __udivmoddi4
 .text          0x080004f0        0x4 C:/ST/STM32CubeIDE_2.2.0/STM32CubeIDE/plugins/com.st.stm32cube.ide.mcu.externaltools.gnu-tools-for-stm32.14.3.rel1.win32_1.0.100.202602081740/tools/bin/../lib/gcc/arm-none-eabi/14.3.1/thumb/v7e-m+fp/hard\libgcc.a(_dvmd_tls.o)
                0x080004f0                __aeabi_idiv0
                0x080004f0                __aeabi_ldiv0
 *(.text*)
 .text.PIDController_Update
                0x080004f4      0x17c ./Core/Src/PID.o
                0x080004f4                PIDController_Update
 .text.__NVIC_SetPriority
                0x08000670       0x54 ./Core/Src/bsp.o
 .text.__NVIC_SystemReset
                0x080006c4       0x2c ./Core/Src/bsp.o
 .text.BSP_Leave_Carrier
                0x080006f0       0x1c ./Core/Src/bsp.o
                0x080006f0                BSP_Leave_Carrier
 .text.BSP_PID_Update_landing
                0x0800070c       0x64 ./Core/Src/bsp.o
                0x0800070c                BSP_PID_Update_landing
 .text.BSP_PID_Update_hanging
                0x08000770       0x68 ./Core/Src/bsp.o
                0x08000770                BSP_PID_Update_hanging
 .text.BSP_Open_Parachute
                0x080007d8        0xe ./Core/Src/bsp.o
                0x080007d8                BSP_Open_Parachute
 *fill*         0x080007e6        0x2 
 .text.BSP_Create_Packet
                0x080007e8       0x7c ./Core/Src/bsp.o
                0x080007e8                BSP_Create_Packet
 .text.BSP_Save_to_SD
                0x08000864       0x34 ./Core/Src/bsp.o
                0x08000864                BSP_Save_to_SD
 .text.BSP_Send_Packet
                0x08000898       0x1c ./Core/Src/bsp.o
                0x08000898                BSP_Send_Packet
 .text.BSP_Buzzer
                0x080008b4        0xe ./Core/Src/bsp.o
                0x080008b4                BSP_Buzzer
 *fill*         0x080008c2        0x2 
 .text.BSP_ProcessCommand
                0x080008c4       0x44 ./Core/Src/bsp.o
                0x080008c4                BSP_ProcessCommand
 .text.BSP_calculate_height
                0x08000908       0x10 ./Core/Src/bsp.o
                0x08000908                BSP_calculate_height
 .text.Q_onError
                0x08000918       0x12 ./Core/Src/bsp.o
                0x08000918                Q_onError
 .text.QF_onStartup
                0x0800092a       0x12 ./Core/Src/bsp.o
                0x0800092a                QF_onStartup
 .text.QV_onIdle
                0x0800093c        0xc ./Core/Src/bsp.o
                0x0800093c                QV_onIdle
 .text.MX_CRC_Init
                0x08000948       0x28 ./Core/Src/crc.o
                0x08000948                MX_CRC_Init
 .text.HAL_CRC_MspInit
                0x08000970       0x44 ./Core/Src/crc.o
                0x08000970                HAL_CRC_MspInit
 .text.MX_DMA_Init
                0x080009b4       0x8c ./Core/Src/dma.o
                0x080009b4                MX_DMA_Init
 .text.ESC_ClampPulse
                0x08000a40       0x3a ./Core/Src/esc.o
 .text.ESC_SetPulseWidth
                0x08000a7a       0x82 ./Core/Src/esc.o
                0x08000a7a                ESC_SetPulseWidth
 .text.MX_GPIO_Init
                0x08000afc      0x13c ./Core/Src/gpio.o
                0x08000afc                MX_GPIO_Init
 .text.main     0x08000c38       0x6c ./Core/Src/main.o
                0x08000c38                main
 .text.SystemClock_Config
                0x08000ca4       0xd8 ./Core/Src/main.o
                0x08000ca4                SystemClock_Config
 .text.HAL_UARTEx_RxEventCallback
                0x08000d7c       0x4c ./Core/Src/main.o
                0x08000d7c                HAL_UARTEx_RxEventCallback
 .text.Error_Handler
                0x08000dc8        0xc ./Core/Src/main.o
                0x08000dc8                Error_Handler
 .text.MX_RTC_Init
                0x08000dd4       0xb4 ./Core/Src/rtc.o
                0x08000dd4                MX_RTC_Init
 .text.HAL_RTC_MspInit
                0x08000e88       0x54 ./Core/Src/rtc.o
                0x08000e88                HAL_RTC_MspInit
 .text.MX_SDIO_SD_Init
                0x08000edc       0x40 ./Core/Src/sdio.o
                0x08000edc                MX_SDIO_SD_Init
 .text.HAL_SD_MspInit
                0x08000f1c      0x1e0 ./Core/Src/sdio.o
                0x08000f1c                HAL_SD_MspInit
 .text.Servo_ClampPulse
                0x080010fc       0x3a ./Core/Src/servo.o
 .text.Servo_ClampAngle
                0x08001136       0x54 ./Core/Src/servo.o
 .text.Servo_SetAngle
                0x0800118a       0xa4 ./Core/Src/servo.o
                0x0800118a                Servo_SetAngle
 .text.Servo_SetPulseWidth
                0x0800122e       0x82 ./Core/Src/servo.o
                0x0800122e                Servo_SetPulseWidth
 .text.Satellite_Ctor
                0x080012b0       0x64 ./Core/Src/sigma.o
                0x080012b0                Satellite_Ctor
 .text.idle     0x08001314       0xfc ./Core/Src/sigma.o
 .text.readyToFlight
                0x08001410       0x5c ./Core/Src/sigma.o
 .text.rising   0x0800146c       0x5c ./Core/Src/sigma.o
 .text.landing  0x080014c8       0x64 ./Core/Src/sigma.o
 .text.leaving  0x0800152c       0x48 ./Core/Src/sigma.o
 .text.payloadLanding1
                0x08001574       0x60 ./Core/Src/sigma.o
 .text.hanging  0x080015d4       0x84 ./Core/Src/sigma.o
 .text.payloadLanding2
                0x08001658       0x60 ./Core/Src/sigma.o
 .text.recovery
                0x080016b8       0x80 ./Core/Src/sigma.o
 .text.telemetryDeactiveRecovery
                0x08001738       0x48 ./Core/Src/sigma.o
 .text.telemetryActive
                0x08001780       0x78 ./Core/Src/sigma.o
 .text.HAL_MspInit
                0x080017f8       0x50 ./Core/Src/stm32f4xx_hal_msp.o
                0x080017f8                HAL_MspInit
 .text.NMI_Handler
                0x08001848        0xc ./Core/Src/stm32f4xx_it.o
                0x08001848                NMI_Handler
 .text.HardFault_Handler
                0x08001854        0x8 ./Core/Src/stm32f4xx_it.o
                0x08001854                HardFault_Handler
 .text.MemManage_Handler
                0x0800185c        0x8 ./Core/Src/stm32f4xx_it.o
                0x0800185c                MemManage_Handler
 .text.BusFault_Handler
                0x08001864        0x8 ./Core/Src/stm32f4xx_it.o
                0x08001864                BusFault_Handler
 .text.UsageFault_Handler
                0x0800186c        0x8 ./Core/Src/stm32f4xx_it.o
                0x0800186c                UsageFault_Handler
 .text.SVC_Handler
                0x08001874        0xe ./Core/Src/stm32f4xx_it.o
                0x08001874                SVC_Handler
 .text.DebugMon_Handler
                0x08001882        0xe ./Core/Src/stm32f4xx_it.o
                0x08001882                DebugMon_Handler
 .text.PendSV_Handler
                0x08001890        0xe ./Core/Src/stm32f4xx_it.o
                0x08001890                PendSV_Handler
 .text.SysTick_Handler
                0x0800189e       0x14 ./Core/Src/stm32f4xx_it.o
                0x0800189e                SysTick_Handler
 .text.EXTI4_IRQHandler
                0x080018b2        0xe ./Core/Src/stm32f4xx_it.o
                0x080018b2                EXTI4_IRQHandler
 .text.DMA1_Stream6_IRQHandler
                0x080018c0       0x14 ./Core/Src/stm32f4xx_it.o
                0x080018c0                DMA1_Stream6_IRQHandler
 .text.USART1_IRQHandler
                0x080018d4       0x14 ./Core/Src/stm32f4xx_it.o
                0x080018d4                USART1_IRQHandler
 .text.USART2_IRQHandler
                0x080018e8       0x14 ./Core/Src/stm32f4xx_it.o
                0x080018e8                USART2_IRQHandler
 .text.SDIO_IRQHandler
                0x080018fc       0x14 ./Core/Src/stm32f4xx_it.o
                0x080018fc                SDIO_IRQHandler
 .text.DMA2_Stream3_IRQHandler
                0x08001910       0x14 ./Core/Src/stm32f4xx_it.o
                0x08001910                DMA2_Stream3_IRQHandler
 .text.DMA2_Stream6_IRQHandler
                0x08001924       0x14 ./Core/Src/stm32f4xx_it.o
                0x08001924                DMA2_Stream6_IRQHandler
 .text.DMA2_Stream7_IRQHandler
                0x08001938       0x14 ./Core/Src/stm32f4xx_it.o
                0x08001938                DMA2_Stream7_IRQHandler
 .text.SystemInit
                0x0800194c       0x24 ./Core/Src/system_stm32f4xx.o
                0x0800194c                SystemInit
 .text.MX_TIM2_Init
                0x08001970       0xb0 ./Core/Src/tim.o
                0x08001970                MX_TIM2_Init
 .text.MX_TIM4_Init
                0x08001a20       0xb4 ./Core/Src/tim.o
                0x08001a20                MX_TIM4_Init
 .text.HAL_TIM_PWM_MspInit
                0x08001ad4       0x6c ./Core/Src/tim.o
                0x08001ad4                HAL_TIM_PWM_MspInit
 .text.HAL_TIM_MspPostInit
                0x08001b40       0xc0 ./Core/Src/tim.o
                0x08001b40                HAL_TIM_MspPostInit
 .text.MX_USART1_UART_Init
                0x08001c00       0x54 ./Core/Src/usart.o
                0x08001c00                MX_USART1_UART_Init
 .text.MX_USART2_UART_Init
                0x08001c54       0x54 ./Core/Src/usart.o
                0x08001c54                MX_USART2_UART_Init
 .text.HAL_UART_MspInit
                0x08001ca8      0x1e0 ./Core/Src/usart.o
                0x08001ca8                HAL_UART_MspInit
 .text.Reset_Handler
                0x08001e88       0x50 ./Core/Startup/startup_stm32f407vetx.o
                0x08001e88                Reset_Handler
 .text.Default_Handler
                0x08001ed8        0x2 ./Core/Startup/startup_stm32f407vetx.o
                0x08001ed8                RTC_Alarm_IRQHandler
                0x08001ed8                HASH_RNG_IRQHandler
                0x08001ed8                EXTI2_IRQHandler
                0x08001ed8                TIM8_CC_IRQHandler
                0x08001ed8                TIM1_CC_IRQHandler
                0x08001ed8                DMA2_Stream5_IRQHandler
                0x08001ed8                DMA1_Stream5_IRQHandler
                0x08001ed8                PVD_IRQHandler
                0x08001ed8                TAMP_STAMP_IRQHandler
                0x08001ed8                CAN2_RX1_IRQHandler
                0x08001ed8                EXTI3_IRQHandler
                0x08001ed8                TIM8_TRG_COM_TIM14_IRQHandler
                0x08001ed8                TIM1_UP_TIM10_IRQHandler
                0x08001ed8                TIM8_UP_TIM13_IRQHandler
                0x08001ed8                I2C3_ER_IRQHandler
                0x08001ed8                EXTI0_IRQHandler
                0x08001ed8                I2C2_EV_IRQHandler
                0x08001ed8                DMA1_Stream2_IRQHandler
                0x08001ed8                CAN1_RX0_IRQHandler
                0x08001ed8                FPU_IRQHandler
                0x08001ed8                OTG_HS_WKUP_IRQHandler
                0x08001ed8                CAN2_SCE_IRQHandler
                0x08001ed8                DMA2_Stream2_IRQHandler
                0x08001ed8                SPI1_IRQHandler
                0x08001ed8                TIM6_DAC_IRQHandler
                0x08001ed8                TIM1_BRK_TIM9_IRQHandler
                0x08001ed8                DCMI_IRQHandler
                0x08001ed8                CAN2_RX0_IRQHandler
                0x08001ed8                USART6_IRQHandler
                0x08001ed8                USART3_IRQHandler
                0x08001ed8                CAN1_RX1_IRQHandler
                0x08001ed8                UART5_IRQHandler
                0x08001ed8                DMA2_Stream0_IRQHandler
                0x08001ed8                TIM4_IRQHandler
                0x08001ed8                I2C1_EV_IRQHandler
                0x08001ed8                DMA1_Stream1_IRQHandler
                0x08001ed8                UART4_IRQHandler
                0x08001ed8                TIM3_IRQHandler
                0x08001ed8                RCC_IRQHandler
                0x08001ed8                TIM8_BRK_TIM12_IRQHandler
                0x08001ed8                Default_Handler
                0x08001ed8                EXTI15_10_IRQHandler
                0x08001ed8                ADC_IRQHandler
                0x08001ed8                DMA1_Stream7_IRQHandler
                0x08001ed8                TIM7_IRQHandler
                0x08001ed8                CAN2_TX_IRQHandler
                0x08001ed8                TIM5_IRQHandler
                0x08001ed8                I2C3_EV_IRQHandler
                0x08001ed8                EXTI9_5_IRQHandler
                0x08001ed8                RTC_WKUP_IRQHandler
                0x08001ed8                ETH_WKUP_IRQHandler
                0x08001ed8                SPI2_IRQHandler
                0x08001ed8                OTG_HS_EP1_IN_IRQHandler
                0x08001ed8                DMA1_Stream0_IRQHandler
                0x08001ed8                CAN1_TX_IRQHandler
                0x08001ed8                FSMC_IRQHandler
                0x08001ed8                ETH_IRQHandler
                0x08001ed8                OTG_HS_EP1_OUT_IRQHandler
                0x08001ed8                WWDG_IRQHandler
                0x08001ed8                TIM2_IRQHandler
                0x08001ed8                OTG_FS_WKUP_IRQHandler
                0x08001ed8                TIM1_TRG_COM_TIM11_IRQHandler
                0x08001ed8                OTG_HS_IRQHandler
                0x08001ed8                EXTI1_IRQHandler
                0x08001ed8                I2C2_ER_IRQHandler
                0x08001ed8                DMA2_Stream1_IRQHandler
                0x08001ed8                CAN1_SCE_IRQHandler
                0x08001ed8                FLASH_IRQHandler
                0x08001ed8                DMA2_Stream4_IRQHandler
                0x08001ed8                OTG_FS_IRQHandler
                0x08001ed8                SPI3_IRQHandler
                0x08001ed8                DMA1_Stream4_IRQHandler
                0x08001ed8                I2C1_ER_IRQHandler
                0x08001ed8                DMA1_Stream3_IRQHandler
 *fill*         0x08001eda        0x2 
 .text.QF_int_disable_
                0x08001edc       0x20 ./Core/qpc/ports/arm-cm/qv/gnu/qv_port.o
                0x08001edc                QF_int_disable_
 .text.QF_int_enable_
                0x08001efc       0x20 ./Core/qpc/ports/arm-cm/qv/gnu/qv_port.o
                0x08001efc                QF_int_enable_
 .text.QF_crit_entry_
                0x08001f1c       0x20 ./Core/qpc/ports/arm-cm/qv/gnu/qv_port.o
                0x08001f1c                QF_crit_entry_
 .text.QF_crit_exit_
                0x08001f3c       0x20 ./Core/qpc/ports/arm-cm/qv/gnu/qv_port.o
                0x08001f3c                QF_crit_exit_
 .text.QV_init  0x08001f5c       0x30 ./Core/qpc/ports/arm-cm/qv/gnu/qv_port.o
                0x08001f5c                QV_init
 .text.QHsm_ctor
                0x08001f8c       0x30 ./Core/qpc/src/qf/qep_hsm.o
                0x08001f8c                QHsm_ctor
 .text.QHsm_top
                0x08001fbc       0x18 ./Core/qpc/src/qf/qep_hsm.o
                0x08001fbc                QHsm_top
 .text.QHsm_init_
                0x08001fd4       0xf8 ./Core/qpc/src/qf/qep_hsm.o
                0x08001fd4                QHsm_init_
 .text.QHsm_dispatch_
                0x080020cc      0x188 ./Core/qpc/src/qf/qep_hsm.o
                0x080020cc                QHsm_dispatch_
 .text.QHsm_tran_simple_
                0x08002254       0xc8 ./Core/qpc/src/qf/qep_hsm.o
                0x08002254                QHsm_tran_simple_
 .text.QHsm_tran_complex_
                0x0800231c      0x120 ./Core/qpc/src/qf/qep_hsm.o
                0x0800231c                QHsm_tran_complex_
 .text.QHsm_enter_target_
                0x0800243c      0x104 ./Core/qpc/src/qf/qep_hsm.o
                0x0800243c                QHsm_enter_target_
 .text.QHsm_isIn_
                0x08002540       0x70 ./Core/qpc/src/qf/qep_hsm.o
                0x08002540                QHsm_isIn_
 .text.QHsm_getStateHandler_
                0x080025b0       0x18 ./Core/qpc/src/qf/qep_hsm.o
                0x080025b0                QHsm_getStateHandler_
 .text.QEvt_ctor
                0x080025c8       0x2a ./Core/qpc/src/qf/qf_act.o
                0x080025c8                QEvt_ctor
 *fill*         0x080025f2        0x2 
 .text.QEvt_refCtr_inc_
                0x080025f4       0x34 ./Core/qpc/src/qf/qf_act.o
                0x080025f4                QEvt_refCtr_inc_
 .text.QEvt_refCtr_dec_
                0x08002628       0x24 ./Core/qpc/src/qf/qf_act.o
                0x08002628                QEvt_refCtr_dec_
 .text.QActive_post_
                0x0800264c       0x94 ./Core/qpc/src/qf/qf_actq.o
                0x0800264c                QActive_post_
 .text.QActive_get_
                0x080026e0       0xb0 ./Core/qpc/src/qf/qf_actq.o
                0x080026e0                QActive_get_
 .text.QActive_postFIFO_
                0x08002790       0x88 ./Core/qpc/src/qf/qf_actq.o
 .text.QF_gc    0x08002818       0x9c ./Core/qpc/src/qf/qf_dyn.o
                0x08002818                QF_gc
 .text.QMPool_put
                0x080028b4       0xac ./Core/qpc/src/qf/qf_mem.o
                0x080028b4                QMPool_put
 .text.QActive_ctor
                0x08002960       0x24 ./Core/qpc/src/qf/qf_qact.o
                0x08002960                QActive_ctor
 .text.QActive_register_
                0x08002984      0x10c ./Core/qpc/src/qf/qf_qact.o
                0x08002984                QActive_register_
 .text.QPSet_notEmpty
                0x08002a90       0x22 ./Core/qpc/src/qf/qf_qact.o
                0x08002a90                QPSet_notEmpty
 .text.QPSet_insert
                0x08002ab2       0x2a ./Core/qpc/src/qf/qf_qact.o
                0x08002ab2                QPSet_insert
 .text.QPSet_remove
                0x08002adc       0x2c ./Core/qpc/src/qf/qf_qact.o
                0x08002adc                QPSet_remove
 .text.QPSet_findMax
                0x08002b08       0x20 ./Core/qpc/src/qf/qf_qact.o
                0x08002b08                QPSet_findMax
 .text.QEQueue_init
                0x08002b28       0x68 ./Core/qpc/src/qf/qf_qeq.o
                0x08002b28                QEQueue_init
 .text.QTimeEvt_ctorX
                0x08002b90       0x78 ./Core/qpc/src/qf/qf_time.o
                0x08002b90                QTimeEvt_ctorX
 .text.QTimeEvt_armX
                0x08002c08       0xc0 ./Core/qpc/src/qf/qf_time.o
                0x08002c08                QTimeEvt_armX
 .text.QTimeEvt_tick_
                0x08002cc8       0xf4 ./Core/qpc/src/qf/qf_time.o
                0x08002cc8                QTimeEvt_tick_
 .text.QTimeEvt_init
                0x08002dbc       0x40 ./Core/qpc/src/qf/qf_time.o
                0x08002dbc                QTimeEvt_init
 .text.QTimeEvt_expire_
                0x08002dfc       0x52 ./Core/qpc/src/qf/qf_time.o
                0x08002dfc                QTimeEvt_expire_
 .text.QF_init  0x08002e4e       0x10 ./Core/qpc/src/qv/qv.o
                0x08002e4e                QF_init
 *fill*         0x08002e5e        0x2 
 .text.QF_run   0x08002e60       0x94 ./Core/qpc/src/qv/qv.o
                0x08002e60                QF_run
 .text.QActive_start
                0x08002ef4       0x78 ./Core/qpc/src/qv/qv.o
                0x08002ef4                QActive_start
 .text.HAL_Init
                0x08002f6c       0x44 ./Drivers/STM32F4xx_HAL_Driver/Src/stm32f4xx_hal.o
                0x08002f6c                HAL_Init
 .text.HAL_InitTick
                0x08002fb0       0x60 ./Drivers/STM32F4xx_HAL_Driver/Src/stm32f4xx_hal.o
                0x08002fb0                HAL_InitTick
 .text.HAL_IncTick
                0x08003010       0x28 ./Drivers/STM32F4xx_HAL_Driver/Src/stm32f4xx_hal.o
                0x08003010                HAL_IncTick
 .text.HAL_GetTick
                0x08003038       0x18 ./Drivers/STM32F4xx_HAL_Driver/Src/stm32f4xx_hal.o
                0x08003038                HAL_GetTick
 .text.HAL_Delay
                0x08003050       0x48 ./Drivers/STM32F4xx_HAL_Driver/Src/stm32f4xx_hal.o
                0x08003050                HAL_Delay
 .text.__NVIC_SetPriorityGrouping
                0x08003098       0x48 ./Drivers/STM32F4xx_HAL_Driver/Src/stm32f4xx_hal_cortex.o
 .text.__NVIC_GetPriorityGrouping
                0x080030e0       0x1c ./Drivers/STM32F4xx_HAL_Driver/Src/stm32f4xx_hal_cortex.o
 .text.__NVIC_EnableIRQ
                0x080030fc       0x3c ./Drivers/STM32F4xx_HAL_Driver/Src/stm32f4xx_hal_cortex.o
 .text.__NVIC_SetPriority
                0x08003138       0x54 ./Drivers/STM32F4xx_HAL_Driver/Src/stm32f4xx_hal_cortex.o
 .text.NVIC_EncodePriority
                0x0800318c       0x66 ./Drivers/STM32F4xx_HAL_Driver/Src/stm32f4xx_hal_cortex.o
 *fill*         0x080031f2        0x2 
 .text.SysTick_Config
                0x080031f4       0x44 ./Drivers/STM32F4xx_HAL_Driver/Src/stm32f4xx_hal_cortex.o
 .text.HAL_NVIC_SetPriorityGrouping
                0x08003238       0x16 ./Drivers/STM32F4xx_HAL_Driver/Src/stm32f4xx_hal_cortex.o
                0x08003238                HAL_NVIC_SetPriorityGrouping
 .text.HAL_NVIC_SetPriority
                0x0800324e       0x38 ./Drivers/STM32F4xx_HAL_Driver/Src/stm32f4xx_hal_cortex.o
                0x0800324e                HAL_NVIC_SetPriority
 .text.HAL_NVIC_EnableIRQ
                0x08003286       0x1c ./Drivers/STM32F4xx_HAL_Driver/Src/stm32f4xx_hal_cortex.o
                0x08003286                HAL_NVIC_EnableIRQ
 .text.HAL_SYSTICK_Config
                0x080032a2       0x18 ./Drivers/STM32F4xx_HAL_Driver/Src/stm32f4xx_hal_cortex.o
                0x080032a2                HAL_SYSTICK_Config
 .text.HAL_CRC_Init
                0x080032ba       0x38 ./Drivers/STM32F4xx_HAL_Driver/Src/stm32f4xx_hal_crc.o
                0x080032ba                HAL_CRC_Init
 .text.HAL_CRC_Calculate
                0x080032f2       0x66 ./Drivers/STM32F4xx_HAL_Driver/Src/stm32f4xx_hal_crc.o
                0x080032f2                HAL_CRC_Calculate
 .text.HAL_DMA_Init
                0x08003358      0x15c ./Drivers/STM32F4xx_HAL_Driver/Src/stm32f4xx_hal_dma.o
                0x08003358                HAL_DMA_Init
 .text.HAL_DMA_Start_IT
                0x080034b4       0xb0 ./Drivers/STM32F4xx_HAL_Driver/Src/stm32f4xx_hal_dma.o
                0x080034b4                HAL_DMA_Start_IT
 .text.HAL_DMA_Abort
                0x08003564       0xe0 ./Drivers/STM32F4xx_HAL_Driver/Src/stm32f4xx_hal_dma.o
                0x08003564                HAL_DMA_Abort
 .text.HAL_DMA_Abort_IT
                0x08003644       0x44 ./Drivers/STM32F4xx_HAL_Driver/Src/stm32f4xx_hal_dma.o
                0x08003644                HAL_DMA_Abort_IT
 .text.HAL_DMA_IRQHandler
                0x08003688      0x314 ./Drivers/STM32F4xx_HAL_Driver/Src/stm32f4xx_hal_dma.o
                0x08003688                HAL_DMA_IRQHandler
 .text.HAL_DMA_GetError
                0x0800399c       0x18 ./Drivers/STM32F4xx_HAL_Driver/Src/stm32f4xx_hal_dma.o
                0x0800399c                HAL_DMA_GetError
 .text.DMA_SetConfig
                0x080039b4       0x5c ./Drivers/STM32F4xx_HAL_Driver/Src/stm32f4xx_hal_dma.o
 .text.DMA_CalcBaseAndBitshift
                0x08003a10       0x6c ./Drivers/STM32F4xx_HAL_Driver/Src/stm32f4xx_hal_dma.o
 .text.DMA_CheckFifoParam
                0x08003a7c       0xf8 ./Drivers/STM32F4xx_HAL_Driver/Src/stm32f4xx_hal_dma.o
 .text.HAL_GPIO_Init
                0x08003b74      0x338 ./Drivers/STM32F4xx_HAL_Driver/Src/stm32f4xx_hal_gpio.o
                0x08003b74                HAL_GPIO_Init
 .text.HAL_GPIO_WritePin
                0x08003eac       0x32 ./Drivers/STM32F4xx_HAL_Driver/Src/stm32f4xx_hal_gpio.o
                0x08003eac                HAL_GPIO_WritePin
 *fill*         0x08003ede        0x2 
 .text.HAL_GPIO_EXTI_IRQHandler
                0x08003ee0       0x30 ./Drivers/STM32F4xx_HAL_Driver/Src/stm32f4xx_hal_gpio.o
                0x08003ee0                HAL_GPIO_EXTI_IRQHandler
 .text.HAL_GPIO_EXTI_Callback
                0x08003f10       0x16 ./Drivers/STM32F4xx_HAL_Driver/Src/stm32f4xx_hal_gpio.o
                0x08003f10                HAL_GPIO_EXTI_Callback
 *fill*         0x08003f26        0x2 
 .text.HAL_RCC_OscConfig
                0x08003f28      0x4f0 ./Drivers/STM32F4xx_HAL_Driver/Src/stm32f4xx_hal_rcc.o
                0x08003f28                HAL_RCC_OscConfig
 .text.HAL_RCC_ClockConfig
                0x08004418      0x1cc ./Drivers/STM32F4xx_HAL_Driver/Src/stm32f4xx_hal_rcc.o
                0x08004418                HAL_RCC_ClockConfig
 .text.HAL_RCC_EnableCSS
                0x080045e4       0x18 ./Drivers/STM32F4xx_HAL_Driver/Src/stm32f4xx_hal_rcc.o
                0x080045e4                HAL_RCC_EnableCSS
 .text.HAL_RCC_GetSysClockFreq
                0x080045fc      0x20c ./Drivers/STM32F4xx_HAL_Driver/Src/stm32f4xx_hal_rcc.o
                0x080045fc                HAL_RCC_GetSysClockFreq
 .text.HAL_RCC_GetHCLKFreq
                0x08004808       0x18 ./Drivers/STM32F4xx_HAL_Driver/Src/stm32f4xx_hal_rcc.o
                0x08004808                HAL_RCC_GetHCLKFreq
 .text.HAL_RCC_GetPCLK1Freq
                0x08004820       0x28 ./Drivers/STM32F4xx_HAL_Driver/Src/stm32f4xx_hal_rcc.o
                0x08004820                HAL_RCC_GetPCLK1Freq
 .text.HAL_RCC_GetPCLK2Freq
                0x08004848       0x28 ./Drivers/STM32F4xx_HAL_Driver/Src/stm32f4xx_hal_rcc.o
                0x08004848                HAL_RCC_GetPCLK2Freq
 .text.HAL_RCC_NMI_IRQHandler
                0x08004870       0x28 ./Drivers/STM32F4xx_HAL_Driver/Src/stm32f4xx_hal_rcc.o
                0x08004870                HAL_RCC_NMI_IRQHandler
 .text.HAL_RCC_CSSCallback
                0x08004898        0xe ./Drivers/STM32F4xx_HAL_Driver/Src/stm32f4xx_hal_rcc.o
                0x08004898                HAL_RCC_CSSCallback
 *fill*         0x080048a6        0x2 
 .text.HAL_RCCEx_PeriphCLKConfig
                0x080048a8      0x1c4 ./Drivers/STM32F4xx_HAL_Driver/Src/stm32f4xx_hal_rcc_ex.o
                0x080048a8                HAL_RCCEx_PeriphCLKConfig
 .text.HAL_RTC_Init
                0x08004a6c      0x102 ./Drivers/STM32F4xx_HAL_Driver/Src/stm32f4xx_hal_rtc.o
                0x08004a6c                HAL_RTC_Init
 .text.HAL_RTC_SetTime
                0x08004b6e      0x134 ./Drivers/STM32F4xx_HAL_Driver/Src/stm32f4xx_hal_rtc.o
                0x08004b6e                HAL_RTC_SetTime
 .text.HAL_RTC_GetTime
                0x08004ca2       0xbc ./Drivers/STM32F4xx_HAL_Driver/Src/stm32f4xx_hal_rtc.o
                0x08004ca2                HAL_RTC_GetTime
 .text.HAL_RTC_SetDate
                0x08004d5e      0x108 ./Drivers/STM32F4xx_HAL_Driver/Src/stm32f4xx_hal_rtc.o
                0x08004d5e                HAL_RTC_SetDate
 .text.HAL_RTC_GetDate
                0x08004e66       0x9e ./Drivers/STM32F4xx_HAL_Driver/Src/stm32f4xx_hal_rtc.o
                0x08004e66                HAL_RTC_GetDate
 .text.HAL_RTC_WaitForSynchro
                0x08004f04       0x4c ./Drivers/STM32F4xx_HAL_Driver/Src/stm32f4xx_hal_rtc.o
                0x08004f04                HAL_RTC_WaitForSynchro
 .text.RTC_EnterInitMode
                0x08004f50       0x6e ./Drivers/STM32F4xx_HAL_Driver/Src/stm32f4xx_hal_rtc.o
                0x08004f50                RTC_EnterInitMode
 .text.RTC_ExitInitMode
                0x08004fbe       0x4a ./Drivers/STM32F4xx_HAL_Driver/Src/stm32f4xx_hal_rtc.o
                0x08004fbe                RTC_ExitInitMode
 .text.RTC_ByteToBcd2
                0x08005008       0x3c ./Drivers/STM32F4xx_HAL_Driver/Src/stm32f4xx_hal_rtc.o
                0x08005008                RTC_ByteToBcd2
 .text.RTC_Bcd2ToByte
                0x08005044       0x3c ./Drivers/STM32F4xx_HAL_Driver/Src/stm32f4xx_hal_rtc.o
                0x08005044                RTC_Bcd2ToByte
 .text.HAL_RTCEx_BKUPWrite
                0x08005080       0x34 ./Drivers/STM32F4xx_HAL_Driver/Src/stm32f4xx_hal_rtc_ex.o
                0x08005080                HAL_RTCEx_BKUPWrite
 .text.HAL_RTCEx_BKUPRead
                0x080050b4       0x30 ./Drivers/STM32F4xx_HAL_Driver/Src/stm32f4xx_hal_rtc_ex.o
                0x080050b4                HAL_RTCEx_BKUPRead
 .text.HAL_SD_Init
                0x080050e4       0x60 ./Drivers/STM32F4xx_HAL_Driver/Src/stm32f4xx_hal_sd.o
                0x080050e4                HAL_SD_Init
 .text.HAL_SD_InitCard
                0x08005144       0xf0 ./Drivers/STM32F4xx_HAL_Driver/Src/stm32f4xx_hal_sd.o
                0x08005144                HAL_SD_InitCard
 .text.HAL_SD_ReadBlocks_DMA
                0x08005234      0x1c4 ./Drivers/STM32F4xx_HAL_Driver/Src/stm32f4xx_hal_sd.o
                0x08005234                HAL_SD_ReadBlocks_DMA
 .text.HAL_SD_WriteBlocks_DMA
                0x080053f8      0x1cc ./Drivers/STM32F4xx_HAL_Driver/Src/stm32f4xx_hal_sd.o
                0x080053f8                HAL_SD_WriteBlocks_DMA
 .text.HAL_SD_IRQHandler
                0x080055c4      0x30c ./Drivers/STM32F4xx_HAL_Driver/Src/stm32f4xx_hal_sd.o
                0x080055c4                HAL_SD_IRQHandler
 .text.HAL_SD_ErrorCallback
                0x080058d0       0x14 ./Drivers/STM32F4xx_HAL_Driver/Src/stm32f4xx_hal_sd.o
                0x080058d0                HAL_SD_ErrorCallback
 .text.HAL_SD_GetCardCSD
                0x080058e4      0x348 ./Drivers/STM32F4xx_HAL_Driver/Src/stm32f4xx_hal_sd.o
                0x080058e4                HAL_SD_GetCardCSD
 .text.HAL_SD_GetCardInfo
                0x08005c2c       0x58 ./Drivers/STM32F4xx_HAL_Driver/Src/stm32f4xx_hal_sd.o
                0x08005c2c                HAL_SD_GetCardInfo
 .text.HAL_SD_ConfigWideBusOperation
                0x08005c84      0x134 ./Drivers/STM32F4xx_HAL_Driver/Src/stm32f4xx_hal_sd.o
                0x08005c84                HAL_SD_ConfigWideBusOperation
 .text.HAL_SD_GetCardState
                0x08005db8       0x40 ./Drivers/STM32F4xx_HAL_Driver/Src/stm32f4xx_hal_sd.o
                0x08005db8                HAL_SD_GetCardState
 .text.SD_DMATransmitCplt
                0x08005df8       0x2a ./Drivers/STM32F4xx_HAL_Driver/Src/stm32f4xx_hal_sd.o
 .text.SD_DMAReceiveCplt
                0x08005e22       0x70 ./Drivers/STM32F4xx_HAL_Driver/Src/stm32f4xx_hal_sd.o
 *fill*         0x08005e92        0x2 
 .text.SD_DMAError
                0x08005e94       0xa4 ./Drivers/STM32F4xx_HAL_Driver/Src/stm32f4xx_hal_sd.o
 .text.SD_DMATxAbort
                0x08005f38       0x6e ./Drivers/STM32F4xx_HAL_Driver/Src/stm32f4xx_hal_sd.o
 .text.SD_DMARxAbort
                0x08005fa6       0x6e ./Drivers/STM32F4xx_HAL_Driver/Src/stm32f4xx_hal_sd.o
 .text.SD_InitCard
                0x08006014      0x19c ./Drivers/STM32F4xx_HAL_Driver/Src/stm32f4xx_hal_sd.o
 .text.SD_PowerON
                0x080061b0      0x11c ./Drivers/STM32F4xx_HAL_Driver/Src/stm32f4xx_hal_sd.o
 .text.SD_SendStatus
                0x080062cc       0x50 ./Drivers/STM32F4xx_HAL_Driver/Src/stm32f4xx_hal_sd.o
 .text.SD_WideBus_Enable
                0x0800631c       0x96 ./Drivers/STM32F4xx_HAL_Driver/Src/stm32f4xx_hal_sd.o
 .text.SD_WideBus_Disable
                0x080063b2       0x96 ./Drivers/STM32F4xx_HAL_Driver/Src/stm32f4xx_hal_sd.o
 .text.SD_FindSCR
                0x08006448      0x1b4 ./Drivers/STM32F4xx_HAL_Driver/Src/stm32f4xx_hal_sd.o
 .text.SD_Read_IT
                0x080065fc       0xa2 ./Drivers/STM32F4xx_HAL_Driver/Src/stm32f4xx_hal_sd.o
 .text.SD_Write_IT
                0x0800669e       0xaa ./Drivers/STM32F4xx_HAL_Driver/Src/stm32f4xx_hal_sd.o
 .text.HAL_TIM_PWM_Init
                0x08006748       0x9e ./Drivers/STM32F4xx_HAL_Driver/Src/stm32f4xx_hal_tim.o
                0x08006748                HAL_TIM_PWM_Init
 *fill*         0x080067e6        0x2 
 .text.HAL_TIM_PWM_ConfigChannel
                0x080067e8      0x184 ./Drivers/STM32F4xx_HAL_Driver/Src/stm32f4xx_hal_tim.o
                0x080067e8                HAL_TIM_PWM_ConfigChannel
 .text.TIM_Base_SetConfig
                0x0800696c      0x14c ./Drivers/STM32F4xx_HAL_Driver/Src/stm32f4xx_hal_tim.o
                0x0800696c                TIM_Base_SetConfig
 .text.TIM_OC1_SetConfig
                0x08006ab8       0xe0 ./Drivers/STM32F4xx_HAL_Driver/Src/stm32f4xx_hal_tim.o
 .text.TIM_OC2_SetConfig
                0x08006b98       0xec ./Drivers/STM32F4xx_HAL_Driver/Src/stm32f4xx_hal_tim.o
                0x08006b98                TIM_OC2_SetConfig
 .text.TIM_OC3_SetConfig
                0x08006c84       0xe8 ./Drivers/STM32F4xx_HAL_Driver/Src/stm32f4xx_hal_tim.o
 .text.TIM_OC4_SetConfig
                0x08006d6c       0xac ./Drivers/STM32F4xx_HAL_Driver/Src/stm32f4xx_hal_tim.o
 .text.HAL_TIMEx_MasterConfigSynchronization
                0x08006e18       0xf8 ./Drivers/STM32F4xx_HAL_Driver/Src/stm32f4xx_hal_tim_ex.o
                0x08006e18                HAL_TIMEx_MasterConfigSynchronization
 .text.HAL_UART_Init
                0x08006f10       0xa0 ./Drivers/STM32F4xx_HAL_Driver/Src/stm32f4xx_hal_uart.o
                0x08006f10                HAL_UART_Init
 .text.HAL_UART_Transmit_DMA
                0x08006fb0       0xf8 ./Drivers/STM32F4xx_HAL_Driver/Src/stm32f4xx_hal_uart.o
                0x08006fb0                HAL_UART_Transmit_DMA
 .text.HAL_UARTEx_ReceiveToIdle_IT
                0x080070a8       0xba ./Drivers/STM32F4xx_HAL_Driver/Src/stm32f4xx_hal_uart.o
                0x080070a8                HAL_UARTEx_ReceiveToIdle_IT
 *fill*         0x08007162        0x2 
 .text.HAL_UART_IRQHandler
                0x08007164      0x554 ./Drivers/STM32F4xx_HAL_Driver/Src/stm32f4xx_hal_uart.o
                0x08007164                HAL_UART_IRQHandler
 .text.HAL_UART_TxCpltCallback
                0x080076b8       0x14 ./Drivers/STM32F4xx_HAL_Driver/Src/stm32f4xx_hal_uart.o
                0x080076b8                HAL_UART_TxCpltCallback
 .text.HAL_UART_TxHalfCpltCallback
                0x080076cc       0x14 ./Drivers/STM32F4xx_HAL_Driver/Src/stm32f4xx_hal_uart.o
                0x080076cc                HAL_UART_TxHalfCpltCallback
 .text.HAL_UART_RxCpltCallback
                0x080076e0       0x14 ./Drivers/STM32F4xx_HAL_Driver/Src/stm32f4xx_hal_uart.o
                0x080076e0                HAL_UART_RxCpltCallback
 .text.HAL_UART_ErrorCallback
                0x080076f4       0x14 ./Drivers/STM32F4xx_HAL_Driver/Src/stm32f4xx_hal_uart.o
                0x080076f4                HAL_UART_ErrorCallback
 .text.UART_DMATransmitCplt
                0x08007708       0x9a ./Drivers/STM32F4xx_HAL_Driver/Src/stm32f4xx_hal_uart.o
 .text.UART_DMATxHalfCplt
                0x080077a2       0x1c ./Drivers/STM32F4xx_HAL_Driver/Src/stm32f4xx_hal_uart.o
 .text.UART_DMAError
                0x080077be       0x94 ./Drivers/STM32F4xx_HAL_Driver/Src/stm32f4xx_hal_uart.o
 .text.UART_Start_Receive_IT
                0x08007852       0x74 ./Drivers/STM32F4xx_HAL_Driver/Src/stm32f4xx_hal_uart.o
                0x08007852                UART_Start_Receive_IT
 .text.UART_EndTxTransfer
                0x080078c6       0x50 ./Drivers/STM32F4xx_HAL_Driver/Src/stm32f4xx_hal_uart.o
 .text.UART_EndRxTransfer
                0x08007916       0xc6 ./Drivers/STM32F4xx_HAL_Driver/Src/stm32f4xx_hal_uart.o
 .text.UART_DMAAbortOnError
                0x080079dc       0x22 ./Drivers/STM32F4xx_HAL_Driver/Src/stm32f4xx_hal_uart.o
 .text.UART_Transmit_IT
                0x080079fe       0xa0 ./Drivers/STM32F4xx_HAL_Driver/Src/stm32f4xx_hal_uart.o
 .text.UART_EndTransmit_IT
                0x08007a9e       0x30 ./Drivers/STM32F4xx_HAL_Driver/Src/stm32f4xx_hal_uart.o
 .text.UART_Receive_IT
                0x08007ace      0x17c ./Drivers/STM32F4xx_HAL_Driver/Src/stm32f4xx_hal_uart.o
 *fill*         0x08007c4a        0x2 
 .text.UART_SetConfig
                0x08007c4c      0x4e8 ./Drivers/STM32F4xx_HAL_Driver/Src/stm32f4xx_hal_uart.o
 .text.SDIO_Init
                0x08008134       0x56 ./Drivers/STM32F4xx_HAL_Driver/Src/stm32f4xx_ll_sdmmc.o
                0x08008134                SDIO_Init
 .text.SDIO_ReadFIFO
                0x0800818a       0x1a ./Drivers/STM32F4xx_HAL_Driver/Src/stm32f4xx_ll_sdmmc.o
                0x0800818a                SDIO_ReadFIFO
 .text.SDIO_WriteFIFO
                0x080081a4       0x22 ./Drivers/STM32F4xx_HAL_Driver/Src/stm32f4xx_ll_sdmmc.o
                0x080081a4                SDIO_WriteFIFO
 .text.SDIO_PowerState_ON
                0x080081c6       0x1c ./Drivers/STM32F4xx_HAL_Driver/Src/stm32f4xx_ll_sdmmc.o
                0x080081c6                SDIO_PowerState_ON
 .text.SDIO_GetPowerState
                0x080081e2       0x1c ./Drivers/STM32F4xx_HAL_Driver/Src/stm32f4xx_ll_sdmmc.o
                0x080081e2                SDIO_GetPowerState
 .text.SDIO_SendCommand
                0x080081fe       0x54 ./Drivers/STM32F4xx_HAL_Driver/Src/stm32f4xx_ll_sdmmc.o
                0x080081fe                SDIO_SendCommand
 .text.SDIO_GetCommandResponse
                0x08008252       0x1a ./Drivers/STM32F4xx_HAL_Driver/Src/stm32f4xx_ll_sdmmc.o
                0x08008252                SDIO_GetCommandResponse
 .text.SDIO_GetResponse
                0x0800826c       0x26 ./Drivers/STM32F4xx_HAL_Driver/Src/stm32f4xx_ll_sdmmc.o
                0x0800826c                SDIO_GetResponse
 .text.SDIO_ConfigData
                0x08008292       0x58 ./Drivers/STM32F4xx_HAL_Driver/Src/stm32f4xx_ll_sdmmc.o
                0x08008292                SDIO_ConfigData
 .text.SDMMC_CmdBlockLength
                0x080082ea       0x44 ./Drivers/STM32F4xx_HAL_Driver/Src/stm32f4xx_ll_sdmmc.o
                0x080082ea                SDMMC_CmdBlockLength
 .text.SDMMC_CmdReadSingleBlock
                0x0800832e       0x44 ./Drivers/STM32F4xx_HAL_Driver/Src/stm32f4xx_ll_sdmmc.o
                0x0800832e                SDMMC_CmdReadSingleBlock
 .text.SDMMC_CmdReadMultiBlock
                0x08008372       0x44 ./Drivers/STM32F4xx_HAL_Driver/Src/stm32f4xx_ll_sdmmc.o
                0x08008372                SDMMC_CmdReadMultiBlock
 .text.SDMMC_CmdWriteSingleBlock
                0x080083b6       0x44 ./Drivers/STM32F4xx_HAL_Driver/Src/stm32f4xx_ll_sdmmc.o
                0x080083b6                SDMMC_CmdWriteSingleBlock
 .text.SDMMC_CmdWriteMultiBlock
                0x080083fa       0x44 ./Drivers/STM32F4xx_HAL_Driver/Src/stm32f4xx_ll_sdmmc.o
                0x080083fa                SDMMC_CmdWriteMultiBlock
 *fill*         0x0800843e        0x2 
 .text.SDMMC_CmdStopTransfer
                0x08008440       0x44 ./Drivers/STM32F4xx_HAL_Driver/Src/stm32f4xx_ll_sdmmc.o
                0x08008440                SDMMC_CmdStopTransfer
 .text.SDMMC_CmdSelDesel
                0x08008484       0x46 ./Drivers/STM32F4xx_HAL_Driver/Src/stm32f4xx_ll_sdmmc.o
                0x08008484                SDMMC_CmdSelDesel
 .text.SDMMC_CmdGoIdleState
                0x080084ca       0x3c ./Drivers/STM32F4xx_HAL_Driver/Src/stm32f4xx_ll_sdmmc.o
                0x080084ca                SDMMC_CmdGoIdleState
 .text.SDMMC_CmdOperCond
                0x08008506       0x3e ./Drivers/STM32F4xx_HAL_Driver/Src/stm32f4xx_ll_sdmmc.o
                0x08008506                SDMMC_CmdOperCond
 .text.SDMMC_CmdAppCommand
                0x08008544       0x44 ./Drivers/STM32F4xx_HAL_Driver/Src/stm32f4xx_ll_sdmmc.o
                0x08008544                SDMMC_CmdAppCommand
 .text.SDMMC_CmdAppOperCommand
                0x08008588       0x46 ./Drivers/STM32F4xx_HAL_Driver/Src/stm32f4xx_ll_sdmmc.o
                0x08008588                SDMMC_CmdAppOperCommand
 .text.SDMMC_CmdBusWidth
                0x080085ce       0x44 ./Drivers/STM32F4xx_HAL_Driver/Src/stm32f4xx_ll_sdmmc.o
                0x080085ce                SDMMC_CmdBusWidth
 .text.SDMMC_CmdSendSCR
                0x08008612       0x42 ./Drivers/STM32F4xx_HAL_Driver/Src/stm32f4xx_ll_sdmmc.o
                0x08008612                SDMMC_CmdSendSCR
 .text.SDMMC_CmdSendCID
                0x08008654       0x3c ./Drivers/STM32F4xx_HAL_Driver/Src/stm32f4xx_ll_sdmmc.o
                0x08008654                SDMMC_CmdSendCID
 .text.SDMMC_CmdSendCSD
                0x08008690       0x3e ./Drivers/STM32F4xx_HAL_Driver/Src/stm32f4xx_ll_sdmmc.o
                0x08008690                SDMMC_CmdSendCSD
 .text.SDMMC_CmdSetRelAdd
                0x080086ce       0x42 ./Drivers/STM32F4xx_HAL_Driver/Src/stm32f4xx_ll_sdmmc.o
                0x080086ce                SDMMC_CmdSetRelAdd
 .text.SDMMC_CmdSendStatus
                0x08008710       0x44 ./Drivers/STM32F4xx_HAL_Driver/Src/stm32f4xx_ll_sdmmc.o
                0x08008710                SDMMC_CmdSendStatus
 .text.SDMMC_GetCmdResp1
                0x08008754      0x1dc ./Drivers/STM32F4xx_HAL_Driver/Src/stm32f4xx_ll_sdmmc.o
                0x08008754                SDMMC_GetCmdResp1
 .text.SDMMC_GetCmdResp2
                0x08008930       0x90 ./Drivers/STM32F4xx_HAL_Driver/Src/stm32f4xx_ll_sdmmc.o
                0x08008930                SDMMC_GetCmdResp2
 .text.SDMMC_GetCmdResp3
                0x080089c0       0x7c ./Drivers/STM32F4xx_HAL_Driver/Src/stm32f4xx_ll_sdmmc.o
                0x080089c0                SDMMC_GetCmdResp3
 .text.SDMMC_GetCmdResp6
                0x08008a3c       0xec ./Drivers/STM32F4xx_HAL_Driver/Src/stm32f4xx_ll_sdmmc.o
                0x08008a3c                SDMMC_GetCmdResp6
 .text.SDMMC_GetCmdResp7
                0x08008b28       0x9c ./Drivers/STM32F4xx_HAL_Driver/Src/stm32f4xx_ll_sdmmc.o
                0x08008b28                SDMMC_GetCmdResp7
 .text.SDMMC_GetCmdError
                0x08008bc4       0x58 ./Drivers/STM32F4xx_HAL_Driver/Src/stm32f4xx_ll_sdmmc.o
 .text.MX_FATFS_Init
                0x08008c1c       0x24 ./FATFS/App/fatfs.o
                0x08008c1c                MX_FATFS_Init
 .text.get_fattime
                0x08008c40       0x10 ./FATFS/App/fatfs.o
                0x08008c40                get_fattime
 .text.BSP_SD_Init
                0x08008c50       0x4c ./FATFS/Target/bsp_driver_sd.o
                0x08008c50                BSP_SD_Init
 .text.BSP_SD_ReadBlocks_DMA
                0x08008c9c       0x34 ./FATFS/Target/bsp_driver_sd.o
                0x08008c9c                BSP_SD_ReadBlocks_DMA
 .text.BSP_SD_WriteBlocks_DMA
                0x08008cd0       0x34 ./FATFS/Target/bsp_driver_sd.o
                0x08008cd0                BSP_SD_WriteBlocks_DMA
 .text.BSP_SD_GetCardState
                0x08008d04       0x20 ./FATFS/Target/bsp_driver_sd.o
                0x08008d04                BSP_SD_GetCardState
 .text.BSP_SD_GetCardInfo
                0x08008d24       0x1c ./FATFS/Target/bsp_driver_sd.o
                0x08008d24                BSP_SD_GetCardInfo
 .text.HAL_SD_AbortCallback
                0x08008d40       0x14 ./FATFS/Target/bsp_driver_sd.o
                0x08008d40                HAL_SD_AbortCallback
 .text.HAL_SD_TxCpltCallback
                0x08008d54       0x14 ./FATFS/Target/bsp_driver_sd.o
                0x08008d54                HAL_SD_TxCpltCallback
 .text.HAL_SD_RxCpltCallback
                0x08008d68       0x14 ./FATFS/Target/bsp_driver_sd.o
                0x08008d68                HAL_SD_RxCpltCallback
 .text.BSP_SD_AbortCallback
                0x08008d7c        0xe ./FATFS/Target/bsp_driver_sd.o
                0x08008d7c                BSP_SD_AbortCallback
 .text.BSP_SD_IsDetected
                0x08008d8a       0x1a ./FATFS/Target/bsp_driver_sd.o
                0x08008d8a                BSP_SD_IsDetected
 .text.SD_CheckStatusWithTimeout
                0x08008da4       0x3a ./FATFS/Target/sd_diskio.o
 *fill*         0x08008dde        0x2 
 .text.SD_CheckStatus
                0x08008de0       0x3c ./FATFS/Target/sd_diskio.o
 .text.SD_initialize
                0x08008e1c       0x38 ./FATFS/Target/sd_diskio.o
                0x08008e1c                SD_initialize
 .text.SD_status
                0x08008e54       0x1c ./FATFS/Target/sd_diskio.o
                0x08008e54                SD_status
 .text.SD_read  0x08008e70       0xac ./FATFS/Target/sd_diskio.o
                0x08008e70                SD_read
 .text.SD_write
                0x08008f1c       0xac ./FATFS/Target/sd_diskio.o
                0x08008f1c                SD_write
 .text.SD_ioctl
                0x08008fc8       0xb0 ./FATFS/Target/sd_diskio.o
                0x08008fc8                SD_ioctl
 .text.BSP_SD_WriteCpltCallback
                0x08009078       0x18 ./FATFS/Target/sd_diskio.o
                0x08009078                BSP_SD_WriteCpltCallback
 .text.BSP_SD_ReadCpltCallback
                0x08009090       0x18 ./FATFS/Target/sd_diskio.o
                0x08009090                BSP_SD_ReadCpltCallback
 .text.disk_status
                0x080090a8       0x34 ./Middlewares/Third_Party/FatFs/src/diskio.o
                0x080090a8                disk_status
 .text.disk_read
                0x080090dc       0x40 ./Middlewares/Third_Party/FatFs/src/diskio.o
                0x080090dc                disk_read
 .text.disk_write
                0x0800911c       0x40 ./Middlewares/Third_Party/FatFs/src/diskio.o
                0x0800911c                disk_write
 .text.disk_ioctl
                0x0800915c       0x3c ./Middlewares/Third_Party/FatFs/src/diskio.o
                0x0800915c                disk_ioctl
 .text.ld_word  0x08009198       0x32 ./Middlewares/Third_Party/FatFs/src/ff.o
 .text.ld_dword
                0x080091ca       0x46 ./Middlewares/Third_Party/FatFs/src/ff.o
 .text.st_word  0x08009210       0x36 ./Middlewares/Third_Party/FatFs/src/ff.o
 .text.st_dword
                0x08009246       0x58 ./Middlewares/Third_Party/FatFs/src/ff.o
 .text.mem_cpy  0x0800929e       0x42 ./Middlewares/Third_Party/FatFs/src/ff.o
 .text.mem_set  0x080092e0       0x36 ./Middlewares/Third_Party/FatFs/src/ff.o
 .text.sync_window
                0x08009316       0x88 ./Middlewares/Third_Party/FatFs/src/ff.o
 .text.move_window
                0x0800939e       0x5a ./Middlewares/Third_Party/FatFs/src/ff.o
 .text.sync_fs  0x080093f8       0xdc ./Middlewares/Third_Party/FatFs/src/ff.o
 .text.clust2sect
                0x080094d4       0x3e ./Middlewares/Third_Party/FatFs/src/ff.o
 .text.get_fat  0x08009512      0x14e ./Middlewares/Third_Party/FatFs/src/ff.o
 .text.put_fat  0x08009660      0x1d4 ./Middlewares/Third_Party/FatFs/src/ff.o
 .text.create_chain
                0x08009834      0x130 ./Middlewares/Third_Party/FatFs/src/ff.o
 .text.clmt_clust
                0x08009964       0x68 ./Middlewares/Third_Party/FatFs/src/ff.o
 .text.st_clust
                0x080099cc       0x40 ./Middlewares/Third_Party/FatFs/src/ff.o
 .text.validate
                0x08009a0c       0x6a ./Middlewares/Third_Party/FatFs/src/ff.o
 .text.f_write  0x08009a76      0x2ea ./Middlewares/Third_Party/FatFs/src/ff.o
                0x08009a76                f_write
 .text.f_sync   0x08009d60       0xfc ./Middlewares/Third_Party/FatFs/src/ff.o
                0x08009d60                f_sync
 .text.FATFS_LinkDriverEx
                0x08009e5c       0x98 ./Middlewares/Third_Party/FatFs/src/ff_gen_drv.o
                0x08009e5c                FATFS_LinkDriverEx
 .text.FATFS_LinkDriver
                0x08009ef4       0x1e ./Middlewares/Third_Party/FatFs/src/ff_gen_drv.o
                0x08009ef4                FATFS_LinkDriver
 .text.memset   0x08009f12       0x10 C:/ST/STM32CubeIDE_2.2.0/STM32CubeIDE/plugins/com.st.stm32cube.ide.mcu.externaltools.gnu-tools-for-stm32.14.3.rel1.win32_1.0.100.202602081740/tools/bin/../lib/gcc/arm-none-eabi/14.3.1/../../../../arm-none-eabi/lib/thumb/v7e-m+fp/hard\libc_nano.a(libc_a-memset.o)
                0x08009f12                memset
 *fill*         0x08009f22        0x2 
 .text.__libc_init_array
                0x08009f24       0x48 C:/ST/STM32CubeIDE_2.2.0/STM32CubeIDE/plugins/com.st.stm32cube.ide.mcu.externaltools.gnu-tools-for-stm32.14.3.rel1.win32_1.0.100.202602081740/tools/bin/../lib/gcc/arm-none-eabi/14.3.1/../../../../arm-none-eabi/lib/thumb/v7e-m+fp/hard\libc_nano.a(libc_a-init.o)
                0x08009f24                __libc_init_array
 *(.glue_7)
 .glue_7        0x08009f6c        0x0 linker stubs
 *(.glue_7t)
 .glue_7t       0x08009f6c        0x0 linker stubs
 *(.eh_frame)
 .eh_frame      0x08009f6c        0x0 C:/ST/STM32CubeIDE_2.2.0/STM32CubeIDE/plugins/com.st.stm32cube.ide.mcu.externaltools.gnu-tools-for-stm32.14.3.rel1.win32_1.0.100.202602081740/tools/bin/../lib/gcc/arm-none-eabi/14.3.1/thumb/v7e-m+fp/hard/crtbegin.o
 *(.init)
 .init          0x08009f6c        0x4 C:/ST/STM32CubeIDE_2.2.0/STM32CubeIDE/plugins/com.st.stm32cube.ide.mcu.externaltools.gnu-tools-for-stm32.14.3.rel1.win32_1.0.100.202602081740/tools/bin/../lib/gcc/arm-none-eabi/14.3.1/thumb/v7e-m+fp/hard/crti.o
                0x08009f6c                _init
 .init          0x08009f70        0x8 C:/ST/STM32CubeIDE_2.2.0/STM32CubeIDE/plugins/com.st.stm32cube.ide.mcu.externaltools.gnu-tools-for-stm32.14.3.rel1.win32_1.0.100.202602081740/tools/bin/../lib/gcc/arm-none-eabi/14.3.1/thumb/v7e-m+fp/hard/crtn.o
 *(.fini)
 .fini          0x08009f78        0x4 C:/ST/STM32CubeIDE_2.2.0/STM32CubeIDE/plugins/com.st.stm32cube.ide.mcu.externaltools.gnu-tools-for-stm32.14.3.rel1.win32_1.0.100.202602081740/tools/bin/../lib/gcc/arm-none-eabi/14.3.1/thumb/v7e-m+fp/hard/crti.o
                0x08009f78                _fini
 .fini          0x08009f7c        0x8 C:/ST/STM32CubeIDE_2.2.0/STM32CubeIDE/plugins/com.st.stm32cube.ide.mcu.externaltools.gnu-tools-for-stm32.14.3.rel1.win32_1.0.100.202602081740/tools/bin/../lib/gcc/arm-none-eabi/14.3.1/thumb/v7e-m+fp/hard/crtn.o
                0x08009f84                        . = ALIGN (0x4)
                0x08009f84                        _etext = .

.vfp11_veneer   0x08009f84        0x0
 .vfp11_veneer  0x08009f84        0x0 linker stubs

.v4_bx          0x08009f84        0x0
 .v4_bx         0x08009f84        0x0 linker stubs

.iplt           0x08009f84        0x0
 .iplt          0x08009f84        0x0 C:/ST/STM32CubeIDE_2.2.0/STM32CubeIDE/plugins/com.st.stm32cube.ide.mcu.externaltools.gnu-tools-for-stm32.14.3.rel1.win32_1.0.100.202602081740/tools/bin/../lib/gcc/arm-none-eabi/14.3.1/thumb/v7e-m+fp/hard/crtbegin.o

.rodata         0x08009f84       0xc8
                0x08009f84                        . = ALIGN (0x4)
 *(.rodata)
 *(.rodata*)
 .rodata.cmdEvt.0
                0x08009f84        0x8 ./Core/Src/main.o
 .rodata.AHBPrescTable
                0x08009f8c       0x10 ./Core/Src/system_stm32f4xx.o
                0x08009f8c                AHBPrescTable
 .rodata.APBPrescTable
                0x08009f9c        0x8 ./Core/Src/system_stm32f4xx.o
                0x08009f9c                APBPrescTable
 .rodata.QF_port_module_
                0x08009fa4        0x8 ./Core/qpc/ports/arm-cm/qv/gnu/qv_port.o
                0x08009fa4                QF_port_module_
 .rodata.Q_this_module_
                0x08009fac        0x8 ./Core/qpc/src/qf/qep_hsm.o
 .rodata.l_resEvt_
                0x08009fb4       0x20 ./Core/qpc/src/qf/qep_hsm.o
 .rodata.vtable.0
                0x08009fd4       0x10 ./Core/qpc/src/qf/qep_hsm.o
 .rodata.Q_this_module_
                0x08009fe4        0x7 ./Core/qpc/src/qf/qf_act.o
 *fill*         0x08009feb        0x1 
 .rodata.Q_this_module_
                0x08009fec        0x8 ./Core/qpc/src/qf/qf_actq.o
 .rodata.Q_this_module_
                0x08009ff4        0x7 ./Core/qpc/src/qf/qf_dyn.o
 *fill*         0x08009ffb        0x1 
 .rodata.Q_this_module_
                0x08009ffc        0x7 ./Core/qpc/src/qf/qf_mem.o
 *fill*         0x0800a003        0x1 
 .rodata.Q_this_module_
                0x0800a004        0x8 ./Core/qpc/src/qf/qf_qact.o
 .rodata.vtable.0
                0x0800a00c       0x10 ./Core/qpc/src/qf/qf_qact.o
 .rodata.Q_this_module_
                0x0800a01c        0x7 ./Core/qpc/src/qf/qf_qeq.o
 *fill*         0x0800a023        0x1 
 .rodata.Q_this_module_
                0x0800a024        0x8 ./Core/qpc/src/qf/qf_time.o
 .rodata.Q_this_module_
                0x0800a02c        0x3 ./Core/qpc/src/qv/qv.o
 *fill*         0x0800a02f        0x1 
 .rodata.flagBitshiftOffset.0
                0x0800a030        0x8 ./Drivers/STM32F4xx_HAL_Driver/Src/stm32f4xx_hal_dma.o
 .rodata.SD_Driver
                0x0800a038       0x14 ./FATFS/Target/sd_diskio.o
                0x0800a038                SD_Driver
                0x0800a04c                        . = ALIGN (0x4)

.ARM.extab      0x0800a04c        0x0
                0x0800a04c                        . = ALIGN (0x4)
 *(.ARM.extab* .gnu.linkonce.armextab.*)
                0x0800a04c                        . = ALIGN (0x4)

.ARM            0x0800a04c        0x8
                0x0800a04c                        . = ALIGN (0x4)
                0x0800a04c                        __exidx_start = .
 *(.ARM.exidx*)
 .ARM.exidx     0x0800a04c        0x8 C:/ST/STM32CubeIDE_2.2.0/STM32CubeIDE/plugins/com.st.stm32cube.ide.mcu.externaltools.gnu-tools-for-stm32.14.3.rel1.win32_1.0.100.202602081740/tools/bin/../lib/gcc/arm-none-eabi/14.3.1/thumb/v7e-m+fp/hard\libgcc.a(_udivmoddi4.o)
                0x0800a054                        __exidx_end = .
                0x0800a054                        . = ALIGN (0x4)

.preinit_array  0x0800a054        0x0
                0x0800a054                        . = ALIGN (0x4)
                0x0800a054                        PROVIDE (__preinit_array_start = .)
 *(.preinit_array*)
                0x0800a054                        PROVIDE (__preinit_array_end = .)
                0x0800a054                        . = ALIGN (0x4)

.init_array     0x0800a054        0x4
                0x0800a054                        . = ALIGN (0x4)
                0x0800a054                        PROVIDE (__init_array_start = .)
 *(SORT_BY_NAME(.init_array.*))
 *(.init_array*)
 .init_array    0x0800a054        0x4 C:/ST/STM32CubeIDE_2.2.0/STM32CubeIDE/plugins/com.st.stm32cube.ide.mcu.externaltools.gnu-tools-for-stm32.14.3.rel1.win32_1.0.100.202602081740/tools/bin/../lib/gcc/arm-none-eabi/14.3.1/thumb/v7e-m+fp/hard/crtbegin.o
                0x0800a058                        PROVIDE (__init_array_end = .)
                0x0800a058                        . = ALIGN (0x4)

.fini_array     0x0800a058        0x4
                0x0800a058                        . = ALIGN (0x4)
                [!provide]                        PROVIDE (__fini_array_start = .)
 *(SORT_BY_NAME(.fini_array.*))
 *(.fini_array*)
 .fini_array    0x0800a058        0x4 C:/ST/STM32CubeIDE_2.2.0/STM32CubeIDE/plugins/com.st.stm32cube.ide.mcu.externaltools.gnu-tools-for-stm32.14.3.rel1.win32_1.0.100.202602081740/tools/bin/../lib/gcc/arm-none-eabi/14.3.1/thumb/v7e-m+fp/hard/crtbegin.o
                [!provide]                        PROVIDE (__fini_array_end = .)
                0x0800a05c                        . = ALIGN (0x4)
                0x0800a05c                        _sidata = LOADADDR (.data)

.rel.dyn        0x0800a05c        0x0
 .rel.iplt      0x0800a05c        0x0 C:/ST/STM32CubeIDE_2.2.0/STM32CubeIDE/plugins/com.st.stm32cube.ide.mcu.externaltools.gnu-tools-for-stm32.14.3.rel1.win32_1.0.100.202602081740/tools/bin/../lib/gcc/arm-none-eabi/14.3.1/thumb/v7e-m+fp/hard/crtbegin.o

.data           0x20000000        0xc load address 0x0800a05c
                0x20000000                        . = ALIGN (0x4)
                0x20000000                        _sdata = .
 *(.data)
 *(.data*)
 .data.SystemCoreClock
                0x20000000        0x4 ./Core/Src/system_stm32f4xx.o
                0x20000000                SystemCoreClock
 .data.uwTickPrio
                0x20000004        0x4 ./Drivers/STM32F4xx_HAL_Driver/Src/stm32f4xx_hal.o
                0x20000004                uwTickPrio
 .data.uwTickFreq
                0x20000008        0x1 ./Drivers/STM32F4xx_HAL_Driver/Src/stm32f4xx_hal.o
                0x20000008                uwTickFreq
 .data.Stat     0x20000009        0x1 ./FATFS/Target/sd_diskio.o
 *(.RamFunc)
 *(.RamFunc*)
                0x2000000c                        . = ALIGN (0x4)
 *fill*         0x2000000a        0x2 
                0x2000000c                        _edata = .
                0x0800a068                        _siccmram = LOADADDR (.ccmram)

.igot.plt       0x2000000c        0x0 load address 0x0800a068
 .igot.plt      0x2000000c        0x0 C:/ST/STM32CubeIDE_2.2.0/STM32CubeIDE/plugins/com.st.stm32cube.ide.mcu.externaltools.gnu-tools-for-stm32.14.3.rel1.win32_1.0.100.202602081740/tools/bin/../lib/gcc/arm-none-eabi/14.3.1/thumb/v7e-m+fp/hard/crtbegin.o

.ccmram         0x10000000        0x0 load address 0x0800a068
                0x10000000                        . = ALIGN (0x4)
                0x10000000                        _sccmram = .
 *(.ccmram)
 *(.ccmram*)
                0x10000000                        . = ALIGN (0x4)
                0x10000000                        _eccmram = .
                0x10000000                        . = ALIGN (0x4)

.bss            0x2000000c      0x858
                0x2000000c                        _sbss = .
                0x2000000c                        __bss_start__ = _sbss
 *(.bss)
 .bss           0x2000000c       0x1c C:/ST/STM32CubeIDE_2.2.0/STM32CubeIDE/plugins/com.st.stm32cube.ide.mcu.externaltools.gnu-tools-for-stm32.14.3.rel1.win32_1.0.100.202602081740/tools/bin/../lib/gcc/arm-none-eabi/14.3.1/thumb/v7e-m+fp/hard/crtbegin.o
 *(.bss*)
 .bss.sTime     0x20000028       0x14 ./Core/Src/bsp.o
                0x20000028                sTime
 .bss.sDate     0x2000003c        0x4 ./Core/Src/bsp.o
                0x2000003c                sDate
 .bss.tel       0x20000040       0x50 ./Core/Src/bsp.o
                0x20000040                tel
 .bss.esc1      0x20000090       0x10 ./Core/Src/bsp.o
                0x20000090                esc1
 .bss.servo1    0x200000a0       0x18 ./Core/Src/bsp.o
                0x200000a0                servo1
 .bss.pid1      0x200000b8       0x38 ./Core/Src/bsp.o
                0x200000b8                pid1
 .bss.buffer    0x200000f0       0x10 ./Core/Src/bsp.o
                0x200000f0                buffer
 .bss.des_vel   0x20000100        0x4 ./Core/Src/bsp.o
                0x20000100                des_vel
 .bss.file      0x20000104      0x230 ./Core/Src/bsp.o
                0x20000104                file
 .bss.res       0x20000334        0x1 ./Core/Src/bsp.o
                0x20000334                res
 *fill*         0x20000335        0x3 
 .bss.bytesWritten
                0x20000338        0x4 ./Core/Src/bsp.o
                0x20000338                bytesWritten
 .bss.hcrc      0x2000033c        0x8 ./Core/Src/crc.o
                0x2000033c                hcrc
 .bss.l_blinkyQueueSto
                0x20000344       0x40 ./Core/Src/main.o
 .bss.hrtc      0x20000384       0x20 ./Core/Src/rtc.o
                0x20000384                hrtc
 .bss.hsd       0x200003a4       0x84 ./Core/Src/sdio.o
                0x200003a4                hsd
 .bss.hdma_sdio_rx
                0x20000428       0x60 ./Core/Src/sdio.o
                0x20000428                hdma_sdio_rx
 .bss.hdma_sdio_tx
                0x20000488       0x60 ./Core/Src/sdio.o
                0x20000488                hdma_sdio_tx
 .bss.sat       0x200004e8       0x94 ./Core/Src/sigma.o
                0x200004e8                sat
 .bss.htim2     0x2000057c       0x48 ./Core/Src/tim.o
                0x2000057c                htim2
 .bss.htim4     0x200005c4       0x48 ./Core/Src/tim.o
                0x200005c4                htim4
 .bss.huart1    0x2000060c       0x48 ./Core/Src/usart.o
                0x2000060c                huart1
 .bss.huart2    0x20000654       0x48 ./Core/Src/usart.o
                0x20000654                huart2
 .bss.hdma_usart1_tx
                0x2000069c       0x60 ./Core/Src/usart.o
                0x2000069c                hdma_usart1_tx
 .bss.hdma_usart2_tx
                0x200006fc       0x60 ./Core/Src/usart.o
                0x200006fc                hdma_usart2_tx
 .bss.QActive_registry_
                0x2000075c       0x84 ./Core/qpc/src/qf/qf_qact.o
                0x2000075c                QActive_registry_
 .bss.QF_priv_  0x200007e0       0x40 ./Core/qpc/src/qf/qf_qact.o
                0x200007e0                QF_priv_
 .bss.QTimeEvt_timeEvtHead_
                0x20000820       0x1c ./Core/qpc/src/qf/qf_time.o
                0x20000820                QTimeEvt_timeEvtHead_
 .bss.QV_priv_  0x2000083c        0x8 ./Core/qpc/src/qv/qv.o
                0x2000083c                QV_priv_
 .bss.uwTick    0x20000844        0x4 ./Drivers/STM32F4xx_HAL_Driver/Src/stm32f4xx_hal.o
                0x20000844                uwTick
 .bss.retSD     0x20000848        0x1 ./FATFS/App/fatfs.o
                0x20000848                retSD
 *fill*         0x20000849        0x3 
 .bss.SDPath    0x2000084c        0x4 ./FATFS/App/fatfs.o
                0x2000084c                SDPath
 .bss.WriteStatus
                0x20000850        0x4 ./FATFS/Target/sd_diskio.o
 .bss.ReadStatus
                0x20000854        0x4 ./FATFS/Target/sd_diskio.o
 .bss.disk      0x20000858        0xc ./Middlewares/Third_Party/FatFs/src/ff_gen_drv.o
                0x20000858                disk
 *(COMMON)
                0x20000864                        . = ALIGN (0x4)
                0x20000864                        _ebss = .
                0x20000864                        __bss_end__ = _ebss

._user_heap_stack
                0x20000864      0x604
                0x20000868                        . = ALIGN (0x8)
 *fill*         0x20000864        0x4 
                [!provide]                        PROVIDE (end = .)
                0x20000868                        PROVIDE (_end = .)
                0x20000a68                        . = (. + _Min_Heap_Size)
 *fill*         0x20000868      0x200 
                0x20000e68                        . = (. + _Min_Stack_Size)
 *fill*         0x20000a68      0x400 
                0x20000e68                        . = ALIGN (0x8)

/DISCARD/
 libc.a(*)
 libm.a(*)
 libgcc.a(*)

.ARM.attributes
                0x00000000       0x30
 *(.ARM.attributes)
 .ARM.attributes
                0x00000000       0x22 C:/ST/STM32CubeIDE_2.2.0/STM32CubeIDE/plugins/com.st.stm32cube.ide.mcu.externaltools.gnu-tools-for-stm32.14.3.rel1.win32_1.0.100.202602081740/tools/bin/../lib/gcc/arm-none-eabi/14.3.1/thumb/v7e-m+fp/hard/crti.o
 .ARM.attributes
                0x00000022       0x34 C:/ST/STM32CubeIDE_2.2.0/STM32CubeIDE/plugins/com.st.stm32cube.ide.mcu.externaltools.gnu-tools-for-stm32.14.3.rel1.win32_1.0.100.202602081740/tools/bin/../lib/gcc/arm-none-eabi/14.3.1/thumb/v7e-m+fp/hard/crtbegin.o
 .ARM.attributes
                0x00000056       0x34 ./Core/Src/PID.o
 .ARM.attributes
                0x0000008a       0x34 ./Core/Src/bsp.o
 .ARM.attributes
                0x000000be       0x34 ./Core/Src/crc.o
 .ARM.attributes
                0x000000f2       0x34 ./Core/Src/dma.o
 .ARM.attributes
                0x00000126       0x34 ./Core/Src/esc.o
 .ARM.attributes
                0x0000015a       0x34 ./Core/Src/gpio.o
 .ARM.attributes
                0x0000018e       0x34 ./Core/Src/main.o
 .ARM.attributes
                0x000001c2       0x34 ./Core/Src/rtc.o
 .ARM.attributes
                0x000001f6       0x34 ./Core/Src/sdio.o
 .ARM.attributes
                0x0000022a       0x34 ./Core/Src/servo.o
 .ARM.attributes
                0x0000025e       0x34 ./Core/Src/sigma.o
 .ARM.attributes
                0x00000292       0x34 ./Core/Src/stm32f4xx_hal_msp.o
 .ARM.attributes
                0x000002c6       0x34 ./Core/Src/stm32f4xx_it.o
 .ARM.attributes
                0x000002fa       0x34 ./Core/Src/system_stm32f4xx.o
 .ARM.attributes
                0x0000032e       0x34 ./Core/Src/tim.o
 .ARM.attributes
                0x00000362       0x34 ./Core/Src/usart.o
 .ARM.attributes
                0x00000396       0x21 ./Core/Startup/startup_stm32f407vetx.o
 .ARM.attributes
                0x000003b7       0x34 ./Core/qpc/ports/arm-cm/qv/gnu/qv_port.o
 .ARM.attributes
                0x000003eb       0x34 ./Core/qpc/src/qf/qep_hsm.o
 .ARM.attributes
                0x0000041f       0x34 ./Core/qpc/src/qf/qf_act.o
 .ARM.attributes
                0x00000453       0x34 ./Core/qpc/src/qf/qf_actq.o
 .ARM.attributes
                0x00000487       0x34 ./Core/qpc/src/qf/qf_dyn.o
 .ARM.attributes
                0x000004bb       0x34 ./Core/qpc/src/qf/qf_mem.o
 .ARM.attributes
                0x000004ef       0x34 ./Core/qpc/src/qf/qf_qact.o
 .ARM.attributes
                0x00000523       0x34 ./Core/qpc/src/qf/qf_qeq.o
 .ARM.attributes
                0x00000557       0x34 ./Core/qpc/src/qf/qf_time.o
 .ARM.attributes
                0x0000058b       0x34 ./Core/qpc/src/qv/qv.o
 .ARM.attributes
                0x000005bf       0x34 ./Drivers/STM32F4xx_HAL_Driver/Src/stm32f4xx_hal.o
 .ARM.attributes
                0x000005f3       0x34 ./Drivers/STM32F4xx_HAL_Driver/Src/stm32f4xx_hal_cortex.o
 .ARM.attributes
                0x00000627       0x34 ./Drivers/STM32F4xx_HAL_Driver/Src/stm32f4xx_hal_crc.o
 .ARM.attributes
                0x0000065b       0x34 ./Drivers/STM32F4xx_HAL_Driver/Src/stm32f4xx_hal_dma.o
 .ARM.attributes
                0x0000068f       0x34 ./Drivers/STM32F4xx_HAL_Driver/Src/stm32f4xx_hal_gpio.o
 .ARM.attributes
                0x000006c3       0x34 ./Drivers/STM32F4xx_HAL_Driver/Src/stm32f4xx_hal_rcc.o
 .ARM.attributes
                0x000006f7       0x34 ./Drivers/STM32F4xx_HAL_Driver/Src/stm32f4xx_hal_rcc_ex.o
 .ARM.attributes
                0x0000072b       0x34 ./Drivers/STM32F4xx_HAL_Driver/Src/stm32f4xx_hal_rtc.o
 .ARM.attributes
                0x0000075f       0x34 ./Drivers/STM32F4xx_HAL_Driver/Src/stm32f4xx_hal_rtc_ex.o
 .ARM.attributes
                0x00000793       0x34 ./Drivers/STM32F4xx_HAL_Driver/Src/stm32f4xx_hal_sd.o
 .ARM.attributes
                0x000007c7       0x34 ./Drivers/STM32F4xx_HAL_Driver/Src/stm32f4xx_hal_tim.o
 .ARM.attributes
                0x000007fb       0x34 ./Drivers/STM32F4xx_HAL_Driver/Src/stm32f4xx_hal_tim_ex.o
 .ARM.attributes
                0x0000082f       0x34 ./Drivers/STM32F4xx_HAL_Driver/Src/stm32f4xx_hal_uart.o
 .ARM.attributes
                0x00000863       0x34 ./Drivers/STM32F4xx_HAL_Driver/Src/stm32f4xx_ll_sdmmc.o
 .ARM.attributes
                0x00000897       0x34 ./FATFS/App/fatfs.o
 .ARM.attributes
                0x000008cb       0x34 ./FATFS/Target/bsp_driver_sd.o
 .ARM.attributes
                0x000008ff       0x34 ./FATFS/Target/sd_diskio.o
 .ARM.attributes
                0x00000933       0x34 ./Middlewares/Third_Party/FatFs/src/diskio.o
 .ARM.attributes
                0x00000967       0x34 ./Middlewares/Third_Party/FatFs/src/ff.o
 .ARM.attributes
                0x0000099b       0x34 ./Middlewares/Third_Party/FatFs/src/ff_gen_drv.o
 .ARM.attributes
                0x000009cf       0x34 C:/ST/STM32CubeIDE_2.2.0/STM32CubeIDE/plugins/com.st.stm32cube.ide.mcu.externaltools.gnu-tools-for-stm32.14.3.rel1.win32_1.0.100.202602081740/tools/bin/../lib/gcc/arm-none-eabi/14.3.1/../../../../arm-none-eabi/lib/thumb/v7e-m+fp/hard\libc_nano.a(libc_a-memset.o)
 .ARM.attributes
                0x00000a03       0x34 C:/ST/STM32CubeIDE_2.2.0/STM32CubeIDE/plugins/com.st.stm32cube.ide.mcu.externaltools.gnu-tools-for-stm32.14.3.rel1.win32_1.0.100.202602081740/tools/bin/../lib/gcc/arm-none-eabi/14.3.1/../../../../arm-none-eabi/lib/thumb/v7e-m+fp/hard\libc_nano.a(libc_a-init.o)
 .ARM.attributes
                0x00000a37       0x22 C:/ST/STM32CubeIDE_2.2.0/STM32CubeIDE/plugins/com.st.stm32cube.ide.mcu.externaltools.gnu-tools-for-stm32.14.3.rel1.win32_1.0.100.202602081740/tools/bin/../lib/gcc/arm-none-eabi/14.3.1/thumb/v7e-m+fp/hard\libgcc.a(_aeabi_uldivmod.o)
 .ARM.attributes
                0x00000a59       0x34 C:/ST/STM32CubeIDE_2.2.0/STM32CubeIDE/plugins/com.st.stm32cube.ide.mcu.externaltools.gnu-tools-for-stm32.14.3.rel1.win32_1.0.100.202602081740/tools/bin/../lib/gcc/arm-none-eabi/14.3.1/thumb/v7e-m+fp/hard\libgcc.a(_udivmoddi4.o)
 .ARM.attributes
                0x00000a8d       0x22 C:/ST/STM32CubeIDE_2.2.0/STM32CubeIDE/plugins/com.st.stm32cube.ide.mcu.externaltools.gnu-tools-for-stm32.14.3.rel1.win32_1.0.100.202602081740/tools/bin/../lib/gcc/arm-none-eabi/14.3.1/thumb/v7e-m+fp/hard\libgcc.a(_dvmd_tls.o)
 .ARM.attributes
                0x00000aaf       0x22 C:/ST/STM32CubeIDE_2.2.0/STM32CubeIDE/plugins/com.st.stm32cube.ide.mcu.externaltools.gnu-tools-for-stm32.14.3.rel1.win32_1.0.100.202602081740/tools/bin/../lib/gcc/arm-none-eabi/14.3.1/thumb/v7e-m+fp/hard/crtn.o
OUTPUT(sigma.elf elf32-littlearm)
LOAD linker stubs
LOAD C:/ST/STM32CubeIDE_2.2.0/STM32CubeIDE/plugins/com.st.stm32cube.ide.mcu.externaltools.gnu-tools-for-stm32.14.3.rel1.win32_1.0.100.202602081740/tools/bin/../lib/gcc/arm-none-eabi/14.3.1/../../../../arm-none-eabi/lib/thumb/v7e-m+fp/hard\libc.a
LOAD C:/ST/STM32CubeIDE_2.2.0/STM32CubeIDE/plugins/com.st.stm32cube.ide.mcu.externaltools.gnu-tools-for-stm32.14.3.rel1.win32_1.0.100.202602081740/tools/bin/../lib/gcc/arm-none-eabi/14.3.1/../../../../arm-none-eabi/lib/thumb/v7e-m+fp/hard\libm.a
LOAD C:/ST/STM32CubeIDE_2.2.0/STM32CubeIDE/plugins/com.st.stm32cube.ide.mcu.externaltools.gnu-tools-for-stm32.14.3.rel1.win32_1.0.100.202602081740/tools/bin/../lib/gcc/arm-none-eabi/14.3.1/thumb/v7e-m+fp/hard\libgcc.a

.debug_info     0x00000000    0x20e72
 .debug_info    0x00000000      0x163 ./Core/Src/PID.o
 .debug_info    0x00000163     0x1f22 ./Core/Src/bsp.o
 .debug_info    0x00002085      0x41f ./Core/Src/crc.o
 .debug_info    0x000024a4      0x4c6 ./Core/Src/dma.o
 .debug_info    0x0000296a      0x91d ./Core/Src/esc.o
 .debug_info    0x00003287      0x69a ./Core/Src/gpio.o
 .debug_info    0x00003921     0x1128 ./Core/Src/main.o
 .debug_info    0x00004a49      0x683 ./Core/Src/rtc.o
 .debug_info    0x000050cc      0xd11 ./Core/Src/sdio.o
 .debug_info    0x00005ddd      0x956 ./Core/Src/servo.o
 .debug_info    0x00006733      0xe98 ./Core/Src/sigma.o
 .debug_info    0x000075cb      0x269 ./Core/Src/stm32f4xx_hal_msp.o
 .debug_info    0x00007834      0xad7 ./Core/Src/stm32f4xx_it.o
 .debug_info    0x0000830b      0x512 ./Core/Src/system_stm32f4xx.o
 .debug_info    0x0000881d      0xbce ./Core/Src/tim.o
 .debug_info    0x000093eb      0xc30 ./Core/Src/usart.o
 .debug_info    0x0000a01b       0x30 ./Core/Startup/startup_stm32f407vetx.o
 .debug_info    0x0000a04b      0x135 ./Core/qpc/ports/arm-cm/qv/gnu/qv_port.o
 .debug_info    0x0000a180      0x914 ./Core/qpc/src/qf/qep_hsm.o
 .debug_info    0x0000aa94      0x2a9 ./Core/qpc/src/qf/qf_act.o
 .debug_info    0x0000ad3d      0xb0f ./Core/qpc/src/qf/qf_actq.o
 .debug_info    0x0000b84c      0x61c ./Core/qpc/src/qf/qf_dyn.o
 .debug_info    0x0000be68      0x3df ./Core/qpc/src/qf/qf_mem.o
 .debug_info    0x0000c247      0x981 ./Core/qpc/src/qf/qf_qact.o
 .debug_info    0x0000cbc8      0x4ff ./Core/qpc/src/qf/qf_qeq.o
 .debug_info    0x0000d0c7      0x9b3 ./Core/qpc/src/qf/qf_time.o
 .debug_info    0x0000da7a      0x845 ./Core/qpc/src/qv/qv.o
 .debug_info    0x0000e2bf      0x944 ./Drivers/STM32F4xx_HAL_Driver/Src/stm32f4xx_hal.o
 .debug_info    0x0000ec03      0xd8c ./Drivers/STM32F4xx_HAL_Driver/Src/stm32f4xx_hal_cortex.o
 .debug_info    0x0000f98f      0x37f ./Drivers/STM32F4xx_HAL_Driver/Src/stm32f4xx_hal_crc.o
 .debug_info    0x0000fd0e      0x8e7 ./Drivers/STM32F4xx_HAL_Driver/Src/stm32f4xx_hal_dma.o
 .debug_info    0x000105f5      0x6c3 ./Drivers/STM32F4xx_HAL_Driver/Src/stm32f4xx_hal_gpio.o
 .debug_info    0x00010cb8      0x8c3 ./Drivers/STM32F4xx_HAL_Driver/Src/stm32f4xx_hal_rcc.o
 .debug_info    0x0001157b      0x536 ./Drivers/STM32F4xx_HAL_Driver/Src/stm32f4xx_hal_rcc_ex.o
 .debug_info    0x00011ab1      0xc20 ./Drivers/STM32F4xx_HAL_Driver/Src/stm32f4xx_hal_rtc.o
 .debug_info    0x000126d1      0xec2 ./Drivers/STM32F4xx_HAL_Driver/Src/stm32f4xx_hal_rtc_ex.o
 .debug_info    0x00013593     0x1bfb ./Drivers/STM32F4xx_HAL_Driver/Src/stm32f4xx_hal_sd.o
 .debug_info    0x0001518e     0x299d ./Drivers/STM32F4xx_HAL_Driver/Src/stm32f4xx_hal_tim.o
 .debug_info    0x00017b2b     0x14db ./Drivers/STM32F4xx_HAL_Driver/Src/stm32f4xx_hal_tim_ex.o
 .debug_info    0x00019006     0x2f4f ./Drivers/STM32F4xx_HAL_Driver/Src/stm32f4xx_hal_uart.o
 .debug_info    0x0001bf55     0x10c4 ./Drivers/STM32F4xx_HAL_Driver/Src/stm32f4xx_ll_sdmmc.o
 .debug_info    0x0001d019      0x4d9 ./FATFS/App/fatfs.o
 .debug_info    0x0001d4f2      0xadc ./FATFS/Target/bsp_driver_sd.o
 .debug_info    0x0001dfce      0x569 ./FATFS/Target/sd_diskio.o
 .debug_info    0x0001e537      0x3df ./Middlewares/Third_Party/FatFs/src/diskio.o
 .debug_info    0x0001e916     0x21dd ./Middlewares/Third_Party/FatFs/src/ff.o
 .debug_info    0x00020af3      0x37f ./Middlewares/Third_Party/FatFs/src/ff_gen_drv.o

.debug_abbrev   0x00000000     0x60e4
 .debug_abbrev  0x00000000       0xc9 ./Core/Src/PID.o
 .debug_abbrev  0x000000c9      0x38f ./Core/Src/bsp.o
 .debug_abbrev  0x00000458      0x19b ./Core/Src/crc.o
 .debug_abbrev  0x000005f3      0x11b ./Core/Src/dma.o
 .debug_abbrev  0x0000070e      0x1da ./Core/Src/esc.o
 .debug_abbrev  0x000008e8      0x174 ./Core/Src/gpio.o
 .debug_abbrev  0x00000a5c      0x30b ./Core/Src/main.o
 .debug_abbrev  0x00000d67      0x199 ./Core/Src/rtc.o
 .debug_abbrev  0x00000f00      0x22b ./Core/Src/sdio.o
 .debug_abbrev  0x0000112b      0x1ce ./Core/Src/servo.o
 .debug_abbrev  0x000012f9      0x2f9 ./Core/Src/sigma.o
 .debug_abbrev  0x000015f2       0xd8 ./Core/Src/stm32f4xx_hal_msp.o
 .debug_abbrev  0x000016ca      0x1f4 ./Core/Src/stm32f4xx_it.o
 .debug_abbrev  0x000018be      0x11a ./Core/Src/system_stm32f4xx.o
 .debug_abbrev  0x000019d8      0x22a ./Core/Src/tim.o
 .debug_abbrev  0x00001c02      0x234 ./Core/Src/usart.o
 .debug_abbrev  0x00001e36       0x24 ./Core/Startup/startup_stm32f407vetx.o
 .debug_abbrev  0x00001e5a       0x96 ./Core/qpc/ports/arm-cm/qv/gnu/qv_port.o
 .debug_abbrev  0x00001ef0      0x29e ./Core/qpc/src/qf/qep_hsm.o
 .debug_abbrev  0x0000218e      0x18b ./Core/qpc/src/qf/qf_act.o
 .debug_abbrev  0x00002319      0x364 ./Core/qpc/src/qf/qf_actq.o
 .debug_abbrev  0x0000267d      0x252 ./Core/qpc/src/qf/qf_dyn.o
 .debug_abbrev  0x000028cf      0x18c ./Core/qpc/src/qf/qf_mem.o
 .debug_abbrev  0x00002a5b      0x2ce ./Core/qpc/src/qf/qf_qact.o
 .debug_abbrev  0x00002d29      0x1f7 ./Core/qpc/src/qf/qf_qeq.o
 .debug_abbrev  0x00002f20      0x33b ./Core/qpc/src/qf/qf_time.o
 .debug_abbrev  0x0000325b      0x2df ./Core/qpc/src/qv/qv.o
 .debug_abbrev  0x0000353a      0x214 ./Drivers/STM32F4xx_HAL_Driver/Src/stm32f4xx_hal.o
 .debug_abbrev  0x0000374e      0x31d ./Drivers/STM32F4xx_HAL_Driver/Src/stm32f4xx_hal_cortex.o
 .debug_abbrev  0x00003a6b      0x1b1 ./Drivers/STM32F4xx_HAL_Driver/Src/stm32f4xx_hal_crc.o
 .debug_abbrev  0x00003c1c      0x264 ./Drivers/STM32F4xx_HAL_Driver/Src/stm32f4xx_hal_dma.o
 .debug_abbrev  0x00003e80      0x1d4 ./Drivers/STM32F4xx_HAL_Driver/Src/stm32f4xx_hal_gpio.o
 .debug_abbrev  0x00004054      0x2b7 ./Drivers/STM32F4xx_HAL_Driver/Src/stm32f4xx_hal_rcc.o
 .debug_abbrev  0x0000430b      0x1b0 ./Drivers/STM32F4xx_HAL_Driver/Src/stm32f4xx_hal_rcc_ex.o
 .debug_abbrev  0x000044bb      0x1dd ./Drivers/STM32F4xx_HAL_Driver/Src/stm32f4xx_hal_rtc.o
 .debug_abbrev  0x00004698      0x207 ./Drivers/STM32F4xx_HAL_Driver/Src/stm32f4xx_hal_rtc_ex.o
 .debug_abbrev  0x0000489f      0x297 ./Drivers/STM32F4xx_HAL_Driver/Src/stm32f4xx_hal_sd.o
 .debug_abbrev  0x00004b36      0x278 ./Drivers/STM32F4xx_HAL_Driver/Src/stm32f4xx_hal_tim.o
 .debug_abbrev  0x00004dae      0x283 ./Drivers/STM32F4xx_HAL_Driver/Src/stm32f4xx_hal_tim_ex.o
 .debug_abbrev  0x00005031      0x30e ./Drivers/STM32F4xx_HAL_Driver/Src/stm32f4xx_hal_uart.o
 .debug_abbrev  0x0000533f      0x1d6 ./Drivers/STM32F4xx_HAL_Driver/Src/stm32f4xx_ll_sdmmc.o
 .debug_abbrev  0x00005515      0x160 ./FATFS/App/fatfs.o
 .debug_abbrev  0x00005675      0x2a2 ./FATFS/Target/bsp_driver_sd.o
 .debug_abbrev  0x00005917      0x22b ./FATFS/Target/sd_diskio.o
 .debug_abbrev  0x00005b42      0x181 ./Middlewares/Third_Party/FatFs/src/diskio.o
 .debug_abbrev  0x00005cc3      0x282 ./Middlewares/Third_Party/FatFs/src/ff.o
 .debug_abbrev  0x00005f45      0x19f ./Middlewares/Third_Party/FatFs/src/ff_gen_drv.o

.debug_aranges  0x00000000     0x1c10
 .debug_aranges
                0x00000000       0x28 ./Core/Src/PID.o
 .debug_aranges
                0x00000028       0x98 ./Core/Src/bsp.o
 .debug_aranges
                0x000000c0       0x30 ./Core/Src/crc.o
 .debug_aranges
                0x000000f0       0x20 ./Core/Src/dma.o
 .debug_aranges
                0x00000110       0x58 ./Core/Src/esc.o
 .debug_aranges
                0x00000168       0x20 ./Core/Src/gpio.o
 .debug_aranges
                0x00000188       0x38 ./Core/Src/main.o
 .debug_aranges
                0x000001c0       0x30 ./Core/Src/rtc.o
 .debug_aranges
                0x000001f0       0x30 ./Core/Src/sdio.o
 .debug_aranges
                0x00000220       0x58 ./Core/Src/servo.o
 .debug_aranges
                0x00000278       0x78 ./Core/Src/sigma.o
 .debug_aranges
                0x000002f0       0x20 ./Core/Src/stm32f4xx_hal_msp.o
 .debug_aranges
                0x00000310       0xa0 ./Core/Src/stm32f4xx_it.o
 .debug_aranges
                0x000003b0       0x28 ./Core/Src/system_stm32f4xx.o
 .debug_aranges
                0x000003d8       0x40 ./Core/Src/tim.o
 .debug_aranges
                0x00000418       0x38 ./Core/Src/usart.o
 .debug_aranges
                0x00000450       0x28 ./Core/Startup/startup_stm32f407vetx.o
 .debug_aranges
                0x00000478       0x40 ./Core/qpc/ports/arm-cm/qv/gnu/qv_port.o
 .debug_aranges
                0x000004b8       0x70 ./Core/qpc/src/qf/qep_hsm.o
 .debug_aranges
                0x00000528       0x38 ./Core/qpc/src/qf/qf_act.o
 .debug_aranges
                0x00000560       0x70 ./Core/qpc/src/qf/qf_actq.o
 .debug_aranges
                0x000005d0       0x60 ./Core/qpc/src/qf/qf_dyn.o
 .debug_aranges
                0x00000630       0x48 ./Core/qpc/src/qf/qf_mem.o
 .debug_aranges
                0x00000678       0x68 ./Core/qpc/src/qf/qf_qact.o
 .debug_aranges
                0x000006e0       0x58 ./Core/qpc/src/qf/qf_qeq.o
 .debug_aranges
                0x00000738       0x68 ./Core/qpc/src/qf/qf_time.o
 .debug_aranges
                0x000007a0       0x48 ./Core/qpc/src/qv/qv.o
 .debug_aranges
                0x000007e8       0xf0 ./Drivers/STM32F4xx_HAL_Driver/Src/stm32f4xx_hal.o
 .debug_aranges
                0x000008d8      0x130 ./Drivers/STM32F4xx_HAL_Driver/Src/stm32f4xx_hal_cortex.o
 .debug_aranges
                0x00000a08       0x50 ./Drivers/STM32F4xx_HAL_Driver/Src/stm32f4xx_hal_crc.o
 .debug_aranges
                0x00000a58       0x90 ./Drivers/STM32F4xx_HAL_Driver/Src/stm32f4xx_hal_dma.o
 .debug_aranges
                0x00000ae8       0x58 ./Drivers/STM32F4xx_HAL_Driver/Src/stm32f4xx_hal_gpio.o
 .debug_aranges
                0x00000b40       0x88 ./Drivers/STM32F4xx_HAL_Driver/Src/stm32f4xx_hal_rcc.o
 .debug_aranges
                0x00000bc8       0x48 ./Drivers/STM32F4xx_HAL_Driver/Src/stm32f4xx_hal_rcc_ex.o
 .debug_aranges
                0x00000c10       0xe8 ./Drivers/STM32F4xx_HAL_Driver/Src/stm32f4xx_hal_rtc.o
 .debug_aranges
                0x00000cf8      0x130 ./Drivers/STM32F4xx_HAL_Driver/Src/stm32f4xx_hal_rtc_ex.o
 .debug_aranges
                0x00000e28      0x168 ./Drivers/STM32F4xx_HAL_Driver/Src/stm32f4xx_hal_sd.o
 .debug_aranges
                0x00000f90      0x3d0 ./Drivers/STM32F4xx_HAL_Driver/Src/stm32f4xx_hal_tim.o
 .debug_aranges
                0x00001360      0x168 ./Drivers/STM32F4xx_HAL_Driver/Src/stm32f4xx_hal_tim_ex.o
 .debug_aranges
                0x000014c8      0x208 ./Drivers/STM32F4xx_HAL_Driver/Src/stm32f4xx_hal_uart.o
 .debug_aranges
                0x000016d0      0x188 ./Drivers/STM32F4xx_HAL_Driver/Src/stm32f4xx_ll_sdmmc.o
 .debug_aranges
                0x00001858       0x28 ./FATFS/App/fatfs.o
 .debug_aranges
                0x00001880       0xa0 ./FATFS/Target/bsp_driver_sd.o
 .debug_aranges
                0x00001920       0x60 ./FATFS/Target/sd_diskio.o
 .debug_aranges
                0x00001980       0x48 ./Middlewares/Third_Party/FatFs/src/diskio.o
 .debug_aranges
                0x000019c8      0x208 ./Middlewares/Third_Party/FatFs/src/ff.o
 .debug_aranges
                0x00001bd0       0x40 ./Middlewares/Third_Party/FatFs/src/ff_gen_drv.o

.debug_rnglists
                0x00000000     0x156a
 .debug_rnglists
                0x00000000       0x1a ./Core/Src/PID.o
 .debug_rnglists
                0x0000001a       0x6e ./Core/Src/bsp.o
 .debug_rnglists
                0x00000088       0x1f ./Core/Src/crc.o
 .debug_rnglists
                0x000000a7       0x14 ./Core/Src/dma.o
 .debug_rnglists
                0x000000bb       0x41 ./Core/Src/esc.o
 .debug_rnglists
                0x000000fc       0x14 ./Core/Src/gpio.o
 .debug_rnglists
                0x00000110       0x26 ./Core/Src/main.o
 .debug_rnglists
                0x00000136       0x20 ./Core/Src/rtc.o
 .debug_rnglists
                0x00000156       0x20 ./Core/Src/sdio.o
 .debug_rnglists
                0x00000176       0x40 ./Core/Src/servo.o
 .debug_rnglists
                0x000001b6       0x58 ./Core/Src/sigma.o
 .debug_rnglists
                0x0000020e       0x13 ./Core/Src/stm32f4xx_hal_msp.o
 .debug_rnglists
                0x00000221       0x73 ./Core/Src/stm32f4xx_it.o
 .debug_rnglists
                0x00000294       0x1a ./Core/Src/system_stm32f4xx.o
 .debug_rnglists
                0x000002ae       0x2e ./Core/Src/tim.o
 .debug_rnglists
                0x000002dc       0x27 ./Core/Src/usart.o
 .debug_rnglists
                0x00000303       0x19 ./Core/Startup/startup_stm32f407vetx.o
 .debug_rnglists
                0x0000031c       0x2b ./Core/qpc/ports/arm-cm/qv/gnu/qv_port.o
 .debug_rnglists
                0x00000347       0x54 ./Core/qpc/src/qf/qep_hsm.o
 .debug_rnglists
                0x0000039b       0x25 ./Core/qpc/src/qf/qf_act.o
 .debug_rnglists
                0x000003c0       0x55 ./Core/qpc/src/qf/qf_actq.o
 .debug_rnglists
                0x00000415       0x47 ./Core/qpc/src/qf/qf_dyn.o
 .debug_rnglists
                0x0000045c       0x34 ./Core/qpc/src/qf/qf_mem.o
 .debug_rnglists
                0x00000490       0x4a ./Core/qpc/src/qf/qf_qact.o
 .debug_rnglists
                0x000004da       0x40 ./Core/qpc/src/qf/qf_qeq.o
 .debug_rnglists
                0x0000051a       0x5b ./Core/qpc/src/qf/qf_time.o
 .debug_rnglists
                0x00000575       0x32 ./Core/qpc/src/qv/qv.o
 .debug_rnglists
                0x000005a7       0xaf ./Drivers/STM32F4xx_HAL_Driver/Src/stm32f4xx_hal.o
 .debug_rnglists
                0x00000656       0xe0 ./Drivers/STM32F4xx_HAL_Driver/Src/stm32f4xx_hal_cortex.o
 .debug_rnglists
                0x00000736       0x37 ./Drivers/STM32F4xx_HAL_Driver/Src/stm32f4xx_hal_crc.o
 .debug_rnglists
                0x0000076d       0x70 ./Drivers/STM32F4xx_HAL_Driver/Src/stm32f4xx_hal_dma.o
 .debug_rnglists
                0x000007dd       0x3f ./Drivers/STM32F4xx_HAL_Driver/Src/stm32f4xx_hal_gpio.o
 .debug_rnglists
                0x0000081c       0x66 ./Drivers/STM32F4xx_HAL_Driver/Src/stm32f4xx_hal_rcc.o
 .debug_rnglists
                0x00000882       0x35 ./Drivers/STM32F4xx_HAL_Driver/Src/stm32f4xx_hal_rcc_ex.o
 .debug_rnglists
                0x000008b7       0xb4 ./Drivers/STM32F4xx_HAL_Driver/Src/stm32f4xx_hal_rtc.o
 .debug_rnglists
                0x0000096b       0xed ./Drivers/STM32F4xx_HAL_Driver/Src/stm32f4xx_hal_rtc_ex.o
 .debug_rnglists
                0x00000a58      0x121 ./Drivers/STM32F4xx_HAL_Driver/Src/stm32f4xx_hal_sd.o
 .debug_rnglists
                0x00000b79      0x31a ./Drivers/STM32F4xx_HAL_Driver/Src/stm32f4xx_hal_tim.o
 .debug_rnglists
                0x00000e93      0x125 ./Drivers/STM32F4xx_HAL_Driver/Src/stm32f4xx_hal_tim_ex.o
 .debug_rnglists
                0x00000fb8      0x1bc ./Drivers/STM32F4xx_HAL_Driver/Src/stm32f4xx_hal_uart.o
 .debug_rnglists
                0x00001174      0x125 ./Drivers/STM32F4xx_HAL_Driver/Src/stm32f4xx_ll_sdmmc.o
 .debug_rnglists
                0x00001299       0x19 ./FATFS/App/fatfs.o
 .debug_rnglists
                0x000012b2       0x73 ./FATFS/Target/bsp_driver_sd.o
 .debug_rnglists
                0x00001325       0x46 ./FATFS/Target/sd_diskio.o
 .debug_rnglists
                0x0000136b       0x31 ./Middlewares/Third_Party/FatFs/src/diskio.o
 .debug_rnglists
                0x0000139c      0x1a2 ./Middlewares/Third_Party/FatFs/src/ff.o
 .debug_rnglists
                0x0000153e       0x2c ./Middlewares/Third_Party/FatFs/src/ff_gen_drv.o

.debug_macro    0x00000000    0x2733c
 .debug_macro   0x00000000       0x1b ./Core/Src/PID.o
 .debug_macro   0x0000001b      0xad8 ./Core/Src/PID.o
 .debug_macro   0x00000af3      0x470 ./Core/Src/bsp.o
 .debug_macro   0x00000f63      0x2ad ./Core/Src/bsp.o
 .debug_macro   0x00001210       0x2e ./Core/Src/bsp.o
 .debug_macro   0x0000123e       0x2f ./Core/Src/bsp.o
 .debug_macro   0x0000126d       0x22 ./Core/Src/bsp.o
 .debug_macro   0x0000128f       0x8e ./Core/Src/bsp.o
 .debug_macro   0x0000131d       0x51 ./Core/Src/bsp.o
 .debug_macro   0x0000136e      0x103 ./Core/Src/bsp.o
 .debug_macro   0x00001471       0x6a ./Core/Src/bsp.o
 .debug_macro   0x000014db      0x1df ./Core/Src/bsp.o
 .debug_macro   0x000016ba       0x1c ./Core/Src/bsp.o
 .debug_macro   0x000016d6       0x22 ./Core/Src/bsp.o
 .debug_macro   0x000016f8       0xfb ./Core/Src/bsp.o
 .debug_macro   0x000017f3     0x1011 ./Core/Src/bsp.o
 .debug_macro   0x00002804      0x11f ./Core/Src/bsp.o
 .debug_macro   0x00002923    0x15ea5 ./Core/Src/bsp.o
 .debug_macro   0x000187c8       0x6d ./Core/Src/bsp.o
 .debug_macro   0x00018835     0x3693 ./Core/Src/bsp.o
 .debug_macro   0x0001bec8      0x190 ./Core/Src/bsp.o
 .debug_macro   0x0001c058       0x5c ./Core/Src/bsp.o
 .debug_macro   0x0001c0b4      0x980 ./Core/Src/bsp.o
 .debug_macro   0x0001ca34      0x9e9 ./Core/Src/bsp.o
 .debug_macro   0x0001d41d      0x115 ./Core/Src/bsp.o
 .debug_macro   0x0001d532      0x13e ./Core/Src/bsp.o
 .debug_macro   0x0001d670       0xa5 ./Core/Src/bsp.o