Archive member included to satisfy reference by file (symbol)

C:/ST/STM32CubeIDE_1.19.0/STM32CubeIDE/plugins/com.st.stm32cube.ide.mcu.externaltools.gnu-tools-for-stm32.13.3.rel1.win32_1.0.0.202411081344/tools/bin/../lib/gcc/arm-none-eabi/13.3.1/../../../../arm-none-eabi/lib/thumb/v7e-m+fp/hard\libc_nano.a(libc_a-exit.o)
                              C:/ST/STM32CubeIDE_1.19.0/STM32CubeIDE/plugins/com.st.stm32cube.ide.mcu.externaltools.gnu-tools-for-stm32.13.3.rel1.win32_1.0.0.202411081344/tools/bin/../lib/gcc/arm-none-eabi/13.3.1/../../../../arm-none-eabi/lib/thumb/v7e-m+fp/hard/crt0.o (exit)
C:/ST/STM32CubeIDE_1.19.0/STM32CubeIDE/plugins/com.st.stm32cube.ide.mcu.externaltools.gnu-tools-for-stm32.13.3.rel1.win32_1.0.0.202411081344/tools/bin/../lib/gcc/arm-none-eabi/13.3.1/../../../../arm-none-eabi/lib/thumb/v7e-m+fp/hard\libc_nano.a(libc_a-findfp.o)
                              C:/ST/STM32CubeIDE_1.19.0/STM32CubeIDE/plugins/com.st.stm32cube.ide.mcu.externaltools.gnu-tools-for-stm32.13.3.rel1.win32_1.0.0.202411081344/tools/bin/../lib/gcc/arm-none-eabi/13.3.1/../../../../arm-none-eabi/lib/thumb/v7e-m+fp/hard\libc_nano.a(libc_a-exit.o) (__stdio_exit_handler)
C:/ST/STM32CubeIDE_1.19.0/STM32CubeIDE/plugins/com.st.stm32cube.ide.mcu.externaltools.gnu-tools-for-stm32.13.3.rel1.win32_1.0.0.202411081344/tools/bin/../lib/gcc/arm-none-eabi/13.3.1/../../../../arm-none-eabi/lib/thumb/v7e-m+fp/hard\libc_nano.a(libc_a-fwalk.o)
                              C:/ST/STM32CubeIDE_1.19.0/STM32CubeIDE/plugins/com.st.stm32cube.ide.mcu.externaltools.gnu-tools-for-stm32.13.3.rel1.win32_1.0.0.202411081344/tools/bin/../lib/gcc/arm-none-eabi/13.3.1/../../../../arm-none-eabi/lib/thumb/v7e-m+fp/hard\libc_nano.a(libc_a-findfp.o) (_fwalk_sglue)
C:/ST/STM32CubeIDE_1.19.0/STM32CubeIDE/plugins/com.st.stm32cube.ide.mcu.externaltools.gnu-tools-for-stm32.13.3.rel1.win32_1.0.0.202411081344/tools/bin/../lib/gcc/arm-none-eabi/13.3.1/../../../../arm-none-eabi/lib/thumb/v7e-m+fp/hard\libc_nano.a(libc_a-stdio.o)
                              C:/ST/STM32CubeIDE_1.19.0/STM32CubeIDE/plugins/com.st.stm32cube.ide.mcu.externaltools.gnu-tools-for-stm32.13.3.rel1.win32_1.0.0.202411081344/tools/bin/../lib/gcc/arm-none-eabi/13.3.1/../../../../arm-none-eabi/lib/thumb/v7e-m+fp/hard\libc_nano.a(libc_a-findfp.o) (__sread)
C:/ST/STM32CubeIDE_1.19.0/STM32CubeIDE/plugins/com.st.stm32cube.ide.mcu.externaltools.gnu-tools-for-stm32.13.3.rel1.win32_1.0.0.202411081344/tools/bin/../lib/gcc/arm-none-eabi/13.3.1/../../../../arm-none-eabi/lib/thumb/v7e-m+fp/hard\libc_nano.a(libc_a-memset.o)
                              C:/ST/STM32CubeIDE_1.19.0/STM32CubeIDE/plugins/com.st.stm32cube.ide.mcu.externaltools.gnu-tools-for-stm32.13.3.rel1.win32_1.0.0.202411081344/tools/bin/../lib/gcc/arm-none-eabi/13.3.1/../../../../arm-none-eabi/lib/thumb/v7e-m+fp/hard/crt0.o (memset)
C:/ST/STM32CubeIDE_1.19.0/STM32CubeIDE/plugins/com.st.stm32cube.ide.mcu.externaltools.gnu-tools-for-stm32.13.3.rel1.win32_1.0.0.202411081344/tools/bin/../lib/gcc/arm-none-eabi/13.3.1/../../../../arm-none-eabi/lib/thumb/v7e-m+fp/hard\libc_nano.a(libc_a-closer.o)
                              C:/ST/STM32CubeIDE_1.19.0/STM32CubeIDE/plugins/com.st.stm32cube.ide.mcu.externaltools.gnu-tools-for-stm32.13.3.rel1.win32_1.0.0.202411081344/tools/bin/../lib/gcc/arm-none-eabi/13.3.1/../../../../arm-none-eabi/lib/thumb/v7e-m+fp/hard\libc_nano.a(libc_a-stdio.o) (_close_r)
C:/ST/STM32CubeIDE_1.19.0/STM32CubeIDE/plugins/com.st.stm32cube.ide.mcu.externaltools.gnu-tools-for-stm32.13.3.rel1.win32_1.0.0.202411081344/tools/bin/../lib/gcc/arm-none-eabi/13.3.1/../../../../arm-none-eabi/lib/thumb/v7e-m+fp/hard\libc_nano.a(libc_a-reent.o)
                              C:/ST/STM32CubeIDE_1.19.0/STM32CubeIDE/plugins/com.st.stm32cube.ide.mcu.externaltools.gnu-tools-for-stm32.13.3.rel1.win32_1.0.0.202411081344/tools/bin/../lib/gcc/arm-none-eabi/13.3.1/../../../../arm-none-eabi/lib/thumb/v7e-m+fp/hard\libc_nano.a(libc_a-closer.o) (errno)
C:/ST/STM32CubeIDE_1.19.0/STM32CubeIDE/plugins/com.st.stm32cube.ide.mcu.externaltools.gnu-tools-for-stm32.13.3.rel1.win32_1.0.0.202411081344/tools/bin/../lib/gcc/arm-none-eabi/13.3.1/../../../../arm-none-eabi/lib/thumb/v7e-m+fp/hard\libc_nano.a(libc_a-impure.o)
                              C:/ST/STM32CubeIDE_1.19.0/STM32CubeIDE/plugins/com.st.stm32cube.ide.mcu.externaltools.gnu-tools-for-stm32.13.3.rel1.win32_1.0.0.202411081344/tools/bin/../lib/gcc/arm-none-eabi/13.3.1/../../../../arm-none-eabi/lib/thumb/v7e-m+fp/hard\libc_nano.a(libc_a-reent.o) (_impure_ptr)
C:/ST/STM32CubeIDE_1.19.0/STM32CubeIDE/plugins/com.st.stm32cube.ide.mcu.externaltools.gnu-tools-for-stm32.13.3.rel1.win32_1.0.0.202411081344/tools/bin/../lib/gcc/arm-none-eabi/13.3.1/../../../../arm-none-eabi/lib/thumb/v7e-m+fp/hard\libc_nano.a(libc_a-lseekr.o)
[...]
Memory Configuration

Name             Origin             Length             Attributes
CCMRAM           0x10000000         0x00010000         xrw
RAM              0x20000000         0x00020000         xrw
FLASH            0x08000000         0x00080000         xr
*default*        0x00000000         0xffffffff

Linker script and memory map

LOAD C:/ST/STM32CubeIDE_1.19.0/STM32CubeIDE/plugins/com.st.stm32cube.ide.mcu.externaltools.gnu-tools-for-stm32.13.3.rel1.win32_1.0.0.202411081344/tools/bin/../lib/gcc/arm-none-eabi/13.3.1/thumb/v7e-m+fp/hard/crti.o
LOAD C:/ST/STM32CubeIDE_1.19.0/STM32CubeIDE/plugins/com.st.stm32cube.ide.mcu.externaltools.gnu-tools-for-stm32.13.3.rel1.win32_1.0.0.202411081344/tools/bin/../lib/gcc/arm-none-eabi/13.3.1/thumb/v7e-m+fp/hard/crtbegin.o
LOAD C:/ST/STM32CubeIDE_1.19.0/STM32CubeIDE/plugins/com.st.stm32cube.ide.mcu.externaltools.gnu-tools-for-stm32.13.3.rel1.win32_1.0.0.202411081344/tools/bin/../lib/gcc/arm-none-eabi/13.3.1/../../../../arm-none-eabi/lib/thumb/v7e-m+fp/hard/crt0.o
LOAD ./Core/Src/blink.o
LOAD ./Core/Src/bsp.o
LOAD ./Core/Src/gpio.o
LOAD ./Core/Src/main.o
LOAD ./Core/Src/stm32f4xx_hal_msp.o
LOAD ./Core/Src/stm32f4xx_it.o
LOAD ./Core/Src/syscalls.o
LOAD ./Core/Src/sysmem.o
LOAD ./Core/Src/system_stm32f4xx.o
LOAD ./Core/Startup/startup_stm32f407vetx.o
LOAD ./Core/qpc/ports/arm-cm/qv/gnu/qv_port.o
LOAD ./Core/qpc/src/qf/qep_hsm.o
LOAD ./Core/qpc/src/qf/qep_msm.o
LOAD ./Core/qpc/src/qf/qf_act.o
LOAD ./Core/qpc/src/qf/qf_actq.o
LOAD ./Core/qpc/src/qf/qf_defer.o
LOAD ./Core/qpc/src/qf/qf_dyn.o
LOAD ./Core/qpc/src/qf/qf_mem.o
LOAD ./Core/qpc/src/qf/qf_ps.o
LOAD ./Core/qpc/src/qf/qf_qact.o
LOAD ./Core/qpc/src/qf/qf_qeq.o
LOAD ./Core/qpc/src/qf/qf_qmact.o
LOAD ./Core/qpc/src/qf/qf_time.o
LOAD ./Core/qpc/src/qv/qv.o
LOAD ./Drivers/STM32F4xx_HAL_Driver/Src/stm32f4xx_hal.o
LOAD ./Drivers/STM32F4xx_HAL_Driver/Src/stm32f4xx_hal_cortex.o
LOAD ./Drivers/STM32F4xx_HAL_Driver/Src/stm32f4xx_hal_dma.o
LOAD ./Drivers/STM32F4xx_HAL_Driver/Src/stm32f4xx_hal_dma_ex.o
LOAD ./Drivers/STM32F4xx_HAL_Driver/Src/stm32f4xx_hal_exti.o
LOAD ./Drivers/STM32F4xx_HAL_Driver/Src/stm32f4xx_hal_flash.o
LOAD ./Drivers/STM32F4xx_HAL_Driver/Src/stm32f4xx_hal_flash_ex.o
LOAD ./Drivers/STM32F4xx_HAL_Driver/Src/stm32f4xx_hal_flash_ramfunc.o
LOAD ./Drivers/STM32F4xx_HAL_Driver/Src/stm32f4xx_hal_gpio.o
LOAD ./Drivers/STM32F4xx_HAL_Driver/Src/stm32f4xx_hal_pwr.o
LOAD ./Drivers/STM32F4xx_HAL_Driver/Src/stm32f4xx_hal_pwr_ex.o
LOAD ./Drivers/STM32F4xx_HAL_Driver/Src/stm32f4xx_hal_rcc.o
LOAD ./Drivers/STM32F4xx_HAL_Driver/Src/stm32f4xx_hal_rcc_ex.o
START GROUP
LOAD C:/ST/STM32CubeIDE_1.19.0/STM32CubeIDE/plugins/com.st.stm32cube.ide.mcu.externaltools.gnu-tools-for-stm32.13.3.rel1.win32_1.0.0.202411081344/tools/bin/../lib/gcc/arm-none-eabi/13.3.1/../../../../arm-none-eabi/lib/thumb/v7e-m+fp/hard\libc_nano.a
LOAD C:/ST/STM32CubeIDE_1.19.0/STM32CubeIDE/plugins/com.st.stm32cube.ide.mcu.externaltools.gnu-tools-for-stm32.13.3.rel1.win32_1.0.0.202411081344/tools/bin/../lib/gcc/arm-none-eabi/13.3.1/../../../../arm-none-eabi/lib/thumb/v7e-m+fp/hard\libm.a
END GROUP
START GROUP
LOAD C:/ST/STM32CubeIDE_1.19.0/STM32CubeIDE/plugins/com.st.stm32cube.ide.mcu.externaltools.gnu-tools-for-stm32.13.3.rel1.win32_1.0.0.202411081344/tools/bin/../lib/gcc/arm-none-eabi/13.3.1/thumb/v7e-m+fp/hard\libgcc.a
LOAD C:/ST/STM32CubeIDE_1.19.0/STM32CubeIDE/plugins/com.st.stm32cube.ide.mcu.externaltools.gnu-tools-for-stm32.13.3.rel1.win32_1.0.0.202411081344/tools/bin/../lib/gcc/arm-none-eabi/13.3.1/../../../../arm-none-eabi/lib/thumb/v7e-m+fp/hard\libc_nano.a
END GROUP
START GROUP
LOAD C:/ST/STM32CubeIDE_1.19.0/STM32CubeIDE/plugins/com.st.stm32cube.ide.mcu.externaltools.gnu-tools-for-stm32.13.3.rel1.win32_1.0.0.202411081344/tools/bin/../lib/gcc/arm-none-eabi/13.3.1/thumb/v7e-m+fp/hard\libgcc.a
LOAD C:/ST/STM32CubeIDE_1.19.0/STM32CubeIDE/plugins/com.st.stm32cube.ide.mcu.externaltools.gnu-tools-for-stm32.13.3.rel1.win32_1.0.0.202411081344/tools/bin/../lib/gcc/arm-none-eabi/13.3.1/../../../../arm-none-eabi/lib/thumb/v7e-m+fp/hard\libc_nano.a
LOAD C:/ST/STM32CubeIDE_1.19.0/STM32CubeIDE/plugins/com.st.stm32cube.ide.mcu.externaltools.gnu-tools-for-stm32.13.3.rel1.win32_1.0.0.202411081344/tools/bin/../lib/gcc/arm-none-eabi/13.3.1/../../../../arm-none-eabi/lib/thumb/v7e-m+fp/hard\libnosys.a
END GROUP
START GROUP
LOAD C:/ST/STM32CubeIDE_1.19.0/STM32CubeIDE/plugins/com.st.stm32cube.ide.mcu.externaltools.gnu-tools-for-stm32.13.3.rel1.win32_1.0.0.202411081344/tools/bin/../lib/gcc/arm-none-eabi/13.3.1/thumb/v7e-m+fp/hard\libgcc.a
LOAD C:/ST/STM32CubeIDE_1.19.0/STM32CubeIDE/plugins/com.st.stm32cube.ide.mcu.externaltools.gnu-tools-for-stm32.13.3.rel1.win32_1.0.0.202411081344/tools/bin/../lib/gcc/arm-none-eabi/13.3.1/../../../../arm-none-eabi/lib/thumb/v7e-m+fp/hard\libc_nano.a
LOAD C:/ST/STM32CubeIDE_1.19.0/STM32CubeIDE/plugins/com.st.stm32cube.ide.mcu.externaltools.gnu-tools-for-stm32.13.3.rel1.win32_1.0.0.202411081344/tools/bin/../lib/gcc/arm-none-eabi/13.3.1/../../../../arm-none-eabi/lib/thumb/v7e-m+fp/hard\libnosys.a
END GROUP
LOAD C:/ST/STM32CubeIDE_1.19.0/STM32CubeIDE/plugins/com.st.stm32cube.ide.mcu.externaltools.gnu-tools-for-stm32.13.3.rel1.win32_1.0.0.202411081344/tools/bin/../lib/gcc/arm-none-eabi/13.3.1/thumb/v7e-m+fp/hard/crtend.o
LOAD C:/ST/STM32CubeIDE_1.19.0/STM32CubeIDE/plugins/com.st.stm32cube.ide.mcu.externaltools.gnu-tools-for-stm32.13.3.rel1.win32_1.0.0.202411081344/tools/bin/../lib/gcc/arm-none-eabi/13.3.1/thumb/v7e-m+fp/hard/crtn.o
                0x20020000                        _estack = (ORIGIN (RAM) + LENGTH (RAM))
                0x00000200                        _Min_Heap_Size = 0x200
                0x00000400                        _Min_Stack_Size = 0x400

.isr_vector     0x08000000      0x188
                0x08000000                        . = ALIGN (0x4)
 *(.isr_vector)
 .isr_vector    0x08000000      0x188 ./Core/Startup/startup_stm32f407vetx.o
                0x08000000                g_pfnVectors
                0x08000188                        . = ALIGN (0x4)

.text           0x08000188     0x293c
                0x08000188                        . = ALIGN (0x4)
 *(.text)
 .text          0x08000188       0x40 C:/ST/STM32CubeIDE_1.19.0/STM32CubeIDE/plugins/com.st.stm32cube.ide.mcu.externaltools.gnu-tools-for-stm32.13.3.rel1.win32_1.0.0.202411081344/tools/bin/../lib/gcc/arm-none-eabi/13.3.1/thumb/v7e-m+fp/hard/crtbegin.o
 .text          0x080001c8       0x30 C:/ST/STM32CubeIDE_1.19.0/STM32CubeIDE/plugins/com.st.stm32cube.ide.mcu.externaltools.gnu-tools-for-stm32.13.3.rel1.win32_1.0.0.202411081344/tools/bin/../lib/gcc/arm-none-eabi/13.3.1/thumb/v7e-m+fp/hard\libgcc.a(_aeabi_uldivmod.o)
                0x080001c8                __aeabi_uldivmod
 .text          0x080001f8      0x2f8 C:/ST/STM32CubeIDE_1.19.0/STM32CubeIDE/plugins/com.st.stm32cube.ide.mcu.externaltools.gnu-tools-for-stm32.13.3.rel1.win32_1.0.0.202411081344/tools/bin/../lib/gcc/arm-none-eabi/13.3.1/thumb/v7e-m+fp/hard\libgcc.a(_udivmoddi4.o)
                0x080001f8                __udivmoddi4
 .text          0x080004f0        0x4 C:/ST/STM32CubeIDE_1.19.0/STM32CubeIDE/plugins/com.st.stm32cube.ide.mcu.externaltools.gnu-tools-for-stm32.13.3.rel1.win32_1.0.0.202411081344/tools/bin/../lib/gcc/arm-none-eabi/13.3.1/thumb/v7e-m+fp/hard\libgcc.a(_dvmd_tls.o)
                0x080004f0                __aeabi_idiv0
                0x080004f0                __aeabi_ldiv0
 *(.text*)
 .text.Blinky_ctor
                0x080004f4       0x44 ./Core/Src/blink.o
                0x080004f4                Blinky_ctor
 .text.Blinky_initial
                0x08000538       0x24 ./Core/Src/blink.o
 .text.Blinky_off
                0x0800055c       0x74 ./Core/Src/blink.o
 .text.Blinky_on
                0x080005d0       0x74 ./Core/Src/blink.o
 .text.Blinky_paused
                0x08000644       0x84 ./Core/Src/blink.o
 .text.__NVIC_SystemReset
                0x080006c8       0x2c ./Core/Src/bsp.o
 .text.BSP_ledOff
                0x080006f4       0x18 ./Core/Src/bsp.o
                0x080006f4                BSP_ledOff
 .text.BSP_ledOn
                0x0800070c       0x18 ./Core/Src/bsp.o
                0x0800070c                BSP_ledOn
 .text.Q_onError
                0x08000724       0x12 ./Core/Src/bsp.o
                0x08000724                Q_onError
 .text.QF_onStartup
                0x08000736        0xe ./Core/Src/bsp.o
                0x08000736                QF_onStartup
 .text.QV_onIdle
                0x08000744        0xe ./Core/Src/bsp.o
                0x08000744                QV_onIdle
 *fill*         0x08000752        0x2 
 .text.MX_GPIO_Init
                0x08000754       0xb4 ./Core/Src/gpio.o
                0x08000754                MX_GPIO_Init
 .text.main     0x08000808       0x48 ./Core/Src/main.o
                0x08000808                main
 .text.SystemClock_Config
                0x08000850       0xbc ./Core/Src/main.o
                0x08000850                SystemClock_Config
 .text.HAL_GPIO_EXTI_Callback
                0x0800090c       0x30 ./Core/Src/main.o
                0x0800090c                HAL_GPIO_EXTI_Callback
 .text.Error_Handler
                0x0800093c        0xc ./Core/Src/main.o
                0x0800093c                Error_Handler
 .text.HAL_MspInit
                0x08000948       0x50 ./Core/Src/stm32f4xx_hal_msp.o
                0x08000948                HAL_MspInit
 .text.NMI_Handler
                0x08000998        0x8 ./Core/Src/stm32f4xx_it.o
                0x08000998                NMI_Handler
 .text.HardFault_Handler
                0x080009a0        0x8 ./Core/Src/stm32f4xx_it.o
                0x080009a0                HardFault_Handler
 .text.MemManage_Handler
                0x080009a8        0x8 ./Core/Src/stm32f4xx_it.o
                0x080009a8                MemManage_Handler
 .text.BusFault_Handler
                0x080009b0        0x8 ./Core/Src/stm32f4xx_it.o
                0x080009b0                BusFault_Handler
 .text.UsageFault_Handler
                0x080009b8        0x8 ./Core/Src/stm32f4xx_it.o
                0x080009b8                UsageFault_Handler
 .text.SVC_Handler
                0x080009c0        0xe ./Core/Src/stm32f4xx_it.o
                0x080009c0                SVC_Handler
 .text.DebugMon_Handler
                0x080009ce        0xe ./Core/Src/stm32f4xx_it.o
                0x080009ce                DebugMon_Handler
 .text.PendSV_Handler
                0x080009dc        0xe ./Core/Src/stm32f4xx_it.o
                0x080009dc                PendSV_Handler
 .text.SysTick_Handler
                0x080009ea       0x14 ./Core/Src/stm32f4xx_it.o
                0x080009ea                SysTick_Handler
 .text.EXTI4_IRQHandler
                0x080009fe        0xe ./Core/Src/stm32f4xx_it.o
                0x080009fe                EXTI4_IRQHandler
 .text.SystemInit
                0x08000a0c       0x24 ./Core/Src/system_stm32f4xx.o
                0x08000a0c                SystemInit
 .text.Reset_Handler
                0x08000a30       0x50 ./Core/Startup/startup_stm32f407vetx.o
                0x08000a30                Reset_Handler
 .text.Default_Handler
                0x08000a80        0x2 ./Core/Startup/startup_stm32f407vetx.o
                0x08000a80                RTC_Alarm_IRQHandler
                0x08000a80                HASH_RNG_IRQHandler
                0x08000a80                EXTI2_IRQHandler
                0x08000a80                TIM8_CC_IRQHandler
                0x08000a80                TIM1_CC_IRQHandler
                0x08000a80                DMA2_Stream5_IRQHandler
                0x08000a80                DMA1_Stream5_IRQHandler
                0x08000a80                PVD_IRQHandler
                0x08000a80                SDIO_IRQHandler
                0x08000a80                TAMP_STAMP_IRQHandler
                0x08000a80                CAN2_RX1_IRQHandler
                0x08000a80                EXTI3_IRQHandler
                0x08000a80                TIM8_TRG_COM_TIM14_IRQHandler
                0x08000a80                TIM1_UP_TIM10_IRQHandler
                0x08000a80                TIM8_UP_TIM13_IRQHandler
                0x08000a80                I2C3_ER_IRQHandler
                0x08000a80                EXTI0_IRQHandler
                0x08000a80                I2C2_EV_IRQHandler
                0x08000a80                DMA1_Stream2_IRQHandler
                0x08000a80                CAN1_RX0_IRQHandler
                0x08000a80                FPU_IRQHandler
                0x08000a80                OTG_HS_WKUP_IRQHandler
                0x08000a80                CAN2_SCE_IRQHandler
                0x08000a80                DMA2_Stream2_IRQHandler
                0x08000a80                SPI1_IRQHandler
                0x08000a80                TIM6_DAC_IRQHandler
                0x08000a80                TIM1_BRK_TIM9_IRQHandler
                0x08000a80                DCMI_IRQHandler
                0x08000a80                CAN2_RX0_IRQHandler
                0x08000a80                DMA2_Stream3_IRQHandler
                0x08000a80                USART6_IRQHandler
                0x08000a80                USART3_IRQHandler
                0x08000a80                CAN1_RX1_IRQHandler
                0x08000a80                UART5_IRQHandler
                0x08000a80                DMA2_Stream0_IRQHandler
                0x08000a80                TIM4_IRQHandler
                0x08000a80                I2C1_EV_IRQHandler
                0x08000a80                DMA1_Stream6_IRQHandler
                0x08000a80                DMA1_Stream1_IRQHandler
                0x08000a80                UART4_IRQHandler
                0x08000a80                TIM3_IRQHandler
                0x08000a80                RCC_IRQHandler
                0x08000a80                TIM8_BRK_TIM12_IRQHandler
                0x08000a80                Default_Handler
                0x08000a80                EXTI15_10_IRQHandler
                0x08000a80                ADC_IRQHandler
                0x08000a80                DMA1_Stream7_IRQHandler
                0x08000a80                TIM7_IRQHandler
                0x08000a80                CAN2_TX_IRQHandler
                0x08000a80                TIM5_IRQHandler
                0x08000a80                DMA2_Stream7_IRQHandler
                0x08000a80                I2C3_EV_IRQHandler
                0x08000a80                EXTI9_5_IRQHandler
                0x08000a80                RTC_WKUP_IRQHandler
                0x08000a80                ETH_WKUP_IRQHandler
                0x08000a80                SPI2_IRQHandler
                0x08000a80                OTG_HS_EP1_IN_IRQHandler
                0x08000a80                DMA1_Stream0_IRQHandler
                0x08000a80                CAN1_TX_IRQHandler
                0x08000a80                FSMC_IRQHandler
                0x08000a80                ETH_IRQHandler
                0x08000a80                OTG_HS_EP1_OUT_IRQHandler
                0x08000a80                WWDG_IRQHandler
                0x08000a80                TIM2_IRQHandler
                0x08000a80                OTG_FS_WKUP_IRQHandler
                0x08000a80                TIM1_TRG_COM_TIM11_IRQHandler
                0x08000a80                OTG_HS_IRQHandler
                0x08000a80                EXTI1_IRQHandler
                0x08000a80                USART2_IRQHandler
                0x08000a80                I2C2_ER_IRQHandler
                0x08000a80                DMA2_Stream1_IRQHandler
                0x08000a80                CAN1_SCE_IRQHandler
                0x08000a80                FLASH_IRQHandler
                0x08000a80                DMA2_Stream4_IRQHandler
                0x08000a80                USART1_IRQHandler
                0x08000a80                OTG_FS_IRQHandler
                0x08000a80                SPI3_IRQHandler
                0x08000a80                DMA1_Stream4_IRQHandler
                0x08000a80                I2C1_ER_IRQHandler
                0x08000a80                DMA2_Stream6_IRQHandler
                0x08000a80                DMA1_Stream3_IRQHandler
 *fill*         0x08000a82        0x2 
 .text.QF_int_disable_
                0x08000a84       0x20 ./Core/qpc/ports/arm-cm/qv/gnu/qv_port.o
                0x08000a84                QF_int_disable_
 .text.QF_int_enable_
                0x08000aa4       0x20 ./Core/qpc/ports/arm-cm/qv/gnu/qv_port.o
                0x08000aa4                QF_int_enable_
 .text.QF_crit_entry_
                0x08000ac4       0x20 ./Core/qpc/ports/arm-cm/qv/gnu/qv_port.o
                0x08000ac4                QF_crit_entry_
 .text.QF_crit_exit_
                0x08000ae4       0x20 ./Core/qpc/ports/arm-cm/qv/gnu/qv_port.o
                0x08000ae4                QF_crit_exit_
 .text.QV_init  0x08000b04       0x30 ./Core/qpc/ports/arm-cm/qv/gnu/qv_port.o
                0x08000b04                QV_init
 .text.QHsm_ctor
                0x08000b34       0x30 ./Core/qpc/src/qf/qep_hsm.o
                0x08000b34                QHsm_ctor
 .text.QHsm_top
                0x08000b64       0x18 ./Core/qpc/src/qf/qep_hsm.o
                0x08000b64                QHsm_top
 .text.QHsm_init_
                0x08000b7c       0xf8 ./Core/qpc/src/qf/qep_hsm.o
                0x08000b7c                QHsm_init_
 .text.QHsm_dispatch_
                0x08000c74      0x188 ./Core/qpc/src/qf/qep_hsm.o
                0x08000c74                QHsm_dispatch_
 .text.QHsm_tran_simple_
                0x08000dfc       0xc8 ./Core/qpc/src/qf/qep_hsm.o
                0x08000dfc                QHsm_tran_simple_
 .text.QHsm_tran_complex_
                0x08000ec4      0x120 ./Core/qpc/src/qf/qep_hsm.o
                0x08000ec4                QHsm_tran_complex_
 .text.QHsm_enter_target_
                0x08000fe4      0x104 ./Core/qpc/src/qf/qep_hsm.o
                0x08000fe4                QHsm_enter_target_
 .text.QHsm_isIn_
                0x080010e8       0x70 ./Core/qpc/src/qf/qep_hsm.o
                0x080010e8                QHsm_isIn_
 .text.QHsm_getStateHandler_
                0x08001158       0x18 ./Core/qpc/src/qf/qep_hsm.o
                0x08001158                QHsm_getStateHandler_
 .text.QEvt_ctor
                0x08001170       0x2a ./Core/qpc/src/qf/qf_act.o
                0x08001170                QEvt_ctor
 *fill*         0x0800119a        0x2 
 .text.QEvt_refCtr_inc_
                0x0800119c       0x34 ./Core/qpc/src/qf/qf_act.o
                0x0800119c                QEvt_refCtr_inc_
 .text.QEvt_refCtr_dec_
                0x080011d0       0x24 ./Core/qpc/src/qf/qf_act.o
                0x080011d0                QEvt_refCtr_dec_
 .text.QActive_post_
                0x080011f4       0x94 ./Core/qpc/src/qf/qf_actq.o
                0x080011f4                QActive_post_
 .text.QActive_get_
                0x08001288       0xb0 ./Core/qpc/src/qf/qf_actq.o
                0x08001288                QActive_get_
 .text.QActive_postFIFO_
                0x08001338       0x88 ./Core/qpc/src/qf/qf_actq.o
 .text.QF_gc    0x080013c0       0x9c ./Core/qpc/src/qf/qf_dyn.o
                0x080013c0                QF_gc
 .text.QMPool_put
                0x0800145c       0xac ./Core/qpc/src/qf/qf_mem.o
                0x0800145c                QMPool_put
 .text.QActive_ctor
                0x08001508       0x24 ./Core/qpc/src/qf/qf_qact.o
                0x08001508                QActive_ctor
 .text.QActive_register_
                0x0800152c      0x10c ./Core/qpc/src/qf/qf_qact.o
                0x0800152c                QActive_register_
 .text.QPSet_notEmpty
                0x08001638       0x22 ./Core/qpc/src/qf/qf_qact.o
                0x08001638                QPSet_notEmpty
 .text.QPSet_insert
                0x0800165a       0x2a ./Core/qpc/src/qf/qf_qact.o
                0x0800165a                QPSet_insert
 .text.QPSet_remove
                0x08001684       0x2c ./Core/qpc/src/qf/qf_qact.o
                0x08001684                QPSet_remove
 .text.QPSet_findMax
                0x080016b0       0x20 ./Core/qpc/src/qf/qf_qact.o
                0x080016b0                QPSet_findMax
 .text.QEQueue_init
                0x080016d0       0x68 ./Core/qpc/src/qf/qf_qeq.o
                0x080016d0                QEQueue_init
 .text.QTimeEvt_ctorX
                0x08001738       0x78 ./Core/qpc/src/qf/qf_time.o
                0x08001738                QTimeEvt_ctorX
 .text.QTimeEvt_armX
                0x080017b0       0xc0 ./Core/qpc/src/qf/qf_time.o
                0x080017b0                QTimeEvt_armX
 .text.QTimeEvt_disarm
                0x08001870       0x52 ./Core/qpc/src/qf/qf_time.o
                0x08001870                QTimeEvt_disarm
 *fill*         0x080018c2        0x2 
 .text.QTimeEvt_tick_
                0x080018c4       0xf4 ./Core/qpc/src/qf/qf_time.o
                0x080018c4                QTimeEvt_tick_
 .text.QTimeEvt_init
                0x080019b8       0x40 ./Core/qpc/src/qf/qf_time.o
                0x080019b8                QTimeEvt_init
 .text.QTimeEvt_expire_
                0x080019f8       0x52 ./Core/qpc/src/qf/qf_time.o
                0x080019f8                QTimeEvt_expire_
 .text.QF_init  0x08001a4a       0x10 ./Core/qpc/src/qv/qv.o
                0x08001a4a                QF_init
 *fill*         0x08001a5a        0x2 
 .text.QF_run   0x08001a5c       0x94 ./Core/qpc/src/qv/qv.o
                0x08001a5c                QF_run
 .text.QActive_start
                0x08001af0       0x78 ./Core/qpc/src/qv/qv.o
                0x08001af0                QActive_start
 .text.HAL_Init
                0x08001b68       0x44 ./Drivers/STM32F4xx_HAL_Driver/Src/stm32f4xx_hal.o
                0x08001b68                HAL_Init
 .text.HAL_InitTick
                0x08001bac       0x60 ./Drivers/STM32F4xx_HAL_Driver/Src/stm32f4xx_hal.o
                0x08001bac                HAL_InitTick
 .text.HAL_IncTick
                0x08001c0c       0x28 ./Drivers/STM32F4xx_HAL_Driver/Src/stm32f4xx_hal.o
                0x08001c0c                HAL_IncTick
 .text.HAL_GetTick
                0x08001c34       0x18 ./Drivers/STM32F4xx_HAL_Driver/Src/stm32f4xx_hal.o
                0x08001c34                HAL_GetTick
 .text.__NVIC_SetPriorityGrouping
                0x08001c4c       0x48 ./Drivers/STM32F4xx_HAL_Driver/Src/stm32f4xx_hal_cortex.o
 .text.__NVIC_GetPriorityGrouping
                0x08001c94       0x1c ./Drivers/STM32F4xx_HAL_Driver/Src/stm32f4xx_hal_cortex.o
 .text.__NVIC_EnableIRQ
                0x08001cb0       0x3c ./Drivers/STM32F4xx_HAL_Driver/Src/stm32f4xx_hal_cortex.o
 .text.__NVIC_SetPriority
                0x08001cec       0x54 ./Drivers/STM32F4xx_HAL_Driver/Src/stm32f4xx_hal_cortex.o
 .text.NVIC_EncodePriority
                0x08001d40       0x66 ./Drivers/STM32F4xx_HAL_Driver/Src/stm32f4xx_hal_cortex.o
 *fill*         0x08001da6        0x2 
 .text.SysTick_Config
                0x08001da8       0x44 ./Drivers/STM32F4xx_HAL_Driver/Src/stm32f4xx_hal_cortex.o
 .text.HAL_NVIC_SetPriorityGrouping
                0x08001dec       0x16 ./Drivers/STM32F4xx_HAL_Driver/Src/stm32f4xx_hal_cortex.o
                0x08001dec                HAL_NVIC_SetPriorityGrouping
 .text.HAL_NVIC_SetPriority
                0x08001e02       0x38 ./Drivers/STM32F4xx_HAL_Driver/Src/stm32f4xx_hal_cortex.o
                0x08001e02                HAL_NVIC_SetPriority
 .text.HAL_NVIC_EnableIRQ
                0x08001e3a       0x1c ./Drivers/STM32F4xx_HAL_Driver/Src/stm32f4xx_hal_cortex.o
                0x08001e3a                HAL_NVIC_EnableIRQ
 .text.HAL_SYSTICK_Config
                0x08001e56       0x18 ./Drivers/STM32F4xx_HAL_Driver/Src/stm32f4xx_hal_cortex.o
                0x08001e56                HAL_SYSTICK_Config
 *fill*         0x08001e6e        0x2 
 .text.HAL_GPIO_Init
                0x08001e70      0x338 ./Drivers/STM32F4xx_HAL_Driver/Src/stm32f4xx_hal_gpio.o
                0x08001e70                HAL_GPIO_Init
 .text.HAL_GPIO_WritePin
                0x080021a8       0x32 ./Drivers/STM32F4xx_HAL_Driver/Src/stm32f4xx_hal_gpio.o
                0x080021a8                HAL_GPIO_WritePin
 *fill*         0x080021da        0x2 
 .text.HAL_GPIO_EXTI_IRQHandler
                0x080021dc       0x30 ./Drivers/STM32F4xx_HAL_Driver/Src/stm32f4xx_hal_gpio.o
                0x080021dc                HAL_GPIO_EXTI_IRQHandler
 .text.HAL_RCC_OscConfig
                0x0800220c      0x4f0 ./Drivers/STM32F4xx_HAL_Driver/Src/stm32f4xx_hal_rcc.o
                0x0800220c                HAL_RCC_OscConfig
 .text.HAL_RCC_ClockConfig
                0x080026fc      0x1cc ./Drivers/STM32F4xx_HAL_Driver/Src/stm32f4xx_hal_rcc.o
                0x080026fc                HAL_RCC_ClockConfig
 .text.HAL_RCC_GetSysClockFreq
                0x080028c8      0x18c ./Drivers/STM32F4xx_HAL_Driver/Src/stm32f4xx_hal_rcc.o
                0x080028c8                HAL_RCC_GetSysClockFreq
 .text.memset   0x08002a54       0x10 C:/ST/STM32CubeIDE_1.19.0/STM32CubeIDE/plugins/com.st.stm32cube.ide.mcu.externaltools.gnu-tools-for-stm32.13.3.rel1.win32_1.0.0.202411081344/tools/bin/../lib/gcc/arm-none-eabi/13.3.1/../../../../arm-none-eabi/lib/thumb/v7e-m+fp/hard\libc_nano.a(libc_a-memset.o)
                0x08002a54                memset
 .text.__libc_init_array
                0x08002a64       0x48 C:/ST/STM32CubeIDE_1.19.0/STM32CubeIDE/plugins/com.st.stm32cube.ide.mcu.externaltools.gnu-tools-for-stm32.13.3.rel1.win32_1.0.0.202411081344/tools/bin/../lib/gcc/arm-none-eabi/13.3.1/../../../../arm-none-eabi/lib/thumb/v7e-m+fp/hard\libc_nano.a(libc_a-init.o)
                0x08002a64                __libc_init_array
 *(.glue_7)
 .glue_7        0x08002aac        0x0 linker stubs
 *(.glue_7t)
 .glue_7t       0x08002aac        0x0 linker stubs
 *(.eh_frame)
 .eh_frame      0x08002aac        0x0 C:/ST/STM32CubeIDE_1.19.0/STM32CubeIDE/plugins/com.st.stm32cube.ide.mcu.externaltools.gnu-tools-for-stm32.13.3.rel1.win32_1.0.0.202411081344/tools/bin/../lib/gcc/arm-none-eabi/13.3.1/thumb/v7e-m+fp/hard/crtbegin.o
 *(.init)
 .init          0x08002aac        0x4 C:/ST/STM32CubeIDE_1.19.0/STM32CubeIDE/plugins/com.st.stm32cube.ide.mcu.externaltools.gnu-tools-for-stm32.13.3.rel1.win32_1.0.0.202411081344/tools/bin/../lib/gcc/arm-none-eabi/13.3.1/thumb/v7e-m+fp/hard/crti.o
                0x08002aac                _init
 .init          0x08002ab0        0x8 C:/ST/STM32CubeIDE_1.19.0/STM32CubeIDE/plugins/com.st.stm32cube.ide.mcu.externaltools.gnu-tools-for-stm32.13.3.rel1.win32_1.0.0.202411081344/tools/bin/../lib/gcc/arm-none-eabi/13.3.1/thumb/v7e-m+fp/hard/crtn.o
 *(.fini)
 .fini          0x08002ab8        0x4 C:/ST/STM32CubeIDE_1.19.0/STM32CubeIDE/plugins/com.st.stm32cube.ide.mcu.externaltools.gnu-tools-for-stm32.13.3.rel1.win32_1.0.0.202411081344/tools/bin/../lib/gcc/arm-none-eabi/13.3.1/thumb/v7e-m+fp/hard/crti.o
                0x08002ab8                _fini
 .fini          0x08002abc        0x8 C:/ST/STM32CubeIDE_1.19.0/STM32CubeIDE/plugins/com.st.stm32cube.ide.mcu.externaltools.gnu-tools-for-stm32.13.3.rel1.win32_1.0.0.202411081344/tools/bin/../lib/gcc/arm-none-eabi/13.3.1/thumb/v7e-m+fp/hard/crtn.o
                0x08002ac4                        . = ALIGN (0x4)
                0x08002ac4                        _etext = .

.vfp11_veneer   0x08002ac4        0x0
 .vfp11_veneer  0x08002ac4        0x0 linker stubs

.v4_bx          0x08002ac4        0x0
 .v4_bx         0x08002ac4        0x0 linker stubs

.iplt           0x08002ac4        0x0
 .iplt          0x08002ac4        0x0 C:/ST/STM32CubeIDE_1.19.0/STM32CubeIDE/plugins/com.st.stm32cube.ide.mcu.externaltools.gnu-tools-for-stm32.13.3.rel1.win32_1.0.0.202411081344/tools/bin/../lib/gcc/arm-none-eabi/13.3.1/thumb/v7e-m+fp/hard/crtbegin.o

.rodata         0x08002ac4       0xa4
                0x08002ac4                        . = ALIGN (0x4)
 *(.rodata)
 *(.rodata*)
 .rodata.btnEvt.0
                0x08002ac4        0x8 ./Core/Src/main.o
 .rodata.AHBPrescTable
                0x08002acc       0x10 ./Core/Src/system_stm32f4xx.o
                0x08002acc                AHBPrescTable
 .rodata.QF_port_module_
                0x08002adc        0x8 ./Core/qpc/ports/arm-cm/qv/gnu/qv_port.o
                0x08002adc                QF_port_module_
 .rodata.Q_this_module_
                0x08002ae4        0x8 ./Core/qpc/src/qf/qep_hsm.o
 .rodata.l_resEvt_
                0x08002aec       0x20 ./Core/qpc/src/qf/qep_hsm.o
 .rodata.vtable.0
                0x08002b0c       0x10 ./Core/qpc/src/qf/qep_hsm.o
 .rodata.Q_this_module_
                0x08002b1c        0x7 ./Core/qpc/src/qf/qf_act.o
 *fill*         0x08002b23        0x1 
 .rodata.Q_this_module_
                0x08002b24        0x8 ./Core/qpc/src/qf/qf_actq.o
 .rodata.Q_this_module_
                0x08002b2c        0x7 ./Core/qpc/src/qf/qf_dyn.o
 *fill*         0x08002b33        0x1 
 .rodata.Q_this_module_
                0x08002b34        0x7 ./Core/qpc/src/qf/qf_mem.o
 *fill*         0x08002b3b        0x1 
 .rodata.Q_this_module_
                0x08002b3c        0x8 ./Core/qpc/src/qf/qf_qact.o
 .rodata.vtable.0
                0x08002b44       0x10 ./Core/qpc/src/qf/qf_qact.o
 .rodata.Q_this_module_
                0x08002b54        0x7 ./Core/qpc/src/qf/qf_qeq.o
 *fill*         0x08002b5b        0x1 
 .rodata.Q_this_module_
                0x08002b5c        0x8 ./Core/qpc/src/qf/qf_time.o
 .rodata.Q_this_module_
                0x08002b64        0x3 ./Core/qpc/src/qv/qv.o
                0x08002b68                        . = ALIGN (0x4)
 *fill*         0x08002b67        0x1 

.ARM.extab      0x08002b68        0x0
                0x08002b68                        . = ALIGN (0x4)
 *(.ARM.extab* .gnu.linkonce.armextab.*)
                0x08002b68                        . = ALIGN (0x4)

.ARM            0x08002b68        0x8
                0x08002b68                        . = ALIGN (0x4)
                0x08002b68                        __exidx_start = .
 *(.ARM.exidx*)
 .ARM.exidx     0x08002b68        0x8 C:/ST/STM32CubeIDE_1.19.0/STM32CubeIDE/plugins/com.st.stm32cube.ide.mcu.externaltools.gnu-tools-for-stm32.13.3.rel1.win32_1.0.0.202411081344/tools/bin/../lib/gcc/arm-none-eabi/13.3.1/thumb/v7e-m+fp/hard\libgcc.a(_udivmoddi4.o)
                0x08002b70                        __exidx_end = .
                0x08002b70                        . = ALIGN (0x4)

.preinit_array  0x08002b70        0x0
                0x08002b70                        . = ALIGN (0x4)
                0x08002b70                        PROVIDE (__preinit_array_start = .)
 *(.preinit_array*)
                0x08002b70                        PROVIDE (__preinit_array_end = .)
                0x08002b70                        . = ALIGN (0x4)

.init_array     0x08002b70        0x4
                0x08002b70                        . = ALIGN (0x4)
                0x08002b70                        PROVIDE (__init_array_start = .)
 *(SORT_BY_NAME(.init_array.*))
 *(.init_array*)
 .init_array    0x08002b70        0x4 C:/ST/STM32CubeIDE_1.19.0/STM32CubeIDE/plugins/com.st.stm32cube.ide.mcu.externaltools.gnu-tools-for-stm32.13.3.rel1.win32_1.0.0.202411081344/tools/bin/../lib/gcc/arm-none-eabi/13.3.1/thumb/v7e-m+fp/hard/crtbegin.o
                0x08002b74                        PROVIDE (__init_array_end = .)
                0x08002b74                        . = ALIGN (0x4)

.fini_array     0x08002b74        0x4
                0x08002b74                        . = ALIGN (0x4)
                [!provide]                        PROVIDE (__fini_array_start = .)
 *(SORT_BY_NAME(.fini_array.*))
 *(.fini_array*)
 .fini_array    0x08002b74        0x4 C:/ST/STM32CubeIDE_1.19.0/STM32CubeIDE/plugins/com.st.stm32cube.ide.mcu.externaltools.gnu-tools-for-stm32.13.3.rel1.win32_1.0.0.202411081344/tools/bin/../lib/gcc/arm-none-eabi/13.3.1/thumb/v7e-m+fp/hard/crtbegin.o
                [!provide]                        PROVIDE (__fini_array_end = .)
                0x08002b78                        . = ALIGN (0x4)
                0x08002b78                        _sidata = LOADADDR (.data)

.rel.dyn        0x08002b78        0x0
 .rel.iplt      0x08002b78        0x0 C:/ST/STM32CubeIDE_1.19.0/STM32CubeIDE/plugins/com.st.stm32cube.ide.mcu.externaltools.gnu-tools-for-stm32.13.3.rel1.win32_1.0.0.202411081344/tools/bin/../lib/gcc/arm-none-eabi/13.3.1/thumb/v7e-m+fp/hard/crtbegin.o

.data           0x20000000        0xc load address 0x08002b78
                0x20000000                        . = ALIGN (0x4)
                0x20000000                        _sdata = .
 *(.data)
 *(.data*)
 .data.SystemCoreClock
                0x20000000        0x4 ./Core/Src/system_stm32f4xx.o
                0x20000000                SystemCoreClock
 .data.uwTickPrio
                0x20000004        0x4 ./Drivers/STM32F4xx_HAL_Driver/Src/stm32f4xx_hal.o
                0x20000004                uwTickPrio
 .data.uwTickFreq
                0x20000008        0x1 ./Drivers/STM32F4xx_HAL_Driver/Src/stm32f4xx_hal.o
                0x20000008                uwTickFreq
 *(.RamFunc)
 *(.RamFunc*)
                0x2000000c                        . = ALIGN (0x4)
 *fill*         0x20000009        0x3 
                0x2000000c                        _edata = .
                0x08002b84                        _siccmram = LOADADDR (.ccmram)

.igot.plt       0x2000000c        0x0 load address 0x08002b84
 .igot.plt      0x2000000c        0x0 C:/ST/STM32CubeIDE_1.19.0/STM32CubeIDE/plugins/com.st.stm32cube.ide.mcu.externaltools.gnu-tools-for-stm32.13.3.rel1.win32_1.0.0.202411081344/tools/bin/../lib/gcc/arm-none-eabi/13.3.1/thumb/v7e-m+fp/hard/crtbegin.o

.ccmram         0x10000000        0x0 load address 0x08002b84
                0x10000000                        . = ALIGN (0x4)
                0x10000000                        _sccmram = .
 *(.ccmram)
 *(.ccmram*)
                0x10000000                        . = ALIGN (0x4)
                0x10000000                        _eccmram = .
                0x10000000                        . = ALIGN (0x4)

.bss            0x2000000c      0x18c
                0x2000000c                        _sbss = .
                0x2000000c                        __bss_start__ = _sbss
 *(.bss)
 .bss           0x2000000c       0x1c C:/ST/STM32CubeIDE_1.19.0/STM32CubeIDE/plugins/com.st.stm32cube.ide.mcu.externaltools.gnu-tools-for-stm32.13.3.rel1.win32_1.0.0.202411081344/tools/bin/../lib/gcc/arm-none-eabi/13.3.1/thumb/v7e-m+fp/hard/crtbegin.o
 *(.bss*)
 .bss.l_blinky  0x20000028       0x5c ./Core/Src/blink.o
                0x20000028                l_blinky
 .bss.l_blinkyQueueSto
                0x20000084       0x28 ./Core/Src/main.o
 .bss.QActive_registry_
                0x200000ac       0x84 ./Core/qpc/src/qf/qf_qact.o
                0x200000ac                QActive_registry_
 .bss.QF_priv_  0x20000130       0x40 ./Core/qpc/src/qf/qf_qact.o
                0x20000130                QF_priv_
 .bss.QTimeEvt_timeEvtHead_
                0x20000170       0x1c ./Core/qpc/src/qf/qf_time.o
                0x20000170                QTimeEvt_timeEvtHead_
 .bss.QV_priv_  0x2000018c        0x8 ./Core/qpc/src/qv/qv.o
                0x2000018c                QV_priv_
 .bss.uwTick    0x20000194        0x4 ./Drivers/STM32F4xx_HAL_Driver/Src/stm32f4xx_hal.o
                0x20000194                uwTick
 *(COMMON)
                0x20000198                        . = ALIGN (0x4)
                0x20000198                        _ebss = .
                0x20000198                        __bss_end__ = _ebss

._user_heap_stack
                0x20000198      0x600
                0x20000198                        . = ALIGN (0x8)
                [!provide]                        PROVIDE (end = .)
                0x20000198                        PROVIDE (_end = .)
                0x20000398                        . = (. + _Min_Heap_Size)
 *fill*         0x20000198      0x200 
                0x20000798                        . = (. + _Min_Stack_Size)
 *fill*         0x20000398      0x400 
                0x20000798                        . = ALIGN (0x8)

/DISCARD/
 libc.a(*)
 libm.a(*)
 libgcc.a(*)

.ARM.attributes
                0x00000000       0x30
 *(.ARM.attributes)
 .ARM.attributes
                0x00000000       0x22 C:/ST/STM32CubeIDE_1.19.0/STM32CubeIDE/plugins/com.st.stm32cube.ide.mcu.externaltools.gnu-tools-for-stm32.13.3.rel1.win32_1.0.0.202411081344/tools/bin/../lib/gcc/arm-none-eabi/13.3.1/thumb/v7e-m+fp/hard/crti.o
 .ARM.attributes
                0x00000022       0x34 C:/ST/STM32CubeIDE_1.19.0/STM32CubeIDE/plugins/com.st.stm32cube.ide.mcu.externaltools.gnu-tools-for-stm32.13.3.rel1.win32_1.0.0.202411081344/tools/bin/../lib/gcc/arm-none-eabi/13.3.1/thumb/v7e-m+fp/hard/crtbegin.o
 .ARM.attributes
                0x00000056       0x34 ./Core/Src/blink.o
 .ARM.attributes
                0x0000008a       0x34 ./Core/Src/bsp.o
 .ARM.attributes
                0x000000be       0x34 ./Core/Src/gpio.o
 .ARM.attributes
                0x000000f2       0x34 ./Core/Src/main.o
 .ARM.attributes
                0x00000126       0x34 ./Core/Src/stm32f4xx_hal_msp.o
 .ARM.attributes
                0x0000015a       0x34 ./Core/Src/stm32f4xx_it.o
 .ARM.attributes
                0x0000018e       0x34 ./Core/Src/system_stm32f4xx.o
 .ARM.attributes
                0x000001c2       0x21 ./Core/Startup/startup_stm32f407vetx.o
 .ARM.attributes
                0x000001e3       0x34 ./Core/qpc/ports/arm-cm/qv/gnu/qv_port.o
 .ARM.attributes
                0x00000217       0x34 ./Core/qpc/src/qf/qep_hsm.o
 .ARM.attributes
                0x0000024b       0x34 ./Core/qpc/src/qf/qf_act.o
 .ARM.attributes
                0x0000027f       0x34 ./Core/qpc/src/qf/qf_actq.o
 .ARM.attributes
                0x000002b3       0x34 ./Core/qpc/src/qf/qf_dyn.o
 .ARM.attributes
                0x000002e7       0x34 ./Core/qpc/src/qf/qf_mem.o
 .ARM.attributes
                0x0000031b       0x34 ./Core/qpc/src/qf/qf_qact.o
 .ARM.attributes
                0x0000034f       0x34 ./Core/qpc/src/qf/qf_qeq.o
 .ARM.attributes
                0x00000383       0x34 ./Core/qpc/src/qf/qf_time.o
 .ARM.attributes
                0x000003b7       0x34 ./Core/qpc/src/qv/qv.o
 .ARM.attributes
                0x000003eb       0x34 ./Drivers/STM32F4xx_HAL_Driver/Src/stm32f4xx_hal.o
 .ARM.attributes
                0x0000041f       0x34 ./Drivers/STM32F4xx_HAL_Driver/Src/stm32f4xx_hal_cortex.o
 .ARM.attributes
                0x00000453       0x34 ./Drivers/STM32F4xx_HAL_Driver/Src/stm32f4xx_hal_gpio.o
 .ARM.attributes
                0x00000487       0x34 ./Drivers/STM32F4xx_HAL_Driver/Src/stm32f4xx_hal_rcc.o
 .ARM.attributes
                0x000004bb       0x34 C:/ST/STM32CubeIDE_1.19.0/STM32CubeIDE/plugins/com.st.stm32cube.ide.mcu.externaltools.gnu-tools-for-stm32.13.3.rel1.win32_1.0.0.202411081344/tools/bin/../lib/gcc/arm-none-eabi/13.3.1/../../../../arm-none-eabi/lib/thumb/v7e-m+fp/hard\libc_nano.a(libc_a-memset.o)
 .ARM.attributes
                0x000004ef       0x34 C:/ST/STM32CubeIDE_1.19.0/STM32CubeIDE/plugins/com.st.stm32cube.ide.mcu.externaltools.gnu-tools-for-stm32.13.3.rel1.win32_1.0.0.202411081344/tools/bin/../lib/gcc/arm-none-eabi/13.3.1/../../../../arm-none-eabi/lib/thumb/v7e-m+fp/hard\libc_nano.a(libc_a-init.o)
 .ARM.attributes
                0x00000523       0x22 C:/ST/STM32CubeIDE_1.19.0/STM32CubeIDE/plugins/com.st.stm32cube.ide.mcu.externaltools.gnu-tools-for-stm32.13.3.rel1.win32_1.0.0.202411081344/tools/bin/../lib/gcc/arm-none-eabi/13.3.1/thumb/v7e-m+fp/hard\libgcc.a(_aeabi_uldivmod.o)
 .ARM.attributes
                0x00000545       0x34 C:/ST/STM32CubeIDE_1.19.0/STM32CubeIDE/plugins/com.st.stm32cube.ide.mcu.externaltools.gnu-tools-for-stm32.13.3.rel1.win32_1.0.0.202411081344/tools/bin/../lib/gcc/arm-none-eabi/13.3.1/thumb/v7e-m+fp/hard\libgcc.a(_udivmoddi4.o)
 .ARM.attributes
                0x00000579       0x22 C:/ST/STM32CubeIDE_1.19.0/STM32CubeIDE/plugins/com.st.stm32cube.ide.mcu.externaltools.gnu-tools-for-stm32.13.3.rel1.win32_1.0.0.202411081344/tools/bin/../lib/gcc/arm-none-eabi/13.3.1/thumb/v7e-m+fp/hard\libgcc.a(_dvmd_tls.o)
 .ARM.attributes
                0x0000059b       0x22 C:/ST/STM32CubeIDE_1.19.0/STM32CubeIDE/plugins/com.st.stm32cube.ide.mcu.externaltools.gnu-tools-for-stm32.13.3.rel1.win32_1.0.0.202411081344/tools/bin/../lib/gcc/arm-none-eabi/13.3.1/thumb/v7e-m+fp/hard/crtn.o
OUTPUT(sigma.elf elf32-littlearm)
LOAD linker stubs
LOAD C:/ST/STM32CubeIDE_1.19.0/STM32CubeIDE/plugins/com.st.stm32cube.ide.mcu.externaltools.gnu-tools-for-stm32.13.3.rel1.win32_1.0.0.202411081344/tools/bin/../lib/gcc/arm-none-eabi/13.3.1/../../../../arm-none-eabi/lib/thumb/v7e-m+fp/hard\libc.a
LOAD C:/ST/STM32CubeIDE_1.19.0/STM32CubeIDE/plugins/com.st.stm32cube.ide.mcu.externaltools.gnu-tools-for-stm32.13.3.rel1.win32_1.0.0.202411081344/tools/bin/../lib/gcc/arm-none-eabi/13.3.1/../../../../arm-none-eabi/lib/thumb/v7e-m+fp/hard\libm.a
LOAD C:/ST/STM32CubeIDE_1.19.0/STM32CubeIDE/plugins/com.st.stm32cube.ide.mcu.externaltools.gnu-tools-for-stm32.13.3.rel1.win32_1.0.0.202411081344/tools/bin/../lib/gcc/arm-none-eabi/13.3.1/thumb/v7e-m+fp/hard\libgcc.a

.debug_info     0x00000000     0x9059
 .debug_info    0x00000000      0x82c ./Core/Src/blink.o
 .debug_info    0x0000082c      0x465 ./Core/Src/bsp.o
 .debug_info    0x00000c91      0x62a ./Core/Src/gpio.o
 .debug_info    0x000012bb      0xb9c ./Core/Src/main.o
 .debug_info    0x00001e57      0x269 ./Core/Src/stm32f4xx_hal_msp.o
 .debug_info    0x000020c0      0x18d ./Core/Src/stm32f4xx_it.o
 .debug_info    0x0000224d      0x512 ./Core/Src/system_stm32f4xx.o
 .debug_info    0x0000275f       0x30 ./Core/Startup/startup_stm32f407vetx.o
 .debug_info    0x0000278f      0x135 ./Core/qpc/ports/arm-cm/qv/gnu/qv_port.o
 .debug_info    0x000028c4      0x914 ./Core/qpc/src/qf/qep_hsm.o
 .debug_info    0x000031d8      0x2a9 ./Core/qpc/src/qf/qf_act.o
 .debug_info    0x00003481      0xb0f ./Core/qpc/src/qf/qf_actq.o
 .debug_info    0x00003f90      0x61c ./Core/qpc/src/qf/qf_dyn.o
 .debug_info    0x000045ac      0x3df ./Core/qpc/src/qf/qf_mem.o
 .debug_info    0x0000498b      0x981 ./Core/qpc/src/qf/qf_qact.o
 .debug_info    0x0000530c      0x4ff ./Core/qpc/src/qf/qf_qeq.o
 .debug_info    0x0000580b      0x9b3 ./Core/qpc/src/qf/qf_time.o
 .debug_info    0x000061be      0x845 ./Core/qpc/src/qv/qv.o
 .debug_info    0x00006a03      0x944 ./Drivers/STM32F4xx_HAL_Driver/Src/stm32f4xx_hal.o
 .debug_info    0x00007347      0xd8c ./Drivers/STM32F4xx_HAL_Driver/Src/stm32f4xx_hal_cortex.o
 .debug_info    0x000080d3      0x6c3 ./Drivers/STM32F4xx_HAL_Driver/Src/stm32f4xx_hal_gpio.o
 .debug_info    0x00008796      0x8c3 ./Drivers/STM32F4xx_HAL_Driver/Src/stm32f4xx_hal_rcc.o

.debug_abbrev   0x00000000     0x2c0d
 .debug_abbrev  0x00000000      0x282 ./Core/Src/blink.o
 .debug_abbrev  0x00000282      0x1a7 ./Core/Src/bsp.o
 .debug_abbrev  0x00000429      0x174 ./Core/Src/gpio.o
 .debug_abbrev  0x0000059d      0x2f4 ./Core/Src/main.o
 .debug_abbrev  0x00000891       0xd8 ./Core/Src/stm32f4xx_hal_msp.o
 .debug_abbrev  0x00000969       0xca ./Core/Src/stm32f4xx_it.o
 .debug_abbrev  0x00000a33      0x11a ./Core/Src/system_stm32f4xx.o
 .debug_abbrev  0x00000b4d       0x24 ./Core/Startup/startup_stm32f407vetx.o
 .debug_abbrev  0x00000b71       0x96 ./Core/qpc/ports/arm-cm/qv/gnu/qv_port.o
 .debug_abbrev  0x00000c07      0x29e ./Core/qpc/src/qf/qep_hsm.o
 .debug_abbrev  0x00000ea5      0x18b ./Core/qpc/src/qf/qf_act.o
 .debug_abbrev  0x00001030      0x364 ./Core/qpc/src/qf/qf_actq.o
 .debug_abbrev  0x00001394      0x252 ./Core/qpc/src/qf/qf_dyn.o
 .debug_abbrev  0x000015e6      0x18c ./Core/qpc/src/qf/qf_mem.o
 .debug_abbrev  0x00001772      0x2ce ./Core/qpc/src/qf/qf_qact.o
 .debug_abbrev  0x00001a40      0x1f7 ./Core/qpc/src/qf/qf_qeq.o
 .debug_abbrev  0x00001c37      0x33b ./Core/qpc/src/qf/qf_time.o
 .debug_abbrev  0x00001f72      0x2df ./Core/qpc/src/qv/qv.o
 .debug_abbrev  0x00002251      0x214 ./Drivers/STM32F4xx_HAL_Driver/Src/stm32f4xx_hal.o
 .debug_abbrev  0x00002465      0x31d ./Drivers/STM32F4xx_HAL_Driver/Src/stm32f4xx_hal_cortex.o
 .debug_abbrev  0x00002782      0x1d4 ./Drivers/STM32F4xx_HAL_Driver/Src/stm32f4xx_hal_gpio.o
 .debug_abbrev  0x00002956      0x2b7 ./Drivers/STM32F4xx_HAL_Driver/Src/stm32f4xx_hal_rcc.o

.debug_aranges  0x00000000      0x828
 .debug_aranges
                0x00000000       0x40 ./Core/Src/blink.o
 .debug_aranges
                0x00000040       0x48 ./Core/Src/bsp.o
 .debug_aranges
                0x00000088       0x20 ./Core/Src/gpio.o
 .debug_aranges
                0x000000a8       0x38 ./Core/Src/main.o
 .debug_aranges
                0x000000e0       0x20 ./Core/Src/stm32f4xx_hal_msp.o
 .debug_aranges
                0x00000100       0x68 ./Core/Src/stm32f4xx_it.o
 .debug_aranges
                0x00000168       0x28 ./Core/Src/system_stm32f4xx.o
 .debug_aranges
                0x00000190       0x28 ./Core/Startup/startup_stm32f407vetx.o
 .debug_aranges
                0x000001b8       0x40 ./Core/qpc/ports/arm-cm/qv/gnu/qv_port.o
 .debug_aranges
                0x000001f8       0x70 ./Core/qpc/src/qf/qep_hsm.o
 .debug_aranges
                0x00000268       0x38 ./Core/qpc/src/qf/qf_act.o
 .debug_aranges
                0x000002a0       0x70 ./Core/qpc/src/qf/qf_actq.o
 .debug_aranges
                0x00000310       0x60 ./Core/qpc/src/qf/qf_dyn.o
 .debug_aranges
                0x00000370       0x48 ./Core/qpc/src/qf/qf_mem.o
 .debug_aranges
                0x000003b8       0x68 ./Core/qpc/src/qf/qf_qact.o
 .debug_aranges
                0x00000420       0x58 ./Core/qpc/src/qf/qf_qeq.o
 .debug_aranges
                0x00000478       0x68 ./Core/qpc/src/qf/qf_time.o
 .debug_aranges
                0x000004e0       0x48 ./Core/qpc/src/qv/qv.o
 .debug_aranges
                0x00000528       0xf0 ./Drivers/STM32F4xx_HAL_Driver/Src/stm32f4xx_hal.o
 .debug_aranges
                0x00000618      0x130 ./Drivers/STM32F4xx_HAL_Driver/Src/stm32f4xx_hal_cortex.o
 .debug_aranges
                0x00000748       0x58 ./Drivers/STM32F4xx_HAL_Driver/Src/stm32f4xx_hal_gpio.o
 .debug_aranges
                0x000007a0       0x88 ./Drivers/STM32F4xx_HAL_Driver/Src/stm32f4xx_hal_rcc.o

.debug_rnglists
                0x00000000      0x5e5
 .debug_rnglists
                0x00000000       0x2c ./Core/Src/blink.o
 .debug_rnglists
                0x0000002c       0x31 ./Core/Src/bsp.o
 .debug_rnglists
                0x0000005d       0x14 ./Core/Src/gpio.o
 .debug_rnglists
                0x00000071       0x26 ./Core/Src/main.o
 .debug_rnglists
                0x00000097       0x13 ./Core/Src/stm32f4xx_hal_msp.o
 .debug_rnglists
                0x000000aa       0x49 ./Core/Src/stm32f4xx_it.o
 .debug_rnglists
                0x000000f3       0x1a ./Core/Src/system_stm32f4xx.o
 .debug_rnglists
                0x0000010d       0x19 ./Core/Startup/startup_stm32f407vetx.o
 .debug_rnglists
                0x00000126       0x2b ./Core/qpc/ports/arm-cm/qv/gnu/qv_port.o
 .debug_rnglists
                0x00000151       0x54 ./Core/qpc/src/qf/qep_hsm.o
 .debug_rnglists
                0x000001a5       0x25 ./Core/qpc/src/qf/qf_act.o
 .debug_rnglists
                0x000001ca       0x55 ./Core/qpc/src/qf/qf_actq.o
 .debug_rnglists
                0x0000021f       0x47 ./Core/qpc/src/qf/qf_dyn.o
 .debug_rnglists
                0x00000266       0x34 ./Core/qpc/src/qf/qf_mem.o
 .debug_rnglists
                0x0000029a       0x4a ./Core/qpc/src/qf/qf_qact.o
 .debug_rnglists
                0x000002e4       0x40 ./Core/qpc/src/qf/qf_qeq.o
 .debug_rnglists
                0x00000324       0x5b ./Core/qpc/src/qf/qf_time.o
 .debug_rnglists
                0x0000037f       0x32 ./Core/qpc/src/qv/qv.o
 .debug_rnglists
                0x000003b1       0xaf ./Drivers/STM32F4xx_HAL_Driver/Src/stm32f4xx_hal.o
 .debug_rnglists
                0x00000460       0xe0 ./Drivers/STM32F4xx_HAL_Driver/Src/stm32f4xx_hal_cortex.o
 .debug_rnglists
                0x00000540       0x3f ./Drivers/STM32F4xx_HAL_Driver/Src/stm32f4xx_hal_gpio.o
 .debug_rnglists
                0x0000057f       0x66 ./Drivers/STM32F4xx_HAL_Driver/Src/stm32f4xx_hal_rcc.o

.debug_macro    0x00000000    0x204bb
 .debug_macro   0x00000000      0x254 ./Core/Src/blink.o
 .debug_macro   0x00000254      0xad8 ./Core/Src/blink.o
 .debug_macro   0x00000d2c       0x22 ./Core/Src/blink.o
 .debug_macro   0x00000d4e       0x8e ./Core/Src/blink.o
 .debug_macro   0x00000ddc       0x51 ./Core/Src/blink.o
 .debug_macro   0x00000e2d      0x103 ./Core/Src/blink.o
 .debug_macro   0x00000f30       0x6a ./Core/Src/blink.o
 .debug_macro   0x00000f9a      0x1df ./Core/Src/blink.o
 .debug_macro   0x00001179       0x22 ./Core/Src/blink.o
 .debug_macro   0x0000119b      0x190 ./Core/Src/blink.o
 .debug_macro   0x0000132b       0x51 ./Core/Src/blink.o
 .debug_macro   0x0000137c       0x6d ./Core/Src/blink.o
 .debug_macro   0x000013e9       0x10 ./Core/Src/blink.o
 .debug_macro   0x000013f9      0x1a0 ./Core/Src/blink.o
 .debug_macro   0x00001599       0x8e ./Core/Src/blink.o
 .debug_macro   0x00001627      0x10c ./Core/Src/blink.o
 .debug_macro   0x00001733       0x70 ./Core/Src/blink.o
 .debug_macro   0x000017a3      0x28f ./Core/Src/blink.o
 .debug_macro   0x00001a32       0x2e ./Core/Src/blink.o
 .debug_macro   0x00001a60       0x2f ./Core/Src/blink.o
 .debug_macro   0x00001a8f       0x1c ./Core/Src/blink.o
 .debug_macro   0x00001aab       0x22 ./Core/Src/blink.o
 .debug_macro   0x00001acd       0xfb ./Core/Src/blink.o
 .debug_macro   0x00001bc8     0x1011 ./Core/Src/blink.o
 .debug_macro   0x00002bd9      0x11f ./Core/Src/blink.o
 .debug_macro   0x00002cf8    0x15ea5 ./Core/Src/blink.o
 .debug_macro   0x00018b9d       0x6d ./Core/Src/blink.o
 .debug_macro   0x00018c0a     0x3693 ./Core/Src/blink.o
 .debug_macro   0x0001c29d       0x5c ./Core/Src/blink.o
 .debug_macro   0x0001c2f9      0x980 ./Core/Src/blink.o
 .debug_macro   0x0001cc79      0x9e9 ./Core/Src/blink.o
 .debug_macro   0x0001d662      0x115 ./Core/Src/blink.o
 .debug_macro   0x0001d777      0x13e ./Core/Src/blink.o
 .debug_macro   0x0001d8b5       0xa5 ./Core/Src/blink.o
 .debug_macro   0x0001d95a      0x174 ./Core/Src/blink.o
 .debug_macro   0x0001dace      0x287 ./Core/Src/blink.o
 .debug_macro   0x0001dd55       0x5f ./Core/Src/blink.o
 .debug_macro   0x0001ddb4      0x236 ./Core/Src/blink.o
 .debug_macro   0x0001dfea      0x12c ./Core/Src/blink.o
 .debug_macro   0x0001e116      0x21e ./Core/Src/blink.o
 .debug_macro   0x0001e334       0x2e ./Core/Src/blink.o
 .debug_macro   0x0001e362      0x127 ./Core/Src/blink.o
 .debug_macro   0x0001e489       0x7e ./Core/Src/blink.o
 .debug_macro   0x0001e507       0x89 ./Core/Src/blink.o
 .debug_macro   0x0001e590      0x12d ./Core/Src/blink.o
 .debug_macro   0x0001e6bd      0x248 ./Core/Src/bsp.o
 .debug_macro   0x0001e905      0x1c4 ./Core/Src/gpio.o
 .debug_macro   0x0001eac9      0x255 ./Core/Src/main.o
 .debug_macro   0x0001ed1e       0x10 ./Core/Src/main.o
 .debug_macro   0x0001ed2e      0x1ba ./Core/Src/stm32f4xx_hal_msp.o
 .debug_macro   0x0001eee8      0x234 ./Core/Src/stm32f4xx_it.o
 .debug_macro   0x0001f11c      0x1b0 ./Core/Src/system_stm32f4xx.o
 .debug_macro   0x0001f2cc       0xe9 ./Core/qpc/ports/arm-cm/qv/gnu/qv_port.o
 .debug_macro   0x0001f3b5       0x58 ./Core/qpc/ports/arm-cm/qv/gnu/qv_port.o
 .debug_macro   0x0001f40d      0x106 ./Core/qpc/src/qf/qep_hsm.o
 .debug_macro   0x0001f513       0x28 ./Core/qpc/src/qf/qep_hsm.o
 .debug_macro   0x0001f53b      0x17e ./Core/qpc/src/qf/qep_hsm.o
 .debug_macro   0x0001f6b9       0xd7 ./Core/qpc/src/qf/qf_act.o
 .debug_macro   0x0001f790       0xd7 ./Core/qpc/src/qf/qf_actq.o
 .debug_macro   0x0001f867       0xd7 ./Core/qpc/src/qf/qf_dyn.o
 .debug_macro   0x0001f93e       0xd7 ./Core/qpc/src/qf/qf_mem.o
 .debug_macro   0x0001fa15       0xd7 ./Core/qpc/src/qf/qf_qact.o
 .debug_macro   0x0001faec       0xd7 ./Core/qpc/src/qf/qf_qeq.o
 .debug_macro   0x0001fbc3       0xd7 ./Core/qpc/src/qf/qf_time.o
 .debug_macro   0x0001fc9a       0xd7 ./Core/qpc/src/qv/qv.o
 .debug_macro   0x0001fd71      0x210 ./Drivers/STM32F4xx_HAL_Driver/Src/stm32f4xx_hal.o
 .debug_macro   0x0001ff81      0x1b0 ./Drivers/STM32F4xx_HAL_Driver/Src/stm32f4xx_hal_cortex.o
 .debug_macro   0x00020131      0x1b6 ./Drivers/STM32F4xx_HAL_Driver/Src/stm32f4xx_hal_gpio.o
 .debug_macro   0x000202e7      0x1d4 ./Drivers/STM32F4xx_HAL_Driver/Src/stm32f4xx_hal_rcc.o

.debug_line     0x00000000     0xaf69
 .debug_line    0x00000000      0x8f4 ./Core/Src/blink.o
 .debug_line    0x000008f4      0x8b4 ./Core/Src/bsp.o
 .debug_line    0x000011a8      0x717 ./Core/Src/gpio.o
 .debug_line    0x000018bf      0x8ae ./Core/Src/main.o
 .debug_line    0x0000216d      0x6fd ./Core/Src/stm32f4xx_hal_msp.o
 .debug_line    0x0000286a      0x8cb ./Core/Src/stm32f4xx_it.o
 .debug_line    0x00003135      0x773 ./Core/Src/system_stm32f4xx.o
 .debug_line    0x000038a8       0x7a ./Core/Startup/startup_stm32f407vetx.o
 .debug_line    0x00003922      0x544 ./Core/qpc/ports/arm-cm/qv/gnu/qv_port.o
 .debug_line    0x00003e66      0x8bb ./Core/qpc/src/qf/qep_hsm.o
 .debug_line    0x00004721      0x588 ./Core/qpc/src/qf/qf_act.o
 .debug_line    0x00004ca9      0x85d ./Core/qpc/src/qf/qf_actq.o
 .debug_line    0x00005506      0x793 ./Core/qpc/src/qf/qf_dyn.o
 .debug_line    0x00005c99      0x6ed ./Core/qpc/src/qf/qf_mem.o
 .debug_line    0x00006386      0x6f2 ./Core/qpc/src/qf/qf_qact.o
 .debug_line    0x00006a78      0x732 ./Core/qpc/src/qf/qf_qeq.o
 .debug_line    0x000071aa      0x7ba ./Core/qpc/src/qf/qf_time.o
 .debug_line    0x00007964      0x614 ./Core/qpc/src/qv/qv.o
 .debug_line    0x00007f78      0x9ef ./Drivers/STM32F4xx_HAL_Driver/Src/stm32f4xx_hal.o
 .debug_line    0x00008967      0xcbf ./Drivers/STM32F4xx_HAL_Driver/Src/stm32f4xx_hal_cortex.o
 .debug_line    0x00009626      0xb47 ./Drivers/STM32F4xx_HAL_Driver/Src/stm32f4xx_hal_gpio.o
 .debug_line    0x0000a16d      0xdfc ./Drivers/STM32F4xx_HAL_Driver/Src/stm32f4xx_hal_rcc.o

.debug_str      0x00000000    0xbf70f
 .debug_str     0x00000000    0xbf70f ./Core/Src/blink.o
                              0xbd281 (size before relaxing)
 .debug_str     0x000bf70f    0xbd0b0 ./Core/Src/bsp.o
 .debug_str     0x000bf70f    0xbb65d ./Core/Src/gpio.o
 .debug_str     0x000bf70f    0xbd530 ./Core/Src/main.o
 .debug_str     0x000bf70f    0xbb072 ./Core/Src/stm32f4xx_hal_msp.o
 .debug_str     0x000bf70f    0xbd021 ./Core/Src/stm32f4xx_it.o
 .debug_str     0x000bf70f    0xbb122 ./Core/Src/system_stm32f4xx.o
 .debug_str     0x000bf70f       0x7c ./Core/Startup/startup_stm32f407vetx.o
 .debug_str     0x000bf70f     0x5b36 ./Core/qpc/ports/arm-cm/qv/gnu/qv_port.o
 .debug_str     0x000bf70f     0x655a ./Core/qpc/src/qf/qep_hsm.o
 .debug_str     0x000bf70f     0x6288 ./Core/qpc/src/qf/qf_act.o
 .debug_str     0x000bf70f     0x6581 ./Core/qpc/src/qf/qf_actq.o
 .debug_str     0x000bf70f     0x63f4 ./Core/qpc/src/qf/qf_dyn.o
 .debug_str     0x000bf70f     0x6307 ./Core/qpc/src/qf/qf_mem.o
 .debug_str     0x000bf70f     0x6542 ./Core/qpc/src/qf/qf_qact.o
 .debug_str     0x000bf70f     0x6346 ./Core/qpc/src/qf/qf_qeq.o
 .debug_str     0x000bf70f     0x64f7 ./Core/qpc/src/qf/qf_time.o
 .debug_str     0x000bf70f     0x6534 ./Core/qpc/src/qv/qv.o
 .debug_str     0x000bf70f    0xbbca6 ./Drivers/STM32F4xx_HAL_Driver/Src/stm32f4xx_hal.o
 .debug_str     0x000bf70f    0xbba22 ./Drivers/STM32F4xx_HAL_Driver/Src/stm32f4xx_hal_cortex.o
 .debug_str     0x000bf70f    0xbb29d ./Drivers/STM32F4xx_HAL_Driver/Src/stm32f4xx_hal_gpio.o
 .debug_str     0x000bf70f    0xbb556 ./Drivers/STM32F4xx_HAL_Driver/Src/stm32f4xx_hal_rcc.o

.comment        0x00000000       0x43
 .comment       0x00000000       0x43 ./Core/Src/blink.o
                                 0x44 (size before relaxing)
 .comment       0x00000043       0x44 ./Core/Src/bsp.o
 .comment       0x00000043       0x44 ./Core/Src/gpio.o
 .comment       0x00000043       0x44 ./Core/Src/main.o
 .comment       0x00000043       0x44 ./Core/Src/stm32f4xx_hal_msp.o
 .comment       0x00000043       0x44 ./Core/Src/stm32f4xx_it.o
 .comment       0x00000043       0x44 ./Core/Src/system_stm32f4xx.o
 .comment       0x00000043       0x44 ./Core/qpc/ports/arm-cm/qv/gnu/qv_port.o
 .comment       0x00000043       0x44 ./Core/qpc/src/qf/qep_hsm.o
 .comment       0x00000043       0x44 ./Core/qpc/src/qf/qf_act.o
 .comment       0x00000043       0x44 ./Core/qpc/src/qf/qf_actq.o
 .comment       0x00000043       0x44 ./Core/qpc/src/qf/qf_dyn.o
 .comment       0x00000043       0x44 ./Core/qpc/src/qf/qf_mem.o
 .comment       0x00000043       0x44 ./Core/qpc/src/qf/qf_qact.o
 .comment       0x00000043       0x44 ./Core/qpc/src/qf/qf_qeq.o
 .comment       0x00000043       0x44 ./Core/qpc/src/qf/qf_time.o
 .comment       0x00000043       0x44 ./Core/qpc/src/qv/qv.o
 .comment       0x00000043       0x44 ./Drivers/STM32F4xx_HAL_Driver/Src/stm32f4xx_hal.o
 .comment       0x00000043       0x44 ./Drivers/STM32F4xx_HAL_Driver/Src/stm32f4xx_hal_cortex.o
 .comment       0x00000043       0x44 ./Drivers/STM32F4xx_HAL_Driver/Src/stm32f4xx_hal_gpio.o
 .comment       0x00000043       0x44 ./Drivers/STM32F4xx_HAL_Driver/Src/stm32f4xx_hal_rcc.o

.debug_frame    0x00000000     0x1c34
 .debug_frame   0x00000000       0xc8 ./Core/Src/blink.o
 .debug_frame   0x000000c8       0xc0 ./Core/Src/bsp.o
 .debug_frame   0x00000188       0x34 ./Core/Src/gpio.o
 .debug_frame   0x000001bc       0x94 ./Core/Src/main.o
 .debug_frame   0x00000250       0x38 ./Core/Src/stm32f4xx_hal_msp.o
 .debug_frame   0x00000288      0x120 ./Core/Src/stm32f4xx_it.o
 .debug_frame   0x000003a8       0x58 ./Core/Src/system_stm32f4xx.o
 .debug_frame   0x00000400       0x70 ./Core/qpc/ports/arm-cm/qv/gnu/qv_port.o
 .debug_frame   0x00000470      0x1ac ./Core/qpc/src/qf/qep_hsm.o
 .debug_frame   0x0000061c       0xac ./Core/qpc/src/qf/qf_act.o
 .debug_frame   0x000006c8      0x19c ./Core/qpc/src/qf/qf_actq.o
 .debug_frame   0x00000864      0x154 ./Core/qpc/src/qf/qf_dyn.o
 .debug_frame   0x000009b8       0xf4 ./Core/qpc/src/qf/qf_mem.o
 .debug_frame   0x00000aac      0x194 ./Core/qpc/src/qf/qf_qact.o
 .debug_frame   0x00000c40      0x140 ./Core/qpc/src/qf/qf_qeq.o
 .debug_frame   0x00000d80      0x180 ./Core/qpc/src/qf/qf_time.o
 .debug_frame   0x00000f00       0xcc ./Core/qpc/src/qv/qv.o
 .debug_frame   0x00000fcc      0x374 ./Drivers/STM32F4xx_HAL_Driver/Src/stm32f4xx_hal.o
 .debug_frame   0x00001340      0x508 ./Drivers/STM32F4xx_HAL_Driver/Src/stm32f4xx_hal_cortex.o
 .debug_frame   0x00001848      0x14c ./Drivers/STM32F4xx_HAL_Driver/Src/stm32f4xx_hal_gpio.o
 .debug_frame   0x00001994      0x1f4 ./Drivers/STM32F4xx_HAL_Driver/Src/stm32f4xx_hal_rcc.o
 .debug_frame   0x00001b88       0x20 C:/ST/STM32CubeIDE_1.19.0/STM32CubeIDE/plugins/com.st.stm32cube.ide.mcu.externaltools.gnu-tools-for-stm32.13.3.rel1.win32_1.0.0.202411081344/tools/bin/../lib/gcc/arm-none-eabi/13.3.1/../../../../arm-none-eabi/lib/thumb/v7e-m+fp/hard\libc_nano.a(libc_a-memset.o)
 .debug_frame   0x00001ba8       0x2c C:/ST/STM32CubeIDE_1.19.0/STM32CubeIDE/plugins/com.st.stm32cube.ide.mcu.externaltools.gnu-tools-for-stm32.13.3.rel1.win32_1.0.0.202411081344/tools/bin/../lib/gcc/arm-none-eabi/13.3.1/../../../../arm-none-eabi/lib/thumb/v7e-m+fp/hard\libc_nano.a(libc_a-init.o)
 .debug_frame   0x00001bd4       0x2c C:/ST/STM32CubeIDE_1.19.0/STM32CubeIDE/plugins/com.st.stm32cube.ide.mcu.externaltools.gnu-tools-for-stm32.13.3.rel1.win32_1.0.0.202411081344/tools/bin/../lib/gcc/arm-none-eabi/13.3.1/thumb/v7e-m+fp/hard\libgcc.a(_aeabi_uldivmod.o)
 .debug_frame   0x00001c00       0x34 C:/ST/STM32CubeIDE_1.19.0/STM32CubeIDE/plugins/com.st.stm32cube.ide.mcu.externaltools.gnu-tools-for-stm32.13.3.rel1.win32_1.0.0.202411081344/tools/bin/../lib/gcc/arm-none-eabi/13.3.1/thumb/v7e-m+fp/hard\libgcc.a(_udivmoddi4.o)

.debug_line_str
                0x00000000       0x60
 .debug_line_str
                0x00000000       0x60 ./Core/Startup/startup_stm32f407vetx.o
