../Drivers/CMSIS/Include/core_cm4.h:1814:22:__NVIC_SetPriority	16	static
../Drivers/CMSIS/Include/core_cm4.h:1938:34:__NVIC_SystemReset	4	static,ignoring_inline_asm
../Core/Src/bsp.c:51:6:BSP_Init	16	static
../Core/Src/bsp.c:99:6:BSP_Leave_Carrier	8	static
../Core/Src/bsp.c:105:6:BSP_PID_Update_landing	16	static
../Core/Src/bsp.c:113:6:BSP_PID_Update_hanging	16	static
../Core/Src/bsp.c:123:6:BSP_Open_Parachute	4	static
../Core/Src/bsp.c:130:6:BSP_Create_Packet	8	static
../Core/Src/bsp.c:152:6:BSP_Save_to_SD	8	static
../Core/Src/bsp.c:164:6:BSP_Send_Packet	8	static
../Core/Src/bsp.c:171:6:BSP_Buzzer	4	static
../Core/Src/bsp.c:178:18:BSP_ProcessCommand	8	static
../Core/Src/bsp.c:198:17:BSP_calculate_height	4	static
../Core/Src/bsp.c:230:6:Q_onError	16	static,ignoring_inline_asm
../Core/Src/bsp.c:238:6:QF_onStartup	8	static
../Core/Src/bsp.c:244:6:QV_onIdle	8	static
