../Drivers/CMSIS/Include/core_cm4.h:1814:22:__NVIC_SetPriority	16	static
../Drivers/CMSIS/Include/core_cm4.h:1938:34:__NVIC_SystemReset	4	static,ignoring_inline_asm
../Core/Src/bsp.c:42:6:BSP_Init	16	static
../Core/Src/bsp.c:83:6:BSP_Leave_Carrier	8	static
../Core/Src/bsp.c:89:6:BSP_PID_Update_landing	16	static
../Core/Src/bsp.c:97:6:BSP_PID_Update_hanging	16	static
../Core/Src/bsp.c:107:6:BSP_Open_Parachute	4	static
../Core/Src/bsp.c:114:6:BSP_Create_Packet	8	static
../Core/Src/bsp.c:136:6:BSP_Save_to_SD	4	static
../Core/Src/bsp.c:143:6:BSP_Send_Packet	8	static
../Core/Src/bsp.c:150:6:BSP_Buzzer	4	static
../Core/Src/bsp.c:157:18:BSP_ProcessCommand	8	static
../Core/Src/bsp.c:177:17:BSP_calculate_height	4	static
../Core/Src/bsp.c:209:6:Q_onError	16	static,ignoring_inline_asm
../Core/Src/bsp.c:217:6:QF_onStartup	8	static
../Core/Src/bsp.c:223:6:QV_onIdle	8	static
